<?xml version="1.0" encoding="ISO-8859-1" ?>
<link_info>
   <banner>TMS320C2000 Linker PC v20.2.1.LTS</banner>
   <copyright>Copyright (c) 1996-2018 Texas Instruments Incorporated</copyright>
   <link_time>0x5ff5f031</link_time>
   <link_errors>0x0</link_errors>
   <output_file>MPC_Module1.out</output_file>
   <entry_point>
      <name>_c_int00</name>
      <address>0x1b0b1</address>
   </entry_point>
   <input_file_list>
      <input_file id="fl-2">
         <path>.\</path>
         <kind>object</kind>
         <file>main.obj</file>
         <name>main.obj</name>
      </input_file>
      <input_file id="fl-3">
         <path>.\Libs\</path>
         <kind>object</kind>
         <file>MultipleFloatDataSender.obj</file>
         <name>MultipleFloatDataSender.obj</name>
      </input_file>
      <input_file id="fl-4">
         <path>.\sources\</path>
         <kind>object</kind>
         <file>F2837xD_Adc.obj</file>
         <name>F2837xD_Adc.obj</name>
      </input_file>
      <input_file id="fl-5">
         <path>.\sources\</path>
         <kind>object</kind>
         <file>F2837xD_CodeStartBranch.obj</file>
         <name>F2837xD_CodeStartBranch.obj</name>
      </input_file>
      <input_file id="fl-6">
         <path>.\sources\</path>
         <kind>object</kind>
         <file>F2837xD_CpuTimers.obj</file>
         <name>F2837xD_CpuTimers.obj</name>
      </input_file>
      <input_file id="fl-7">
         <path>.\sources\</path>
         <kind>object</kind>
         <file>F2837xD_DBGIER.obj</file>
         <name>F2837xD_DBGIER.obj</name>
      </input_file>
      <input_file id="fl-8">
         <path>.\sources\</path>
         <kind>object</kind>
         <file>F2837xD_DefaultISR.obj</file>
         <name>F2837xD_DefaultISR.obj</name>
      </input_file>
      <input_file id="fl-9">
         <path>.\sources\</path>
         <kind>object</kind>
         <file>F2837xD_Dma.obj</file>
         <name>F2837xD_Dma.obj</name>
      </input_file>
      <input_file id="fl-a">
         <path>.\sources\</path>
         <kind>object</kind>
         <file>F2837xD_ECap.obj</file>
         <name>F2837xD_ECap.obj</name>
      </input_file>
      <input_file id="fl-b">
         <path>.\sources\</path>
         <kind>object</kind>
         <file>F2837xD_EPwm.obj</file>
         <name>F2837xD_EPwm.obj</name>
      </input_file>
      <input_file id="fl-c">
         <path>.\sources\</path>
         <kind>object</kind>
         <file>F2837xD_EQep.obj</file>
         <name>F2837xD_EQep.obj</name>
      </input_file>
      <input_file id="fl-d">
         <path>.\sources\</path>
         <kind>object</kind>
         <file>F2837xD_Emif.obj</file>
         <name>F2837xD_Emif.obj</name>
      </input_file>
      <input_file id="fl-e">
         <path>.\sources\</path>
         <kind>object</kind>
         <file>F2837xD_GlobalVariableDefs.obj</file>
         <name>F2837xD_GlobalVariableDefs.obj</name>
      </input_file>
      <input_file id="fl-f">
         <path>.\sources\</path>
         <kind>object</kind>
         <file>F2837xD_Gpio.obj</file>
         <name>F2837xD_Gpio.obj</name>
      </input_file>
      <input_file id="fl-10">
         <path>.\sources\</path>
         <kind>object</kind>
         <file>F2837xD_I2C.obj</file>
         <name>F2837xD_I2C.obj</name>
      </input_file>
      <input_file id="fl-11">
         <path>.\sources\</path>
         <kind>object</kind>
         <file>F2837xD_Ipc.obj</file>
         <name>F2837xD_Ipc.obj</name>
      </input_file>
      <input_file id="fl-12">
         <path>.\sources\</path>
         <kind>object</kind>
         <file>F2837xD_Ipc_Driver.obj</file>
         <name>F2837xD_Ipc_Driver.obj</name>
      </input_file>
      <input_file id="fl-13">
         <path>.\sources\</path>
         <kind>object</kind>
         <file>F2837xD_Ipc_Driver_Lite.obj</file>
         <name>F2837xD_Ipc_Driver_Lite.obj</name>
      </input_file>
      <input_file id="fl-14">
         <path>.\sources\</path>
         <kind>object</kind>
         <file>F2837xD_Ipc_Driver_Util.obj</file>
         <name>F2837xD_Ipc_Driver_Util.obj</name>
      </input_file>
      <input_file id="fl-15">
         <path>.\sources\</path>
         <kind>object</kind>
         <file>F2837xD_Mcbsp.obj</file>
         <name>F2837xD_Mcbsp.obj</name>
      </input_file>
      <input_file id="fl-16">
         <path>.\sources\</path>
         <kind>object</kind>
         <file>F2837xD_PieCtrl.obj</file>
         <name>F2837xD_PieCtrl.obj</name>
      </input_file>
      <input_file id="fl-17">
         <path>.\sources\</path>
         <kind>object</kind>
         <file>F2837xD_PieVect.obj</file>
         <name>F2837xD_PieVect.obj</name>
      </input_file>
      <input_file id="fl-18">
         <path>.\sources\</path>
         <kind>object</kind>
         <file>F2837xD_Sci.obj</file>
         <name>F2837xD_Sci.obj</name>
      </input_file>
      <input_file id="fl-19">
         <path>.\sources\</path>
         <kind>object</kind>
         <file>F2837xD_Spi.obj</file>
         <name>F2837xD_Spi.obj</name>
      </input_file>
      <input_file id="fl-1a">
         <path>.\sources\</path>
         <kind>object</kind>
         <file>F2837xD_SysCtrl.obj</file>
         <name>F2837xD_SysCtrl.obj</name>
      </input_file>
      <input_file id="fl-1b">
         <path>.\sources\</path>
         <kind>object</kind>
         <file>F2837xD_TempSensorConv.obj</file>
         <name>F2837xD_TempSensorConv.obj</name>
      </input_file>
      <input_file id="fl-1c">
         <path>.\sources\</path>
         <kind>object</kind>
         <file>F2837xD_Upp.obj</file>
         <name>F2837xD_Upp.obj</name>
      </input_file>
      <input_file id="fl-1d">
         <path>.\sources\</path>
         <kind>object</kind>
         <file>F2837xD_can.obj</file>
         <name>F2837xD_can.obj</name>
      </input_file>
      <input_file id="fl-1e">
         <path>.\sources\</path>
         <kind>object</kind>
         <file>F2837xD_sci_io.obj</file>
         <name>F2837xD_sci_io.obj</name>
      </input_file>
      <input_file id="fl-1f">
         <path>.\sources\</path>
         <kind>object</kind>
         <file>F2837xD_sdfm_drivers.obj</file>
         <name>F2837xD_sdfm_drivers.obj</name>
      </input_file>
      <input_file id="fl-20">
         <path>.\sources\</path>
         <kind>object</kind>
         <file>F2837xD_struct.obj</file>
         <name>F2837xD_struct.obj</name>
      </input_file>
      <input_file id="fl-21">
         <path>.\sources\</path>
         <kind>object</kind>
         <file>F2837xD_usDelay.obj</file>
         <name>F2837xD_usDelay.obj</name>
      </input_file>
      <input_file id="fl-26">
         <kind>object</kind>
         <file>&lt;internal&gt;</file>
         <name>&lt;internal&gt;</name>
      </input_file>
      <input_file id="fl-32">
         <path>C:\ti\ccs1011\ccs\tools\compiler\ti-cgt-c2000_20.2.1.LTS\lib\</path>
         <kind>archive</kind>
         <file>rts2800_fpu32.lib</file>
         <name>e_fmodf.c.obj</name>
      </input_file>
      <input_file id="fl-33">
         <path>C:\ti\ccs1011\ccs\tools\compiler\ti-cgt-c2000_20.2.1.LTS\lib\</path>
         <kind>archive</kind>
         <file>rts2800_fpu32.lib</file>
         <name>e_powf.c.obj</name>
      </input_file>
      <input_file id="fl-34">
         <path>C:\ti\ccs1011\ccs\tools\compiler\ti-cgt-c2000_20.2.1.LTS\lib\</path>
         <kind>archive</kind>
         <file>rts2800_fpu32.lib</file>
         <name>e_sqrtf.c.obj</name>
      </input_file>
      <input_file id="fl-35">
         <path>C:\ti\ccs1011\ccs\tools\compiler\ti-cgt-c2000_20.2.1.LTS\lib\</path>
         <kind>archive</kind>
         <file>rts2800_fpu32.lib</file>
         <name>s_roundf.c.obj</name>
      </input_file>
      <input_file id="fl-36">
         <path>C:\ti\ccs1011\ccs\tools\compiler\ti-cgt-c2000_20.2.1.LTS\lib\</path>
         <kind>archive</kind>
         <file>rts2800_fpu32.lib</file>
         <name>s_scalbnf.c.obj</name>
      </input_file>
      <input_file id="fl-37">
         <path>C:\ti\ccs1011\ccs\tools\compiler\ti-cgt-c2000_20.2.1.LTS\lib\</path>
         <kind>archive</kind>
         <file>rts2800_fpu32.lib</file>
         <name>boot28.asm.obj</name>
      </input_file>
      <input_file id="fl-38">
         <path>C:\ti\ccs1011\ccs\tools\compiler\ti-cgt-c2000_20.2.1.LTS\lib\</path>
         <kind>archive</kind>
         <file>rts2800_fpu32.lib</file>
         <name>fs_div28.asm.obj</name>
      </input_file>
      <input_file id="fl-39">
         <path>C:\ti\ccs1011\ccs\tools\compiler\ti-cgt-c2000_20.2.1.LTS\lib\</path>
         <kind>archive</kind>
         <file>rts2800_fpu32.lib</file>
         <name>ll_aox28.asm.obj</name>
      </input_file>
      <input_file id="fl-3a">
         <path>C:\ti\ccs1011\ccs\tools\compiler\ti-cgt-c2000_20.2.1.LTS\lib\</path>
         <kind>archive</kind>
         <file>rts2800_fpu32.lib</file>
         <name>cpy_tbl.c.obj</name>
      </input_file>
      <input_file id="fl-3b">
         <path>C:\ti\ccs1011\ccs\tools\compiler\ti-cgt-c2000_20.2.1.LTS\lib\</path>
         <kind>archive</kind>
         <file>rts2800_fpu32.lib</file>
         <name>memcpy.c.obj</name>
      </input_file>
      <input_file id="fl-3c">
         <path>C:\ti\ccs1011\ccs\tools\compiler\ti-cgt-c2000_20.2.1.LTS\lib\</path>
         <kind>archive</kind>
         <file>rts2800_fpu32.lib</file>
         <name>pre_init.c.obj</name>
      </input_file>
      <input_file id="fl-3d">
         <path>C:\ti\ccs1011\ccs\tools\compiler\ti-cgt-c2000_20.2.1.LTS\lib\</path>
         <kind>archive</kind>
         <file>rts2800_fpu32.lib</file>
         <name>startup.c.obj</name>
      </input_file>
      <input_file id="fl-3e">
         <path>C:\ti\ccs1011\ccs\tools\compiler\ti-cgt-c2000_20.2.1.LTS\lib\</path>
         <kind>archive</kind>
         <file>rts2800_fpu32.lib</file>
         <name>exit.c.obj</name>
      </input_file>
      <input_file id="fl-3f">
         <path>C:\ti\ccs1011\ccs\tools\compiler\ti-cgt-c2000_20.2.1.LTS\lib\</path>
         <kind>archive</kind>
         <file>rts2800_fpu32.lib</file>
         <name>_lock.c.obj</name>
      </input_file>
      <input_file id="fl-40">
         <path>C:\ti\ccs1011\ccs\tools\compiler\ti-cgt-c2000_20.2.1.LTS\lib\</path>
         <kind>archive</kind>
         <file>rts2800_fpu32.lib</file>
         <name>args_main.c.obj</name>
      </input_file>
      <input_file id="fl-41">
         <path>C:\ti\ccs1011\ccs\tools\compiler\ti-cgt-c2000_20.2.1.LTS\lib\</path>
         <kind>archive</kind>
         <file>rts2800_fpu32.lib</file>
         <name>memset.c.obj</name>
      </input_file>
      <input_file id="fl-42">
         <path>C:\ti\ccs1011\ccs\tools\compiler\ti-cgt-c2000_20.2.1.LTS\lib\</path>
         <kind>archive</kind>
         <file>rts2800_fpu32.lib</file>
         <name>errno.c.obj</name>
      </input_file>
      <input_file id="fl-43">
         <path>C:\ti\ccs1011\ccs\tools\compiler\ti-cgt-c2000_20.2.1.LTS\lib\</path>
         <kind>archive</kind>
         <file>rts2800_fpu32.lib</file>
         <name>s_copysignf.c.obj</name>
      </input_file>
      <input_file id="fl-44">
         <path>C:\ti\ccs1011\ccs\tools\compiler\ti-cgt-c2000_20.2.1.LTS\lib\</path>
         <kind>archive</kind>
         <file>rts2800_fpu32.lib</file>
         <name>s_floorf.c.obj</name>
      </input_file>
   </input_file_list>
   <object_component_list>
      <object_component id="oc-9e">
         <name>codestart</name>
         <load_address>0x0</load_address>
         <run_address>0x0</run_address>
         <size>0x2</size>
         <input_file_ref idref="fl-5"/>
      </object_component>
      <object_component id="oc-208">
         <name>.text</name>
         <load_address>0x8000</load_address>
         <run_address>0x8000</run_address>
         <size>0x12b7</size>
         <input_file_ref idref="fl-2"/>
      </object_component>
      <object_component id="oc-af">
         <name>.text:retain</name>
         <load_address>0x92b7</load_address>
         <run_address>0x92b7</run_address>
         <size>0x585</size>
         <input_file_ref idref="fl-8"/>
      </object_component>
      <object_component id="oc-8c">
         <name>.text:retain</name>
         <load_address>0x983c</load_address>
         <run_address>0x983c</run_address>
         <size>0x41d</size>
         <input_file_ref idref="fl-2"/>
      </object_component>
      <object_component id="oc-219">
         <name>.text</name>
         <load_address>0x9c59</load_address>
         <run_address>0x9c59</run_address>
         <size>0x382</size>
         <input_file_ref idref="fl-1a"/>
      </object_component>
      <object_component id="oc-21e">
         <name>.text</name>
         <load_address>0x9fdb</load_address>
         <run_address>0x9fdb</run_address>
         <size>0x369</size>
         <input_file_ref idref="fl-33"/>
      </object_component>
      <object_component id="oc-218">
         <name>.text</name>
         <load_address>0xa344</load_address>
         <run_address>0xa344</run_address>
         <size>0x218</size>
         <input_file_ref idref="fl-f"/>
      </object_component>
      <object_component id="oc-21d">
         <name>.text</name>
         <load_address>0xa55c</load_address>
         <run_address>0xa55c</run_address>
         <size>0xcf</size>
         <input_file_ref idref="fl-32"/>
      </object_component>
      <object_component id="oc-20a">
         <name>.text</name>
         <load_address>0xa62b</load_address>
         <run_address>0xa62b</run_address>
         <size>0xc8</size>
         <input_file_ref idref="fl-3"/>
      </object_component>
      <object_component id="oc-1c0">
         <name>.text</name>
         <load_address>0xa6f3</load_address>
         <run_address>0xa6f3</run_address>
         <size>0x88</size>
         <input_file_ref idref="fl-38"/>
      </object_component>
      <object_component id="oc-21c">
         <name>.text</name>
         <load_address>0xa77b</load_address>
         <run_address>0xa77b</run_address>
         <size>0x5e</size>
         <input_file_ref idref="fl-6"/>
      </object_component>
      <object_component id="oc-204">
         <name>.text</name>
         <load_address>0xa7d9</load_address>
         <run_address>0xa7d9</run_address>
         <size>0x24</size>
         <input_file_ref idref="fl-3a"/>
      </object_component>
      <object_component id="oc-a9">
         <name>.text</name>
         <load_address>0xa7fd</load_address>
         <run_address>0xa7fd</run_address>
         <size>0x3</size>
         <input_file_ref idref="fl-7"/>
      </object_component>
      <object_component id="oc-22b">
         <name>.text</name>
         <load_address>0x1b000</load_address>
         <run_address>0x1b000</run_address>
         <size>0x59</size>
         <input_file_ref idref="fl-44"/>
      </object_component>
      <object_component id="oc-22a">
         <name>.text</name>
         <load_address>0x1b059</load_address>
         <run_address>0x1b059</run_address>
         <size>0x58</size>
         <input_file_ref idref="fl-36"/>
      </object_component>
      <object_component id="oc-88">
         <name>.text</name>
         <load_address>0x1b0b1</load_address>
         <run_address>0x1b0b1</run_address>
         <size>0x56</size>
         <input_file_ref idref="fl-37"/>
      </object_component>
      <object_component id="oc-221">
         <name>.text</name>
         <load_address>0x1b107</load_address>
         <run_address>0x1b107</run_address>
         <size>0x39</size>
         <input_file_ref idref="fl-35"/>
      </object_component>
      <object_component id="oc-207">
         <name>.text</name>
         <load_address>0x1b140</load_address>
         <run_address>0x1b140</run_address>
         <size>0x29</size>
         <input_file_ref idref="fl-3e"/>
      </object_component>
      <object_component id="oc-21a">
         <name>.text</name>
         <load_address>0x1b169</load_address>
         <run_address>0x1b169</run_address>
         <size>0x28</size>
         <input_file_ref idref="fl-16"/>
      </object_component>
      <object_component id="oc-205">
         <name>.text</name>
         <load_address>0x1b191</load_address>
         <run_address>0x1b191</run_address>
         <size>0x1</size>
         <input_file_ref idref="fl-3d"/>
      </object_component>
      <object_component id="oc-226">
         <name>.text</name>
         <load_address>0x1b192</load_address>
         <run_address>0x1b192</run_address>
         <size>0x27</size>
         <input_file_ref idref="fl-34"/>
      </object_component>
      <object_component id="oc-215">
         <name>.text</name>
         <load_address>0x1b1b9</load_address>
         <run_address>0x1b1b9</run_address>
         <size>0x1d</size>
         <input_file_ref idref="fl-3b"/>
      </object_component>
      <object_component id="oc-1c5">
         <name>.text</name>
         <load_address>0x1b1d6</load_address>
         <run_address>0x1b1d6</run_address>
         <size>0x18</size>
         <input_file_ref idref="fl-39"/>
      </object_component>
      <object_component id="oc-206">
         <name>.text</name>
         <load_address>0x1b1ee</load_address>
         <run_address>0x1b1ee</run_address>
         <size>0x12</size>
         <input_file_ref idref="fl-40"/>
      </object_component>
      <object_component id="oc-21b">
         <name>.text</name>
         <load_address>0x1b200</load_address>
         <run_address>0x1b200</run_address>
         <size>0x11</size>
         <input_file_ref idref="fl-17"/>
      </object_component>
      <object_component id="oc-22d">
         <name>.text</name>
         <load_address>0x1b211</load_address>
         <run_address>0x1b211</run_address>
         <size>0x11</size>
         <input_file_ref idref="fl-43"/>
      </object_component>
      <object_component id="oc-222">
         <name>.text</name>
         <load_address>0x1b222</load_address>
         <run_address>0x1b222</run_address>
         <size>0x9</size>
         <input_file_ref idref="fl-3f"/>
      </object_component>
      <object_component id="oc-203">
         <name>.text</name>
         <load_address>0x1b22b</load_address>
         <run_address>0x1b22b</run_address>
         <size>0x2</size>
         <input_file_ref idref="fl-3c"/>
      </object_component>
      <object_component id="oc-8a">
         <name>.cinit</name>
         <load_address>0x122</load_address>
         <run_address>0x122</run_address>
         <size>0x9f</size>
         <input_file_ref idref="fl-2"/>
      </object_component>
      <object_component id="oc-ff">
         <name>.cinit:_TRIP_SEL</name>
         <load_address>0x1c1</load_address>
         <run_address>0x1c1</run_address>
         <size>0x21</size>
         <input_file_ref idref="fl-20"/>
      </object_component>
      <object_component id="oc-129">
         <name>.cinit:_EPWM</name>
         <load_address>0x1e2</load_address>
         <run_address>0x1e2</run_address>
         <size>0x1d</size>
         <input_file_ref idref="fl-20"/>
      </object_component>
      <object_component id="oc-f8">
         <name>.cinit:_ECAP</name>
         <load_address>0x1ff</load_address>
         <run_address>0x1ff</run_address>
         <size>0x11</size>
         <input_file_ref idref="fl-20"/>
      </object_component>
      <object_component id="oc-92">
         <name>.cinit</name>
         <load_address>0x210</load_address>
         <run_address>0x210</run_address>
         <size>0x10</size>
         <input_file_ref idref="fl-3"/>
      </object_component>
      <object_component id="oc-1df">
         <name>.cinit</name>
         <load_address>0x220</load_address>
         <run_address>0x220</run_address>
         <size>0xe</size>
         <input_file_ref idref="fl-3e"/>
      </object_component>
      <object_component id="oc-11e">
         <name>.cinit:_ADC</name>
         <load_address>0x22e</load_address>
         <run_address>0x22e</run_address>
         <size>0xd</size>
         <input_file_ref idref="fl-20"/>
      </object_component>
      <object_component id="oc-104">
         <name>.cinit:_EQEP</name>
         <load_address>0x23b</load_address>
         <run_address>0x23b</run_address>
         <size>0xb</size>
         <input_file_ref idref="fl-20"/>
      </object_component>
      <object_component id="oc-e4">
         <name>.cinit:_SPI</name>
         <load_address>0x246</load_address>
         <run_address>0x246</run_address>
         <size>0xb</size>
         <input_file_ref idref="fl-20"/>
      </object_component>
      <object_component id="oc-124">
         <name>.cinit:_SDFM</name>
         <load_address>0x251</load_address>
         <run_address>0x251</run_address>
         <size>0x9</size>
         <input_file_ref idref="fl-20"/>
      </object_component>
      <object_component id="oc-108">
         <name>.cinit:_I2C</name>
         <load_address>0x25a</load_address>
         <run_address>0x25a</run_address>
         <size>0x7</size>
         <input_file_ref idref="fl-20"/>
      </object_component>
      <object_component id="oc-10e">
         <name>.cinit:_MCBSP</name>
         <load_address>0x261</load_address>
         <run_address>0x261</run_address>
         <size>0x7</size>
         <input_file_ref idref="fl-20"/>
      </object_component>
      <object_component id="oc-df">
         <name>.cinit:_SCI</name>
         <load_address>0x268</load_address>
         <run_address>0x268</run_address>
         <size>0x7</size>
         <input_file_ref idref="fl-20"/>
      </object_component>
      <object_component id="oc-217">
         <name>.cinit:__lock</name>
         <load_address>0x26f</load_address>
         <run_address>0x26f</run_address>
         <size>0x5</size>
         <input_file_ref idref="fl-3f"/>
      </object_component>
      <object_component id="oc-223">
         <name>.cinit:__unlock</name>
         <load_address>0x274</load_address>
         <run_address>0x274</run_address>
         <size>0x5</size>
         <input_file_ref idref="fl-3f"/>
      </object_component>
      <object_component id="oc-18c">
         <name>.cinit</name>
         <load_address>0x279</load_address>
         <run_address>0x279</run_address>
         <size>0x4</size>
         <input_file_ref idref="fl-1e"/>
      </object_component>
      <object_component id="oc-1f5">
         <name>.cinit</name>
         <load_address>0x27d</load_address>
         <run_address>0x27d</run_address>
         <size>0x4</size>
         <input_file_ref idref="fl-42"/>
      </object_component>
      <object_component id="oc-1bb">
         <name>.reset</name>
         <load_address>0x3fffc0</load_address>
         <run_address>0x3fffc0</run_address>
         <size>0x2</size>
         <input_file_ref idref="fl-37"/>
      </object_component>
      <object_component id="oc-1ba">
         <name>.stack</name>
         <uninitialized>true</uninitialized>
         <run_address>0x400</run_address>
         <size>0x0</size>
         <input_file_ref idref="fl-37"/>
      </object_component>
      <object_component id="oc-2bb">
         <name>.stack</name>
         <uninitialized>true</uninitialized>
         <run_address>0x400</run_address>
         <size>0x0</size>
      </object_component>
      <object_component id="oc-8b">
         <name>.ebss</name>
         <uninitialized>true</uninitialized>
         <run_address>0xc000</run_address>
         <size>0x466</size>
         <input_file_ref idref="fl-2"/>
      </object_component>
      <object_component id="oc-209">
         <name>.ebss:_DataToBeSent</name>
         <uninitialized>true</uninitialized>
         <run_address>0xc5e6</run_address>
         <size>0xc</size>
         <input_file_ref idref="fl-2"/>
      </object_component>
      <object_component id="oc-93">
         <name>.ebss</name>
         <uninitialized>true</uninitialized>
         <run_address>0xc5fc</run_address>
         <size>0x4</size>
         <input_file_ref idref="fl-3"/>
      </object_component>
      <object_component id="oc-220">
         <name>.ebss:_cSendMultipleFloatArray</name>
         <uninitialized>true</uninitialized>
         <run_address>0xc59e</run_address>
         <size>0x1c</size>
         <input_file_ref idref="fl-3"/>
      </object_component>
      <object_component id="oc-21f">
         <name>.ebss:_cSciaLibDataBuffer</name>
         <uninitialized>true</uninitialized>
         <run_address>0xc480</run_address>
         <size>0x100</size>
         <input_file_ref idref="fl-3"/>
      </object_component>
      <object_component id="oc-a4">
         <name>.ebss</name>
         <uninitialized>true</uninitialized>
         <run_address>0xc5c0</run_address>
         <size>0x18</size>
         <input_file_ref idref="fl-6"/>
      </object_component>
      <object_component id="oc-17c">
         <name>.ebss</name>
         <uninitialized>true</uninitialized>
         <run_address>0xc5ba</run_address>
         <size>0x6</size>
         <input_file_ref idref="fl-1b"/>
      </object_component>
      <object_component id="oc-18d">
         <name>.ebss</name>
         <uninitialized>true</uninitialized>
         <run_address>0xc62c</run_address>
         <size>0x1</size>
         <input_file_ref idref="fl-1e"/>
      </object_component>
      <object_component id="oc-210">
         <name>.ebss:_I2C</name>
         <uninitialized>true</uninitialized>
         <run_address>0xc61c</run_address>
         <size>0x4</size>
         <input_file_ref idref="fl-20"/>
      </object_component>
      <object_component id="oc-211">
         <name>.ebss:_MCBSP</name>
         <uninitialized>true</uninitialized>
         <run_address>0xc620</run_address>
         <size>0x4</size>
         <input_file_ref idref="fl-20"/>
      </object_component>
      <object_component id="oc-20b">
         <name>.ebss:_SCI</name>
         <uninitialized>true</uninitialized>
         <run_address>0xc624</run_address>
         <size>0x4</size>
         <input_file_ref idref="fl-20"/>
      </object_component>
      <object_component id="oc-213">
         <name>.ebss:_SDFM</name>
         <uninitialized>true</uninitialized>
         <run_address>0xc610</run_address>
         <size>0x6</size>
         <input_file_ref idref="fl-20"/>
      </object_component>
      <object_component id="oc-20f">
         <name>.ebss:_EQEP</name>
         <uninitialized>true</uninitialized>
         <run_address>0xc600</run_address>
         <size>0x8</size>
         <input_file_ref idref="fl-20"/>
      </object_component>
      <object_component id="oc-20c">
         <name>.ebss:_SPI</name>
         <uninitialized>true</uninitialized>
         <run_address>0xc608</run_address>
         <size>0x8</size>
         <input_file_ref idref="fl-20"/>
      </object_component>
      <object_component id="oc-212">
         <name>.ebss:_ADC</name>
         <uninitialized>true</uninitialized>
         <run_address>0xc5f2</run_address>
         <size>0xa</size>
         <input_file_ref idref="fl-20"/>
      </object_component>
      <object_component id="oc-20d">
         <name>.ebss:_ECAP</name>
         <uninitialized>true</uninitialized>
         <run_address>0xc5d8</run_address>
         <size>0xe</size>
         <input_file_ref idref="fl-20"/>
      </object_component>
      <object_component id="oc-214">
         <name>.ebss:_EPWM</name>
         <uninitialized>true</uninitialized>
         <run_address>0xc466</run_address>
         <size>0x1a</size>
         <input_file_ref idref="fl-20"/>
      </object_component>
      <object_component id="oc-20e">
         <name>.ebss:_TRIP_SEL</name>
         <uninitialized>true</uninitialized>
         <run_address>0xc580</run_address>
         <size>0x1e</size>
         <input_file_ref idref="fl-20"/>
      </object_component>
      <object_component id="oc-1e0">
         <name>.ebss</name>
         <uninitialized>true</uninitialized>
         <run_address>0xc616</run_address>
         <size>0x6</size>
         <input_file_ref idref="fl-3e"/>
      </object_component>
      <object_component id="oc-216">
         <name>.ebss:__lock</name>
         <uninitialized>true</uninitialized>
         <run_address>0xc628</run_address>
         <size>0x2</size>
         <input_file_ref idref="fl-3f"/>
      </object_component>
      <object_component id="oc-22c">
         <name>.ebss:__unlock</name>
         <uninitialized>true</uninitialized>
         <run_address>0xc62a</run_address>
         <size>0x2</size>
         <input_file_ref idref="fl-3f"/>
      </object_component>
      <object_component id="oc-1f6">
         <name>.ebss</name>
         <uninitialized>true</uninitialized>
         <run_address>0xc62d</run_address>
         <size>0x1</size>
         <input_file_ref idref="fl-42"/>
      </object_component>
      <object_component id="oc-224">
         <name>.econst:_PieVectTableInit</name>
         <load_address>0xa800</load_address>
         <run_address>0xa800</run_address>
         <size>0x1c0</size>
         <input_file_ref idref="fl-17"/>
      </object_component>
      <object_component id="oc-1a5">
         <name>.econst</name>
         <load_address>0xa9c0</load_address>
         <run_address>0xa9c0</run_address>
         <size>0x32</size>
         <input_file_ref idref="fl-33"/>
      </object_component>
      <object_component id="oc-1b5">
         <name>.econst</name>
         <load_address>0xa9f2</load_address>
         <run_address>0xa9f2</run_address>
         <size>0x6</size>
         <input_file_ref idref="fl-36"/>
      </object_component>
      <object_component id="oc-94">
         <name>.econst:.string</name>
         <load_address>0xa9f8</load_address>
         <run_address>0xa9f8</run_address>
         <size>0x5</size>
         <input_file_ref idref="fl-3"/>
      </object_component>
      <object_component id="oc-225">
         <name>.econst:_Zero</name>
         <load_address>0xa9fe</load_address>
         <run_address>0xa9fe</run_address>
         <size>0x4</size>
         <input_file_ref idref="fl-32"/>
      </object_component>
      <object_component id="oc-227">
         <name>.econst:_bp</name>
         <load_address>0xaa02</load_address>
         <run_address>0xaa02</run_address>
         <size>0x4</size>
         <input_file_ref idref="fl-33"/>
      </object_component>
      <object_component id="oc-229">
         <name>.econst:_dp_h</name>
         <load_address>0xaa06</load_address>
         <run_address>0xaa06</run_address>
         <size>0x4</size>
         <input_file_ref idref="fl-33"/>
      </object_component>
      <object_component id="oc-228">
         <name>.econst:_dp_l</name>
         <load_address>0xaa0a</load_address>
         <run_address>0xaa0a</run_address>
         <size>0x4</size>
         <input_file_ref idref="fl-33"/>
      </object_component>
      <object_component id="oc-19f">
         <name>.econst</name>
         <load_address>0xaa0e</load_address>
         <run_address>0xaa0e</run_address>
         <size>0x2</size>
         <input_file_ref idref="fl-32"/>
      </object_component>
      <object_component id="oc-1fe">
         <name>.econst</name>
         <load_address>0xaa10</load_address>
         <run_address>0xaa10</run_address>
         <size>0x2</size>
         <input_file_ref idref="fl-44"/>
      </object_component>
      <object_component id="oc-199">
         <name>.TI.ramfunc</name>
         <load_address>0x283</load_address>
         <run_address>0x283</run_address>
         <size>0x4</size>
         <input_file_ref idref="fl-21"/>
      </object_component>
      <object_component id="oc-150">
         <name>PUTBUFFER</name>
         <uninitialized>true</uninitialized>
         <run_address>0x3fc00</run_address>
         <size>0x80</size>
         <input_file_ref idref="fl-12"/>
      </object_component>
      <object_component id="oc-14c">
         <name>PUTWRITEIDX</name>
         <uninitialized>true</uninitialized>
         <run_address>0x3fc80</run_address>
         <size>0x4</size>
         <input_file_ref idref="fl-12"/>
      </object_component>
      <object_component id="oc-14f">
         <name>GETREADIDX</name>
         <uninitialized>true</uninitialized>
         <run_address>0x3fc84</run_address>
         <size>0x4</size>
         <input_file_ref idref="fl-12"/>
      </object_component>
      <object_component id="oc-151">
         <name>GETBUFFER</name>
         <uninitialized>true</uninitialized>
         <run_address>0x3f800</run_address>
         <size>0x80</size>
         <input_file_ref idref="fl-12"/>
      </object_component>
      <object_component id="oc-14e">
         <name>GETWRITEIDX</name>
         <uninitialized>true</uninitialized>
         <run_address>0x3f880</run_address>
         <size>0x4</size>
         <input_file_ref idref="fl-12"/>
      </object_component>
      <object_component id="oc-14d">
         <name>PUTREADIDX</name>
         <uninitialized>true</uninitialized>
         <run_address>0x3f884</run_address>
         <size>0x4</size>
         <input_file_ref idref="fl-12"/>
      </object_component>
      <object_component id="oc-13a">
         <name>PieVectTableFile</name>
         <uninitialized>true</uninitialized>
         <run_address>0xd00</run_address>
         <size>0x1c0</size>
         <input_file_ref idref="fl-e"/>
      </object_component>
      <object_component id="oc-ce">
         <name>EmuKeyVar</name>
         <uninitialized>true</uninitialized>
         <run_address>0xd00</run_address>
         <size>0x1</size>
         <input_file_ref idref="fl-e"/>
      </object_component>
      <object_component id="oc-cf">
         <name>EmuBModeVar</name>
         <uninitialized>true</uninitialized>
         <run_address>0xd01</run_address>
         <size>0x1</size>
         <input_file_ref idref="fl-e"/>
      </object_component>
      <object_component id="oc-e7">
         <name>AdcaResultFile</name>
         <uninitialized>true</uninitialized>
         <run_address>0xb00</run_address>
         <size>0x18</size>
         <input_file_ref idref="fl-e"/>
      </object_component>
      <object_component id="oc-e8">
         <name>AdcbResultFile</name>
         <uninitialized>true</uninitialized>
         <run_address>0xb20</run_address>
         <size>0x18</size>
         <input_file_ref idref="fl-e"/>
      </object_component>
      <object_component id="oc-e9">
         <name>AdccResultFile</name>
         <uninitialized>true</uninitialized>
         <run_address>0xb40</run_address>
         <size>0x18</size>
         <input_file_ref idref="fl-e"/>
      </object_component>
      <object_component id="oc-ea">
         <name>AdcdResultFile</name>
         <uninitialized>true</uninitialized>
         <run_address>0xb60</run_address>
         <size>0x18</size>
         <input_file_ref idref="fl-e"/>
      </object_component>
      <object_component id="oc-11d">
         <name>AdcaRegsFile</name>
         <uninitialized>true</uninitialized>
         <run_address>0x7400</run_address>
         <size>0x80</size>
         <input_file_ref idref="fl-e"/>
      </object_component>
      <object_component id="oc-11f">
         <name>AdcbRegsFile</name>
         <uninitialized>true</uninitialized>
         <run_address>0x7480</run_address>
         <size>0x80</size>
         <input_file_ref idref="fl-e"/>
      </object_component>
      <object_component id="oc-120">
         <name>AdccRegsFile</name>
         <uninitialized>true</uninitialized>
         <run_address>0x7500</run_address>
         <size>0x80</size>
         <input_file_ref idref="fl-e"/>
      </object_component>
      <object_component id="oc-121">
         <name>AdcdRegsFile</name>
         <uninitialized>true</uninitialized>
         <run_address>0x7580</run_address>
         <size>0x80</size>
         <input_file_ref idref="fl-e"/>
      </object_component>
      <object_component id="oc-119">
         <name>AnalogSubsysRegsFile</name>
         <uninitialized>true</uninitialized>
         <run_address>0x5d180</run_address>
         <size>0x48</size>
         <input_file_ref idref="fl-e"/>
      </object_component>
      <object_component id="oc-136">
         <name>CanaRegsFile</name>
         <uninitialized>true</uninitialized>
         <run_address>0x48000</run_address>
         <size>0x164</size>
         <input_file_ref idref="fl-e"/>
      </object_component>
      <object_component id="oc-137">
         <name>CanbRegsFile</name>
         <uninitialized>true</uninitialized>
         <run_address>0x4a000</run_address>
         <size>0x164</size>
         <input_file_ref idref="fl-e"/>
      </object_component>
      <object_component id="oc-114">
         <name>Cla1RegsFile</name>
         <uninitialized>true</uninitialized>
         <run_address>0x1400</run_address>
         <size>0x3e</size>
         <input_file_ref idref="fl-e"/>
      </object_component>
      <object_component id="oc-d3">
         <name>Cla1SoftIntRegsFile</name>
         <uninitialized>true</uninitialized>
         <run_address>0xce0</run_address>
         <size>0x4</size>
         <input_file_ref idref="fl-e"/>
      </object_component>
      <object_component id="oc-ed">
         <name>Cmpss1RegsFile</name>
         <uninitialized>true</uninitialized>
         <run_address>0x5c80</run_address>
         <size>0x20</size>
         <input_file_ref idref="fl-e"/>
      </object_component>
      <object_component id="oc-ee">
         <name>Cmpss2RegsFile</name>
         <uninitialized>true</uninitialized>
         <run_address>0x5ca0</run_address>
         <size>0x20</size>
         <input_file_ref idref="fl-e"/>
      </object_component>
      <object_component id="oc-ef">
         <name>Cmpss3RegsFile</name>
         <uninitialized>true</uninitialized>
         <run_address>0x5cc0</run_address>
         <size>0x20</size>
         <input_file_ref idref="fl-e"/>
      </object_component>
      <object_component id="oc-f0">
         <name>Cmpss4RegsFile</name>
         <uninitialized>true</uninitialized>
         <run_address>0x5ce0</run_address>
         <size>0x20</size>
         <input_file_ref idref="fl-e"/>
      </object_component>
      <object_component id="oc-f1">
         <name>Cmpss5RegsFile</name>
         <uninitialized>true</uninitialized>
         <run_address>0x5d00</run_address>
         <size>0x20</size>
         <input_file_ref idref="fl-e"/>
      </object_component>
      <object_component id="oc-f2">
         <name>Cmpss6RegsFile</name>
         <uninitialized>true</uninitialized>
         <run_address>0x5d20</run_address>
         <size>0x20</size>
         <input_file_ref idref="fl-e"/>
      </object_component>
      <object_component id="oc-f3">
         <name>Cmpss7RegsFile</name>
         <uninitialized>true</uninitialized>
         <run_address>0x5d40</run_address>
         <size>0x20</size>
         <input_file_ref idref="fl-e"/>
      </object_component>
      <object_component id="oc-f4">
         <name>Cmpss8RegsFile</name>
         <uninitialized>true</uninitialized>
         <run_address>0x5d60</run_address>
         <size>0x20</size>
         <input_file_ref idref="fl-e"/>
      </object_component>
      <object_component id="oc-d9">
         <name>CpuTimer0RegsFile</name>
         <uninitialized>true</uninitialized>
         <run_address>0xc00</run_address>
         <size>0x8</size>
         <input_file_ref idref="fl-e"/>
      </object_component>
      <object_component id="oc-da">
         <name>CpuTimer1RegsFile</name>
         <uninitialized>true</uninitialized>
         <run_address>0xc08</run_address>
         <size>0x8</size>
         <input_file_ref idref="fl-e"/>
      </object_component>
      <object_component id="oc-db">
         <name>CpuTimer2RegsFile</name>
         <uninitialized>true</uninitialized>
         <run_address>0xc10</run_address>
         <size>0x8</size>
         <input_file_ref idref="fl-e"/>
      </object_component>
      <object_component id="oc-d6">
         <name>DacaRegsFile</name>
         <uninitialized>true</uninitialized>
         <run_address>0x5c00</run_address>
         <size>0x8</size>
         <input_file_ref idref="fl-e"/>
      </object_component>
      <object_component id="oc-d7">
         <name>DacbRegsFile</name>
         <uninitialized>true</uninitialized>
         <run_address>0x5c10</run_address>
         <size>0x8</size>
         <input_file_ref idref="fl-e"/>
      </object_component>
      <object_component id="oc-d8">
         <name>DaccRegsFile</name>
         <uninitialized>true</uninitialized>
         <run_address>0x5c20</run_address>
         <size>0x8</size>
         <input_file_ref idref="fl-e"/>
      </object_component>
      <object_component id="oc-10a">
         <name>DcsmZ1RegsFile</name>
         <uninitialized>true</uninitialized>
         <run_address>0x5f000</run_address>
         <size>0x24</size>
         <input_file_ref idref="fl-e"/>
      </object_component>
      <object_component id="oc-10b">
         <name>DcsmZ2RegsFile</name>
         <uninitialized>true</uninitialized>
         <run_address>0x5f040</run_address>
         <size>0x24</size>
         <input_file_ref idref="fl-e"/>
      </object_component>
      <object_component id="oc-dc">
         <name>DcsmCommonRegsFile</name>
         <uninitialized>true</uninitialized>
         <run_address>0x5f070</run_address>
         <size>0x8</size>
         <input_file_ref idref="fl-e"/>
      </object_component>
      <object_component id="oc-f5">
         <name>DcsmZ1OtpFile</name>
         <uninitialized>true</uninitialized>
         <run_address>0x78000</run_address>
         <size>0x20</size>
         <input_file_ref idref="fl-e"/>
      </object_component>
      <object_component id="oc-f6">
         <name>DcsmZ2OtpFile</name>
         <uninitialized>true</uninitialized>
         <run_address>0x78200</run_address>
         <size>0x20</size>
         <input_file_ref idref="fl-e"/>
      </object_component>
      <object_component id="oc-127">
         <name>DmaRegsFile</name>
         <uninitialized>true</uninitialized>
         <run_address>0x1000</run_address>
         <size>0xe0</size>
         <input_file_ref idref="fl-e"/>
      </object_component>
      <object_component id="oc-eb">
         <name>DmaClaSrcSelRegsFile</name>
         <uninitialized>true</uninitialized>
         <run_address>0x7980</run_address>
         <size>0x1a</size>
         <input_file_ref idref="fl-e"/>
      </object_component>
      <object_component id="oc-f7">
         <name>ECap1RegsFile</name>
         <uninitialized>true</uninitialized>
         <run_address>0x5000</run_address>
         <size>0x20</size>
         <input_file_ref idref="fl-e"/>
      </object_component>
      <object_component id="oc-f9">
         <name>ECap2RegsFile</name>
         <uninitialized>true</uninitialized>
         <run_address>0x5020</run_address>
         <size>0x20</size>
         <input_file_ref idref="fl-e"/>
      </object_component>
      <object_component id="oc-fa">
         <name>ECap3RegsFile</name>
         <uninitialized>true</uninitialized>
         <run_address>0x5040</run_address>
         <size>0x20</size>
         <input_file_ref idref="fl-e"/>
      </object_component>
      <object_component id="oc-fb">
         <name>ECap4RegsFile</name>
         <uninitialized>true</uninitialized>
         <run_address>0x5060</run_address>
         <size>0x20</size>
         <input_file_ref idref="fl-e"/>
      </object_component>
      <object_component id="oc-fc">
         <name>ECap5RegsFile</name>
         <uninitialized>true</uninitialized>
         <run_address>0x5080</run_address>
         <size>0x20</size>
         <input_file_ref idref="fl-e"/>
      </object_component>
      <object_component id="oc-fd">
         <name>ECap6RegsFile</name>
         <uninitialized>true</uninitialized>
         <run_address>0x50a0</run_address>
         <size>0x20</size>
         <input_file_ref idref="fl-e"/>
      </object_component>
      <object_component id="oc-11b">
         <name>Emif1RegsFile</name>
         <uninitialized>true</uninitialized>
         <run_address>0x47000</run_address>
         <size>0x70</size>
         <input_file_ref idref="fl-e"/>
      </object_component>
      <object_component id="oc-11c">
         <name>Emif2RegsFile</name>
         <uninitialized>true</uninitialized>
         <run_address>0x47800</run_address>
         <size>0x70</size>
         <input_file_ref idref="fl-e"/>
      </object_component>
      <object_component id="oc-128">
         <name>EPwm1RegsFile</name>
         <uninitialized>true</uninitialized>
         <run_address>0x4000</run_address>
         <size>0x100</size>
         <input_file_ref idref="fl-e"/>
      </object_component>
      <object_component id="oc-12a">
         <name>EPwm2RegsFile</name>
         <uninitialized>true</uninitialized>
         <run_address>0x4100</run_address>
         <size>0x100</size>
         <input_file_ref idref="fl-e"/>
      </object_component>
      <object_component id="oc-12b">
         <name>EPwm3RegsFile</name>
         <uninitialized>true</uninitialized>
         <run_address>0x4200</run_address>
         <size>0x100</size>
         <input_file_ref idref="fl-e"/>
      </object_component>
      <object_component id="oc-12c">
         <name>EPwm4RegsFile</name>
         <uninitialized>true</uninitialized>
         <run_address>0x4300</run_address>
         <size>0x100</size>
         <input_file_ref idref="fl-e"/>
      </object_component>
      <object_component id="oc-12d">
         <name>EPwm5RegsFile</name>
         <uninitialized>true</uninitialized>
         <run_address>0x4400</run_address>
         <size>0x100</size>
         <input_file_ref idref="fl-e"/>
      </object_component>
      <object_component id="oc-12e">
         <name>EPwm6RegsFile</name>
         <uninitialized>true</uninitialized>
         <run_address>0x4500</run_address>
         <size>0x100</size>
         <input_file_ref idref="fl-e"/>
      </object_component>
      <object_component id="oc-12f">
         <name>EPwm7RegsFile</name>
         <uninitialized>true</uninitialized>
         <run_address>0x4600</run_address>
         <size>0x100</size>
         <input_file_ref idref="fl-e"/>
      </object_component>
      <object_component id="oc-130">
         <name>EPwm8RegsFile</name>
         <uninitialized>true</uninitialized>
         <run_address>0x4700</run_address>
         <size>0x100</size>
         <input_file_ref idref="fl-e"/>
      </object_component>
      <object_component id="oc-131">
         <name>EPwm9RegsFile</name>
         <uninitialized>true</uninitialized>
         <run_address>0x4800</run_address>
         <size>0x100</size>
         <input_file_ref idref="fl-e"/>
      </object_component>
      <object_component id="oc-132">
         <name>EPwm10RegsFile</name>
         <uninitialized>true</uninitialized>
         <run_address>0x4900</run_address>
         <size>0x100</size>
         <input_file_ref idref="fl-e"/>
      </object_component>
      <object_component id="oc-133">
         <name>EPwm11RegsFile</name>
         <uninitialized>true</uninitialized>
         <run_address>0x4a00</run_address>
         <size>0x100</size>
         <input_file_ref idref="fl-e"/>
      </object_component>
      <object_component id="oc-134">
         <name>EPwm12RegsFile</name>
         <uninitialized>true</uninitialized>
         <run_address>0x4b00</run_address>
         <size>0x100</size>
         <input_file_ref idref="fl-e"/>
      </object_component>
      <object_component id="oc-115">
         <name>EPwmXbarRegsFile</name>
         <uninitialized>true</uninitialized>
         <run_address>0x7a00</run_address>
         <size>0x40</size>
         <input_file_ref idref="fl-e"/>
      </object_component>
      <object_component id="oc-103">
         <name>EQep1RegsFile</name>
         <uninitialized>true</uninitialized>
         <run_address>0x5100</run_address>
         <size>0x22</size>
         <input_file_ref idref="fl-e"/>
      </object_component>
      <object_component id="oc-105">
         <name>EQep2RegsFile</name>
         <uninitialized>true</uninitialized>
         <run_address>0x5140</run_address>
         <size>0x22</size>
         <input_file_ref idref="fl-e"/>
      </object_component>
      <object_component id="oc-106">
         <name>EQep3RegsFile</name>
         <uninitialized>true</uninitialized>
         <run_address>0x5180</run_address>
         <size>0x22</size>
         <input_file_ref idref="fl-e"/>
      </object_component>
      <object_component id="oc-139">
         <name>Flash0CtrlRegsFile</name>
         <uninitialized>true</uninitialized>
         <run_address>0x5f800</run_address>
         <size>0x182</size>
         <input_file_ref idref="fl-e"/>
      </object_component>
      <object_component id="oc-110">
         <name>Flash0EccRegsFile</name>
         <uninitialized>true</uninitialized>
         <run_address>0x5fb00</run_address>
         <size>0x28</size>
         <input_file_ref idref="fl-e"/>
      </object_component>
      <object_component id="oc-138">
         <name>GpioCtrlRegsFile</name>
         <uninitialized>true</uninitialized>
         <run_address>0x7c00</run_address>
         <size>0x180</size>
         <input_file_ref idref="fl-e"/>
      </object_component>
      <object_component id="oc-112">
         <name>GpioDataRegsFile</name>
         <uninitialized>true</uninitialized>
         <run_address>0x7f00</run_address>
         <size>0x30</size>
         <input_file_ref idref="fl-e"/>
      </object_component>
      <object_component id="oc-116">
         <name>OutputXbarRegsFile</name>
         <uninitialized>true</uninitialized>
         <run_address>0x7a80</run_address>
         <size>0x40</size>
         <input_file_ref idref="fl-e"/>
      </object_component>
      <object_component id="oc-107">
         <name>I2caRegsFile</name>
         <uninitialized>true</uninitialized>
         <run_address>0x7300</run_address>
         <size>0x22</size>
         <input_file_ref idref="fl-e"/>
      </object_component>
      <object_component id="oc-109">
         <name>I2cbRegsFile</name>
         <uninitialized>true</uninitialized>
         <run_address>0x7340</run_address>
         <size>0x22</size>
         <input_file_ref idref="fl-e"/>
      </object_component>
      <object_component id="oc-fe">
         <name>InputXbarRegsFile</name>
         <uninitialized>true</uninitialized>
         <run_address>0x7900</run_address>
         <size>0x20</size>
         <input_file_ref idref="fl-e"/>
      </object_component>
      <object_component id="oc-100">
         <name>XbarRegsFile</name>
         <uninitialized>true</uninitialized>
         <run_address>0x7920</run_address>
         <size>0x20</size>
         <input_file_ref idref="fl-e"/>
      </object_component>
      <object_component id="oc-10c">
         <name>IpcRegsFile</name>
         <uninitialized>true</uninitialized>
         <run_address>0x50000</run_address>
         <size>0x24</size>
         <input_file_ref idref="fl-e"/>
      </object_component>
      <object_component id="oc-d0">
         <name>FlashPumpSemaphoreRegsFile</name>
         <uninitialized>true</uninitialized>
         <run_address>0x50024</run_address>
         <size>0x2</size>
         <input_file_ref idref="fl-e"/>
      </object_component>
      <object_component id="oc-d1">
         <name>RomPrefetchRegsFile</name>
         <uninitialized>true</uninitialized>
         <run_address>0x5e608</run_address>
         <size>0x2</size>
         <input_file_ref idref="fl-e"/>
      </object_component>
      <object_component id="oc-122">
         <name>MemCfgRegsFile</name>
         <uninitialized>true</uninitialized>
         <run_address>0x5f400</run_address>
         <size>0x80</size>
         <input_file_ref idref="fl-e"/>
      </object_component>
      <object_component id="oc-101">
         <name>Emif1ConfigRegsFile</name>
         <uninitialized>true</uninitialized>
         <run_address>0x5f480</run_address>
         <size>0x20</size>
         <input_file_ref idref="fl-e"/>
      </object_component>
      <object_component id="oc-102">
         <name>Emif2ConfigRegsFile</name>
         <uninitialized>true</uninitialized>
         <run_address>0x5f4a0</run_address>
         <size>0x20</size>
         <input_file_ref idref="fl-e"/>
      </object_component>
      <object_component id="oc-117">
         <name>AccessProtectionRegsFile</name>
         <uninitialized>true</uninitialized>
         <run_address>0x5f4c0</run_address>
         <size>0x40</size>
         <input_file_ref idref="fl-e"/>
      </object_component>
      <object_component id="oc-118">
         <name>MemoryErrorRegsFile</name>
         <uninitialized>true</uninitialized>
         <run_address>0x5f500</run_address>
         <size>0x40</size>
         <input_file_ref idref="fl-e"/>
      </object_component>
      <object_component id="oc-d2">
         <name>RomWaitStateRegsFile</name>
         <uninitialized>true</uninitialized>
         <run_address>0x5f540</run_address>
         <size>0x2</size>
         <input_file_ref idref="fl-e"/>
      </object_component>
      <object_component id="oc-10d">
         <name>McbspaRegsFile</name>
         <uninitialized>true</uninitialized>
         <run_address>0x6000</run_address>
         <size>0x24</size>
         <input_file_ref idref="fl-e"/>
      </object_component>
      <object_component id="oc-10f">
         <name>McbspbRegsFile</name>
         <uninitialized>true</uninitialized>
         <run_address>0x6040</run_address>
         <size>0x24</size>
         <input_file_ref idref="fl-e"/>
      </object_component>
      <object_component id="oc-11a">
         <name>UppRegsFile</name>
         <uninitialized>true</uninitialized>
         <run_address>0x6200</run_address>
         <size>0x48</size>
         <input_file_ref idref="fl-e"/>
      </object_component>
      <object_component id="oc-d5">
         <name>NmiIntruptRegsFile</name>
         <uninitialized>true</uninitialized>
         <run_address>0x7060</run_address>
         <size>0x7</size>
         <input_file_ref idref="fl-e"/>
      </object_component>
      <object_component id="oc-ec">
         <name>PieCtrlRegsFile</name>
         <uninitialized>true</uninitialized>
         <run_address>0xce0</run_address>
         <size>0x1a</size>
         <input_file_ref idref="fl-e"/>
      </object_component>
      <object_component id="oc-de">
         <name>SciaRegsFile</name>
         <uninitialized>true</uninitialized>
         <run_address>0x7200</run_address>
         <size>0x10</size>
         <input_file_ref idref="fl-e"/>
      </object_component>
      <object_component id="oc-e0">
         <name>ScibRegsFile</name>
         <uninitialized>true</uninitialized>
         <run_address>0x7210</run_address>
         <size>0x10</size>
         <input_file_ref idref="fl-e"/>
      </object_component>
      <object_component id="oc-e1">
         <name>ScicRegsFile</name>
         <uninitialized>true</uninitialized>
         <run_address>0x7220</run_address>
         <size>0x10</size>
         <input_file_ref idref="fl-e"/>
      </object_component>
      <object_component id="oc-e2">
         <name>ScidRegsFile</name>
         <uninitialized>true</uninitialized>
         <run_address>0x7230</run_address>
         <size>0x10</size>
         <input_file_ref idref="fl-e"/>
      </object_component>
      <object_component id="oc-123">
         <name>Sdfm1RegsFile</name>
         <uninitialized>true</uninitialized>
         <run_address>0x5e00</run_address>
         <size>0x80</size>
         <input_file_ref idref="fl-e"/>
      </object_component>
      <object_component id="oc-125">
         <name>Sdfm2RegsFile</name>
         <uninitialized>true</uninitialized>
         <run_address>0x5e80</run_address>
         <size>0x80</size>
         <input_file_ref idref="fl-e"/>
      </object_component>
      <object_component id="oc-e3">
         <name>SpiaRegsFile</name>
         <uninitialized>true</uninitialized>
         <run_address>0x6100</run_address>
         <size>0x10</size>
         <input_file_ref idref="fl-e"/>
      </object_component>
      <object_component id="oc-e5">
         <name>SpibRegsFile</name>
         <uninitialized>true</uninitialized>
         <run_address>0x6110</run_address>
         <size>0x10</size>
         <input_file_ref idref="fl-e"/>
      </object_component>
      <object_component id="oc-e6">
         <name>SpicRegsFile</name>
         <uninitialized>true</uninitialized>
         <run_address>0x6120</run_address>
         <size>0x10</size>
         <input_file_ref idref="fl-e"/>
      </object_component>
      <object_component id="oc-135">
         <name>DevCfgRegsFile</name>
         <uninitialized>true</uninitialized>
         <run_address>0x5d000</run_address>
         <size>0x12e</size>
         <input_file_ref idref="fl-e"/>
      </object_component>
      <object_component id="oc-113">
         <name>ClkCfgRegsFile</name>
         <uninitialized>true</uninitialized>
         <run_address>0x5d200</run_address>
         <size>0x32</size>
         <input_file_ref idref="fl-e"/>
      </object_component>
      <object_component id="oc-126">
         <name>CpuSysRegsFile</name>
         <uninitialized>true</uninitialized>
         <run_address>0x5d300</run_address>
         <size>0x82</size>
         <input_file_ref idref="fl-e"/>
      </object_component>
      <object_component id="oc-d4">
         <name>SyncSocRegsFile</name>
         <uninitialized>true</uninitialized>
         <run_address>0x7940</run_address>
         <size>0x6</size>
         <input_file_ref idref="fl-e"/>
      </object_component>
      <object_component id="oc-111">
         <name>WdRegsFile</name>
         <uninitialized>true</uninitialized>
         <run_address>0x7000</run_address>
         <size>0x2b</size>
         <input_file_ref idref="fl-e"/>
      </object_component>
      <object_component id="oc-dd">
         <name>XintRegsFile</name>
         <uninitialized>true</uninitialized>
         <run_address>0x7070</run_address>
         <size>0xb</size>
         <input_file_ref idref="fl-e"/>
      </object_component>
      <object_component id="oc-89">
         <name>.debug_info</name>
         <load_address>0x0</load_address>
         <run_address>0x0</run_address>
         <size>0x427b4</size>
         <input_file_ref idref="fl-2"/>
      </object_component>
      <object_component id="oc-91">
         <name>.debug_info</name>
         <load_address>0x427b4</load_address>
         <run_address>0x427b4</run_address>
         <size>0x436c</size>
         <input_file_ref idref="fl-3"/>
      </object_component>
      <object_component id="oc-99">
         <name>.debug_info</name>
         <load_address>0x46b20</load_address>
         <run_address>0x46b20</run_address>
         <size>0x4645</size>
         <input_file_ref idref="fl-4"/>
      </object_component>
      <object_component id="oc-a0">
         <name>.debug_info</name>
         <load_address>0x4b165</load_address>
         <run_address>0x4b165</run_address>
         <size>0x125</size>
         <input_file_ref idref="fl-5"/>
      </object_component>
      <object_component id="oc-a3">
         <name>.debug_info</name>
         <load_address>0x4b28a</load_address>
         <run_address>0x4b28a</run_address>
         <size>0x9c4</size>
         <input_file_ref idref="fl-6"/>
      </object_component>
      <object_component id="oc-ab">
         <name>.debug_info</name>
         <load_address>0x4bc4e</load_address>
         <run_address>0x4bc4e</run_address>
         <size>0x11e</size>
         <input_file_ref idref="fl-7"/>
      </object_component>
      <object_component id="oc-ae">
         <name>.debug_info</name>
         <load_address>0x4bd6c</load_address>
         <run_address>0x4bd6c</run_address>
         <size>0x3dce</size>
         <input_file_ref idref="fl-8"/>
      </object_component>
      <object_component id="oc-b4">
         <name>.debug_info</name>
         <load_address>0x4fb3a</load_address>
         <run_address>0x4fb3a</run_address>
         <size>0x4757</size>
         <input_file_ref idref="fl-9"/>
      </object_component>
      <object_component id="oc-b9">
         <name>.debug_info</name>
         <load_address>0x54291</load_address>
         <run_address>0x54291</run_address>
         <size>0x13e73</size>
         <input_file_ref idref="fl-a"/>
      </object_component>
      <object_component id="oc-be">
         <name>.debug_info</name>
         <load_address>0x68104</load_address>
         <run_address>0x68104</run_address>
         <size>0xf3f7</size>
         <input_file_ref idref="fl-b"/>
      </object_component>
      <object_component id="oc-c3">
         <name>.debug_info</name>
         <load_address>0x774fb</load_address>
         <run_address>0x774fb</run_address>
         <size>0xf3f7</size>
         <input_file_ref idref="fl-c"/>
      </object_component>
      <object_component id="oc-c8">
         <name>.debug_info</name>
         <load_address>0x868f2</load_address>
         <run_address>0x868f2</run_address>
         <size>0x5464</size>
         <input_file_ref idref="fl-d"/>
      </object_component>
      <object_component id="oc-cd">
         <name>.debug_info</name>
         <load_address>0x8bd56</load_address>
         <run_address>0x8bd56</run_address>
         <size>0x50368</size>
         <input_file_ref idref="fl-e"/>
      </object_component>
      <object_component id="oc-13c">
         <name>.debug_info</name>
         <load_address>0xdc0be</load_address>
         <run_address>0xdc0be</run_address>
         <size>0x19cac</size>
         <input_file_ref idref="fl-f"/>
      </object_component>
      <object_component id="oc-141">
         <name>.debug_info</name>
         <load_address>0xf5d6a</load_address>
         <run_address>0xf5d6a</run_address>
         <size>0xf3f6</size>
         <input_file_ref idref="fl-10"/>
      </object_component>
      <object_component id="oc-146">
         <name>.debug_info</name>
         <load_address>0x105160</load_address>
         <run_address>0x105160</run_address>
         <size>0x1671</size>
         <input_file_ref idref="fl-11"/>
      </object_component>
      <object_component id="oc-14b">
         <name>.debug_info</name>
         <load_address>0x1067d1</load_address>
         <run_address>0x1067d1</run_address>
         <size>0x1a06</size>
         <input_file_ref idref="fl-12"/>
      </object_component>
      <object_component id="oc-156">
         <name>.debug_info</name>
         <load_address>0x1081d7</load_address>
         <run_address>0x1081d7</run_address>
         <size>0x4926</size>
         <input_file_ref idref="fl-13"/>
      </object_component>
      <object_component id="oc-15b">
         <name>.debug_info</name>
         <load_address>0x10cafd</load_address>
         <run_address>0x10cafd</run_address>
         <size>0x17c5c</size>
         <input_file_ref idref="fl-14"/>
      </object_component>
      <object_component id="oc-160">
         <name>.debug_info</name>
         <load_address>0x124759</load_address>
         <run_address>0x124759</run_address>
         <size>0x10390</size>
         <input_file_ref idref="fl-15"/>
      </object_component>
      <object_component id="oc-165">
         <name>.debug_info</name>
         <load_address>0x134ae9</load_address>
         <run_address>0x134ae9</run_address>
         <size>0x3592</size>
         <input_file_ref idref="fl-16"/>
      </object_component>
      <object_component id="oc-16a">
         <name>.debug_info</name>
         <load_address>0x13807b</load_address>
         <run_address>0x13807b</run_address>
         <size>0x6739</size>
         <input_file_ref idref="fl-17"/>
      </object_component>
      <object_component id="oc-16f">
         <name>.debug_info</name>
         <load_address>0x13e7b4</load_address>
         <run_address>0x13e7b4</run_address>
         <size>0x1ae</size>
         <input_file_ref idref="fl-18"/>
      </object_component>
      <object_component id="oc-171">
         <name>.debug_info</name>
         <load_address>0x13e962</load_address>
         <run_address>0x13e962</run_address>
         <size>0xfcde</size>
         <input_file_ref idref="fl-19"/>
      </object_component>
      <object_component id="oc-176">
         <name>.debug_info</name>
         <load_address>0x14e640</load_address>
         <run_address>0x14e640</run_address>
         <size>0xc92d</size>
         <input_file_ref idref="fl-1a"/>
      </object_component>
      <object_component id="oc-17b">
         <name>.debug_info</name>
         <load_address>0x15af6d</load_address>
         <run_address>0x15af6d</run_address>
         <size>0x4dcb</size>
         <input_file_ref idref="fl-1b"/>
      </object_component>
      <object_component id="oc-181">
         <name>.debug_info</name>
         <load_address>0x15fd38</load_address>
         <run_address>0x15fd38</run_address>
         <size>0x10999</size>
         <input_file_ref idref="fl-1c"/>
      </object_component>
      <object_component id="oc-186">
         <name>.debug_info</name>
         <load_address>0x1706d1</load_address>
         <run_address>0x1706d1</run_address>
         <size>0x2aee</size>
         <input_file_ref idref="fl-1d"/>
      </object_component>
      <object_component id="oc-18b">
         <name>.debug_info</name>
         <load_address>0x1731bf</load_address>
         <run_address>0x1731bf</run_address>
         <size>0x3448</size>
         <input_file_ref idref="fl-1e"/>
      </object_component>
      <object_component id="oc-192">
         <name>.debug_info</name>
         <load_address>0x176607</load_address>
         <run_address>0x176607</run_address>
         <size>0x1ff2</size>
         <input_file_ref idref="fl-1f"/>
      </object_component>
      <object_component id="oc-197">
         <name>.debug_info</name>
         <load_address>0x1785f9</load_address>
         <run_address>0x1785f9</run_address>
         <size>0xffe3</size>
         <input_file_ref idref="fl-20"/>
      </object_component>
      <object_component id="oc-19b">
         <name>.debug_info</name>
         <load_address>0x1885dc</load_address>
         <run_address>0x1885dc</run_address>
         <size>0x120</size>
         <input_file_ref idref="fl-21"/>
      </object_component>
      <object_component id="oc-19e">
         <name>.debug_info</name>
         <load_address>0x1886fc</load_address>
         <run_address>0x1886fc</run_address>
         <size>0x4db</size>
         <input_file_ref idref="fl-32"/>
      </object_component>
      <object_component id="oc-1a4">
         <name>.debug_info</name>
         <load_address>0x188bd7</load_address>
         <run_address>0x188bd7</run_address>
         <size>0x88a</size>
         <input_file_ref idref="fl-33"/>
      </object_component>
      <object_component id="oc-1aa">
         <name>.debug_info</name>
         <load_address>0x189461</load_address>
         <run_address>0x189461</run_address>
         <size>0x3db</size>
         <input_file_ref idref="fl-34"/>
      </object_component>
      <object_component id="oc-1af">
         <name>.debug_info</name>
         <load_address>0x18983c</load_address>
         <run_address>0x18983c</run_address>
         <size>0x433</size>
         <input_file_ref idref="fl-35"/>
      </object_component>
      <object_component id="oc-1b4">
         <name>.debug_info</name>
         <load_address>0x189c6f</load_address>
         <run_address>0x189c6f</run_address>
         <size>0x4b8</size>
         <input_file_ref idref="fl-36"/>
      </object_component>
      <object_component id="oc-1bc">
         <name>.debug_info</name>
         <load_address>0x18a127</load_address>
         <run_address>0x18a127</run_address>
         <size>0x173</size>
         <input_file_ref idref="fl-37"/>
      </object_component>
      <object_component id="oc-1c1">
         <name>.debug_info</name>
         <load_address>0x18a29a</load_address>
         <run_address>0x18a29a</run_address>
         <size>0x114</size>
         <input_file_ref idref="fl-38"/>
      </object_component>
      <object_component id="oc-1c6">
         <name>.debug_info</name>
         <load_address>0x18a3ae</load_address>
         <run_address>0x18a3ae</run_address>
         <size>0x176</size>
         <input_file_ref idref="fl-39"/>
      </object_component>
      <object_component id="oc-1ca">
         <name>.debug_info</name>
         <load_address>0x18a524</load_address>
         <run_address>0x18a524</run_address>
         <size>0x561</size>
         <input_file_ref idref="fl-3a"/>
      </object_component>
      <object_component id="oc-1cf">
         <name>.debug_info</name>
         <load_address>0x18aa85</load_address>
         <run_address>0x18aa85</run_address>
         <size>0x43a</size>
         <input_file_ref idref="fl-3b"/>
      </object_component>
      <object_component id="oc-1d4">
         <name>.debug_info</name>
         <load_address>0x18aebf</load_address>
         <run_address>0x18aebf</run_address>
         <size>0x3ad</size>
         <input_file_ref idref="fl-3c"/>
      </object_component>
      <object_component id="oc-1d9">
         <name>.debug_info</name>
         <load_address>0x18b26c</load_address>
         <run_address>0x18b26c</run_address>
         <size>0x3aa</size>
         <input_file_ref idref="fl-3d"/>
      </object_component>
      <object_component id="oc-1de">
         <name>.debug_info</name>
         <load_address>0x18b616</load_address>
         <run_address>0x18b616</run_address>
         <size>0x544</size>
         <input_file_ref idref="fl-3e"/>
      </object_component>
      <object_component id="oc-1e5">
         <name>.debug_info</name>
         <load_address>0x18bb5a</load_address>
         <run_address>0x18bb5a</run_address>
         <size>0x4cc</size>
         <input_file_ref idref="fl-3f"/>
      </object_component>
      <object_component id="oc-1ea">
         <name>.debug_info</name>
         <load_address>0x18c026</load_address>
         <run_address>0x18c026</run_address>
         <size>0x467</size>
         <input_file_ref idref="fl-40"/>
      </object_component>
      <object_component id="oc-1ef">
         <name>.debug_info</name>
         <load_address>0x18c48d</load_address>
         <run_address>0x18c48d</run_address>
         <size>0x376</size>
         <input_file_ref idref="fl-41"/>
      </object_component>
      <object_component id="oc-1f4">
         <name>.debug_info</name>
         <load_address>0x18c803</load_address>
         <run_address>0x18c803</run_address>
         <size>0x1c6</size>
         <input_file_ref idref="fl-42"/>
      </object_component>
      <object_component id="oc-1f8">
         <name>.debug_info</name>
         <load_address>0x18c9c9</load_address>
         <run_address>0x18c9c9</run_address>
         <size>0x406</size>
         <input_file_ref idref="fl-43"/>
      </object_component>
      <object_component id="oc-1fd">
         <name>.debug_info</name>
         <load_address>0x18cdcf</load_address>
         <run_address>0x18cdcf</run_address>
         <size>0x439</size>
         <input_file_ref idref="fl-44"/>
      </object_component>
      <object_component id="oc-2be">
         <name>.debug_info</name>
         <load_address>0x18d208</load_address>
         <run_address>0x18d208</run_address>
         <size>0xcb</size>
      </object_component>
      <object_component id="oc-8d">
         <name>.debug_frame</name>
         <load_address>0x0</load_address>
         <run_address>0x0</run_address>
         <size>0x698</size>
         <input_file_ref idref="fl-2"/>
      </object_component>
      <object_component id="oc-95">
         <name>.debug_frame</name>
         <load_address>0x698</load_address>
         <run_address>0x698</run_address>
         <size>0xb8</size>
         <input_file_ref idref="fl-3"/>
      </object_component>
      <object_component id="oc-9a">
         <name>.debug_frame</name>
         <load_address>0x750</load_address>
         <run_address>0x750</run_address>
         <size>0x28</size>
         <input_file_ref idref="fl-4"/>
      </object_component>
      <object_component id="oc-a5">
         <name>.debug_frame</name>
         <load_address>0x778</load_address>
         <run_address>0x778</run_address>
         <size>0x58</size>
         <input_file_ref idref="fl-6"/>
      </object_component>
      <object_component id="oc-b0">
         <name>.debug_frame</name>
         <load_address>0x7d0</load_address>
         <run_address>0x7d0</run_address>
         <size>0x11d0</size>
         <input_file_ref idref="fl-8"/>
      </object_component>
      <object_component id="oc-b5">
         <name>.debug_frame</name>
         <load_address>0x19a0</load_address>
         <run_address>0x19a0</run_address>
         <size>0x28</size>
         <input_file_ref idref="fl-9"/>
      </object_component>
      <object_component id="oc-ba">
         <name>.debug_frame</name>
         <load_address>0x19c8</load_address>
         <run_address>0x19c8</run_address>
         <size>0x28</size>
         <input_file_ref idref="fl-a"/>
      </object_component>
      <object_component id="oc-bf">
         <name>.debug_frame</name>
         <load_address>0x19f0</load_address>
         <run_address>0x19f0</run_address>
         <size>0x28</size>
         <input_file_ref idref="fl-b"/>
      </object_component>
      <object_component id="oc-c4">
         <name>.debug_frame</name>
         <load_address>0x1a18</load_address>
         <run_address>0x1a18</run_address>
         <size>0x28</size>
         <input_file_ref idref="fl-c"/>
      </object_component>
      <object_component id="oc-c9">
         <name>.debug_frame</name>
         <load_address>0x1a40</load_address>
         <run_address>0x1a40</run_address>
         <size>0x28</size>
         <input_file_ref idref="fl-d"/>
      </object_component>
      <object_component id="oc-13d">
         <name>.debug_frame</name>
         <load_address>0x1a68</load_address>
         <run_address>0x1a68</run_address>
         <size>0x1b8</size>
         <input_file_ref idref="fl-f"/>
      </object_component>
      <object_component id="oc-142">
         <name>.debug_frame</name>
         <load_address>0x1c20</load_address>
         <run_address>0x1c20</run_address>
         <size>0x28</size>
         <input_file_ref idref="fl-10"/>
      </object_component>
      <object_component id="oc-147">
         <name>.debug_frame</name>
         <load_address>0x1c48</load_address>
         <run_address>0x1c48</run_address>
         <size>0x28</size>
         <input_file_ref idref="fl-11"/>
      </object_component>
      <object_component id="oc-152">
         <name>.debug_frame</name>
         <load_address>0x1c70</load_address>
         <run_address>0x1c70</run_address>
         <size>0x28</size>
         <input_file_ref idref="fl-12"/>
      </object_component>
      <object_component id="oc-157">
         <name>.debug_frame</name>
         <load_address>0x1c98</load_address>
         <run_address>0x1c98</run_address>
         <size>0x28</size>
         <input_file_ref idref="fl-13"/>
      </object_component>
      <object_component id="oc-15c">
         <name>.debug_frame</name>
         <load_address>0x1cc0</load_address>
         <run_address>0x1cc0</run_address>
         <size>0x28</size>
         <input_file_ref idref="fl-14"/>
      </object_component>
      <object_component id="oc-161">
         <name>.debug_frame</name>
         <load_address>0x1ce8</load_address>
         <run_address>0x1ce8</run_address>
         <size>0x28</size>
         <input_file_ref idref="fl-15"/>
      </object_component>
      <object_component id="oc-166">
         <name>.debug_frame</name>
         <load_address>0x1d10</load_address>
         <run_address>0x1d10</run_address>
         <size>0x58</size>
         <input_file_ref idref="fl-16"/>
      </object_component>
      <object_component id="oc-16b">
         <name>.debug_frame</name>
         <load_address>0x1d68</load_address>
         <run_address>0x1d68</run_address>
         <size>0x40</size>
         <input_file_ref idref="fl-17"/>
      </object_component>
      <object_component id="oc-172">
         <name>.debug_frame</name>
         <load_address>0x1da8</load_address>
         <run_address>0x1da8</run_address>
         <size>0x28</size>
         <input_file_ref idref="fl-19"/>
      </object_component>
      <object_component id="oc-177">
         <name>.debug_frame</name>
         <load_address>0x1dd0</load_address>
         <run_address>0x1dd0</run_address>
         <size>0x23c</size>
         <input_file_ref idref="fl-1a"/>
      </object_component>
      <object_component id="oc-17d">
         <name>.debug_frame</name>
         <load_address>0x200c</load_address>
         <run_address>0x200c</run_address>
         <size>0x28</size>
         <input_file_ref idref="fl-1b"/>
      </object_component>
      <object_component id="oc-182">
         <name>.debug_frame</name>
         <load_address>0x2034</load_address>
         <run_address>0x2034</run_address>
         <size>0x28</size>
         <input_file_ref idref="fl-1c"/>
      </object_component>
      <object_component id="oc-187">
         <name>.debug_frame</name>
         <load_address>0x205c</load_address>
         <run_address>0x205c</run_address>
         <size>0x28</size>
         <input_file_ref idref="fl-1d"/>
      </object_component>
      <object_component id="oc-18e">
         <name>.debug_frame</name>
         <load_address>0x2084</load_address>
         <run_address>0x2084</run_address>
         <size>0x28</size>
         <input_file_ref idref="fl-1e"/>
      </object_component>
      <object_component id="oc-193">
         <name>.debug_frame</name>
         <load_address>0x20ac</load_address>
         <run_address>0x20ac</run_address>
         <size>0x28</size>
         <input_file_ref idref="fl-1f"/>
      </object_component>
      <object_component id="oc-1a0">
         <name>.debug_frame</name>
         <load_address>0x20d4</load_address>
         <run_address>0x20d4</run_address>
         <size>0x48</size>
         <input_file_ref idref="fl-32"/>
      </object_component>
      <object_component id="oc-1a6">
         <name>.debug_frame</name>
         <load_address>0x211c</load_address>
         <run_address>0x211c</run_address>
         <size>0x88</size>
         <input_file_ref idref="fl-33"/>
      </object_component>
      <object_component id="oc-1ab">
         <name>.debug_frame</name>
         <load_address>0x21a4</load_address>
         <run_address>0x21a4</run_address>
         <size>0x44</size>
         <input_file_ref idref="fl-34"/>
      </object_component>
      <object_component id="oc-1b0">
         <name>.debug_frame</name>
         <load_address>0x21e8</load_address>
         <run_address>0x21e8</run_address>
         <size>0x4c</size>
         <input_file_ref idref="fl-35"/>
      </object_component>
      <object_component id="oc-1b6">
         <name>.debug_frame</name>
         <load_address>0x2234</load_address>
         <run_address>0x2234</run_address>
         <size>0x4c</size>
         <input_file_ref idref="fl-36"/>
      </object_component>
      <object_component id="oc-1cb">
         <name>.debug_frame</name>
         <load_address>0x2280</load_address>
         <run_address>0x2280</run_address>
         <size>0x60</size>
         <input_file_ref idref="fl-3a"/>
      </object_component>
      <object_component id="oc-1d0">
         <name>.debug_frame</name>
         <load_address>0x22e0</load_address>
[...]
         <value>0x78200</value>
         <object_component_ref idref="oc-f6"/>
      </symbol>
      <symbol id="sm-475">
         <name>_EQep1Regs</name>
         <value>0x5100</value>
         <object_component_ref idref="oc-103"/>
      </symbol>
      <symbol id="sm-476">
         <name>_DacbRegs</name>
         <value>0x5c10</value>
         <object_component_ref idref="oc-d7"/>
      </symbol>
      <symbol id="sm-477">
         <name>_McbspaRegs</name>
         <value>0x6000</value>
         <object_component_ref idref="oc-10d"/>
      </symbol>
      <symbol id="sm-478">
         <name>_EPwm1Regs</name>
         <value>0x4000</value>
         <object_component_ref idref="oc-128"/>
      </symbol>
      <symbol id="sm-479">
         <name>_AdcbRegs</name>
         <value>0x7480</value>
         <object_component_ref idref="oc-11f"/>
      </symbol>
      <symbol id="sm-47a">
         <name>_ScibRegs</name>
         <value>0x7210</value>
         <object_component_ref idref="oc-e0"/>
      </symbol>
      <symbol id="sm-47b">
         <name>_AdcaResultRegs</name>
         <value>0xb00</value>
         <object_component_ref idref="oc-e7"/>
      </symbol>
      <symbol id="sm-47c">
         <name>_ECap2Regs</name>
         <value>0x5020</value>
         <object_component_ref idref="oc-f9"/>
      </symbol>
      <symbol id="sm-47d">
         <name>_EPwm12Regs</name>
         <value>0x4b00</value>
         <object_component_ref idref="oc-134"/>
      </symbol>
      <symbol id="sm-47e">
         <name>_AdcbResultRegs</name>
         <value>0xb20</value>
         <object_component_ref idref="oc-e8"/>
      </symbol>
      <symbol id="sm-47f">
         <name>_AdccResultRegs</name>
         <value>0xb40</value>
         <object_component_ref idref="oc-e9"/>
      </symbol>
      <symbol id="sm-480">
         <name>_Emif1ConfigRegs</name>
         <value>0x5f480</value>
         <object_component_ref idref="oc-101"/>
      </symbol>
      <symbol id="sm-481">
         <name>_Sdfm2Regs</name>
         <value>0x5e80</value>
         <object_component_ref idref="oc-125"/>
      </symbol>
      <symbol id="sm-482">
         <name>_AdcdResultRegs</name>
         <value>0xb60</value>
         <object_component_ref idref="oc-ea"/>
      </symbol>
      <symbol id="sm-483">
         <name>_EQep2Regs</name>
         <value>0x5140</value>
         <object_component_ref idref="oc-105"/>
      </symbol>
      <symbol id="sm-484">
         <name>_Cmpss1Regs</name>
         <value>0x5c80</value>
         <object_component_ref idref="oc-ed"/>
      </symbol>
      <symbol id="sm-485">
         <name>_EPwm8Regs</name>
         <value>0x4700</value>
         <object_component_ref idref="oc-130"/>
      </symbol>
      <symbol id="sm-486">
         <name>_Emif2ConfigRegs</name>
         <value>0x5f4a0</value>
         <object_component_ref idref="oc-102"/>
      </symbol>
      <symbol id="sm-487">
         <name>_DcsmCommonRegs</name>
         <value>0x5f070</value>
         <object_component_ref idref="oc-dc"/>
      </symbol>
      <symbol id="sm-488">
         <name>_EPwm2Regs</name>
         <value>0x4100</value>
         <object_component_ref idref="oc-12a"/>
      </symbol>
      <symbol id="sm-489">
         <name>_ECap3Regs</name>
         <value>0x5040</value>
         <object_component_ref idref="oc-fa"/>
      </symbol>
      <symbol id="sm-48a">
         <name>_Cmpss8Regs</name>
         <value>0x5d60</value>
         <object_component_ref idref="oc-f4"/>
      </symbol>
      <symbol id="sm-48b">
         <name>_EQep3Regs</name>
         <value>0x5180</value>
         <object_component_ref idref="oc-106"/>
      </symbol>
      <symbol id="sm-48c">
         <name>_SyncSocRegs</name>
         <value>0x7940</value>
         <object_component_ref idref="oc-d4"/>
      </symbol>
      <symbol id="sm-48d">
         <name>_EPwm9Regs</name>
         <value>0x4800</value>
         <object_component_ref idref="oc-131"/>
      </symbol>
      <symbol id="sm-48e">
         <name>_NmiIntruptRegs</name>
         <value>0x7060</value>
         <object_component_ref idref="oc-d5"/>
      </symbol>
      <symbol id="sm-48f">
         <name>_EPwm3Regs</name>
         <value>0x4200</value>
         <object_component_ref idref="oc-12b"/>
      </symbol>
      <symbol id="sm-490">
         <name>_I2caRegs</name>
         <value>0x7300</value>
         <object_component_ref idref="oc-107"/>
      </symbol>
      <symbol id="sm-4b4">
         <name>_GPIO_SetupLock</name>
         <value>0xa4d8</value>
         <object_component_ref idref="oc-218"/>
      </symbol>
      <symbol id="sm-4b5">
         <name>_GPIO_SetupXINT4Gpio</name>
         <value>0xa3e2</value>
         <object_component_ref idref="oc-218"/>
      </symbol>
      <symbol id="sm-4b6">
         <name>_InitGpio</name>
         <value>0xa344</value>
         <object_component_ref idref="oc-218"/>
      </symbol>
      <symbol id="sm-4b7">
         <name>_GPIO_SetupXINT5Gpio</name>
         <value>0xa3db</value>
         <object_component_ref idref="oc-218"/>
      </symbol>
      <symbol id="sm-4b8">
         <name>_GPIO_EnableUnbondedIOPullupsFor176Pin</name>
         <value>0xa50e</value>
         <object_component_ref idref="oc-218"/>
      </symbol>
      <symbol id="sm-4b9">
         <name>_GPIO_SetupXINT2Gpio</name>
         <value>0xa3f0</value>
         <object_component_ref idref="oc-218"/>
      </symbol>
      <symbol id="sm-4ba">
         <name>_GPIO_SetupXINT3Gpio</name>
         <value>0xa3e9</value>
         <object_component_ref idref="oc-218"/>
      </symbol>
      <symbol id="sm-4bb">
         <name>_GPIO_WritePin</name>
         <value>0xa3c1</value>
         <object_component_ref idref="oc-218"/>
      </symbol>
      <symbol id="sm-4bc">
         <name>_GPIO_SetupPinOptions</name>
         <value>0xa3fe</value>
         <object_component_ref idref="oc-218"/>
      </symbol>
      <symbol id="sm-4bd">
         <name>_GPIO_EnableUnbondedIOPullups</name>
         <value>0xa54c</value>
         <object_component_ref idref="oc-218"/>
      </symbol>
      <symbol id="sm-4be">
         <name>_GPIO_SetupXINT1Gpio</name>
         <value>0xa3f7</value>
         <object_component_ref idref="oc-218"/>
      </symbol>
      <symbol id="sm-4bf">
         <name>_GPIO_SetupPinMux</name>
         <value>0xa483</value>
         <object_component_ref idref="oc-218"/>
      </symbol>
      <symbol id="sm-4c0">
         <name>_GPIO_EnableUnbondedIOPullupsFor100Pin</name>
         <value>0xa527</value>
         <object_component_ref idref="oc-218"/>
      </symbol>
      <symbol id="sm-4c1">
         <name>_GPIO_ReadPin</name>
         <value>0xa4fa</value>
         <object_component_ref idref="oc-218"/>
      </symbol>
      <symbol id="sm-4e9">
         <name>_g_usGetReadIndexes</name>
         <value>0x3fc84</value>
         <object_component_ref idref="oc-14f"/>
      </symbol>
      <symbol id="sm-4ea">
         <name>_g_usPutWriteIndexes</name>
         <value>0x3fc80</value>
         <object_component_ref idref="oc-14c"/>
      </symbol>
      <symbol id="sm-4eb">
         <name>_g_usGetWriteIndexes</name>
         <value>0x3f880</value>
         <object_component_ref idref="oc-14e"/>
      </symbol>
      <symbol id="sm-4ec">
         <name>_g_asIPCCPU2toCPU1Buffers</name>
         <value>0x3f800</value>
         <object_component_ref idref="oc-151"/>
      </symbol>
      <symbol id="sm-4ed">
         <name>_g_asIPCCPU1toCPU2Buffers</name>
         <value>0x3fc00</value>
         <object_component_ref idref="oc-150"/>
      </symbol>
      <symbol id="sm-4ee">
         <name>_g_usPutReadIndexes</name>
         <value>0x3f884</value>
         <object_component_ref idref="oc-14d"/>
      </symbol>
      <symbol id="sm-515">
         <name>_InitPieCtrl</name>
         <value>0x1b169</value>
         <object_component_ref idref="oc-21a"/>
      </symbol>
      <symbol id="sm-516">
         <name>_EnableInterrupts</name>
         <value>0x1b188</value>
         <object_component_ref idref="oc-21a"/>
      </symbol>
      <symbol id="sm-525">
         <name>_PieVectTableInit</name>
         <value>0xa800</value>
         <object_component_ref idref="oc-224"/>
      </symbol>
      <symbol id="sm-526">
         <name>_InitPieVectTable</name>
         <value>0x1b200</value>
         <object_component_ref idref="oc-21b"/>
      </symbol>
      <symbol id="sm-55c">
         <name>_InitSysPll</name>
         <value>0x9cae</value>
         <object_component_ref idref="oc-219"/>
      </symbol>
      <symbol id="sm-55d">
         <name>_SeizeFlashPump</name>
         <value>0x9c87</value>
         <object_component_ref idref="oc-219"/>
      </symbol>
      <symbol id="sm-55e">
         <name>_DisablePeripheralClocks</name>
         <value>0x9f64</value>
         <object_component_ref idref="oc-219"/>
      </symbol>
      <symbol id="sm-55f">
         <name>_DisableDog</name>
         <value>0x9d6d</value>
         <object_component_ref idref="oc-219"/>
      </symbol>
      <symbol id="sm-560">
         <name>_SysIntOsc2Sel</name>
         <value>0x9c65</value>
         <object_component_ref idref="oc-219"/>
      </symbol>
      <symbol id="sm-561">
         <name>_ReleaseFlashPump</name>
         <value>0x9ca4</value>
         <object_component_ref idref="oc-219"/>
      </symbol>
      <symbol id="sm-562">
         <name>_HALT</name>
         <value>0x9fa1</value>
         <object_component_ref idref="oc-219"/>
      </symbol>
      <symbol id="sm-563">
         <name>_IDLE</name>
         <value>0x9f5b</value>
         <object_component_ref idref="oc-219"/>
      </symbol>
      <symbol id="sm-564">
         <name>_InitPeripheralClocks</name>
         <value>0x9d7a</value>
         <object_component_ref idref="oc-219"/>
      </symbol>
      <symbol id="sm-565">
         <name>_SysXtalOscSel</name>
         <value>0x9c59</value>
         <object_component_ref idref="oc-219"/>
      </symbol>
      <symbol id="sm-566">
         <name>_CsmUnlock</name>
         <value>0x9fba</value>
         <object_component_ref idref="oc-219"/>
      </symbol>
      <symbol id="sm-567">
         <name>_SysIntOsc1Sel</name>
         <value>0x9c6f</value>
         <object_component_ref idref="oc-219"/>
      </symbol>
      <symbol id="sm-568">
         <name>_ServiceDog</name>
         <value>0x9c79</value>
         <object_component_ref idref="oc-219"/>
      </symbol>
      <symbol id="sm-569">
         <name>_HIB</name>
         <value>0x9f82</value>
         <object_component_ref idref="oc-219"/>
      </symbol>
      <symbol id="sm-56a">
         <name>_AuxAuxClkSel</name>
         <value>0x9e5b</value>
         <object_component_ref idref="oc-219"/>
      </symbol>
      <symbol id="sm-56b">
         <name>_AuxIntOsc2Sel</name>
         <value>0x9e76</value>
         <object_component_ref idref="oc-219"/>
      </symbol>
      <symbol id="sm-56c">
         <name>_InitAuxPll</name>
         <value>0x9e83</value>
         <object_component_ref idref="oc-219"/>
      </symbol>
      <symbol id="sm-56d">
         <name>_InitSysCtrl</name>
         <value>0x9e23</value>
         <object_component_ref idref="oc-219"/>
      </symbol>
      <symbol id="sm-56e">
         <name>_STANDBY</name>
         <value>0x9c99</value>
         <object_component_ref idref="oc-219"/>
      </symbol>
      <symbol id="sm-56f">
         <name>_AuxXtalOscSel</name>
         <value>0x9e65</value>
         <object_component_ref idref="oc-219"/>
      </symbol>
      <symbol id="sm-57b">
         <name>_tempSensor_tempSlope</name>
         <value>0xc5ba</value>
         <object_component_ref idref="oc-17c"/>
      </symbol>
      <symbol id="sm-57c">
         <name>_tempSensor_tempOffset</name>
         <value>0xc5bc</value>
         <object_component_ref idref="oc-17c"/>
      </symbol>
      <symbol id="sm-57d">
         <name>_tempSensor_scaleFactor</name>
         <value>0xc5be</value>
         <object_component_ref idref="oc-17c"/>
      </symbol>
      <symbol id="sm-59d">
         <name>_deviceOpen</name>
         <value>0xc62c</value>
         <object_component_ref idref="oc-18d"/>
      </symbol>
      <symbol id="sm-5de">
         <name>_I2C</name>
         <value>0xc61c</value>
         <object_component_ref idref="oc-210"/>
      </symbol>
      <symbol id="sm-5df">
         <name>_TRIP_SEL</name>
         <value>0xc580</value>
         <object_component_ref idref="oc-20e"/>
      </symbol>
      <symbol id="sm-5e0">
         <name>_EPWM</name>
         <value>0xc466</value>
         <object_component_ref idref="oc-214"/>
      </symbol>
      <symbol id="sm-5e1">
         <name>_MCBSP</name>
         <value>0xc620</value>
         <object_component_ref idref="oc-211"/>
      </symbol>
      <symbol id="sm-5e2">
         <name>_ECAP</name>
         <value>0xc5d8</value>
         <object_component_ref idref="oc-20d"/>
      </symbol>
      <symbol id="sm-5e3">
         <name>_SPI</name>
         <value>0xc608</value>
         <object_component_ref idref="oc-20c"/>
      </symbol>
      <symbol id="sm-5e4">
         <name>_EQEP</name>
         <value>0xc600</value>
         <object_component_ref idref="oc-20f"/>
      </symbol>
      <symbol id="sm-5e5">
         <name>_SDFM</name>
         <value>0xc610</value>
         <object_component_ref idref="oc-213"/>
      </symbol>
      <symbol id="sm-5e6">
         <name>_ADC</name>
         <value>0xc5f2</value>
         <object_component_ref idref="oc-212"/>
      </symbol>
      <symbol id="sm-5e7">
         <name>_SCI</name>
         <value>0xc624</value>
         <object_component_ref idref="oc-20b"/>
      </symbol>
      <symbol id="sm-5f3">
         <name>_F28x_usDelay</name>
         <value>0x283</value>
         <object_component_ref idref="oc-199"/>
      </symbol>
      <symbol id="sm-61f">
         <name>_fmodf</name>
         <value>0xa55c</value>
         <object_component_ref idref="oc-21d"/>
      </symbol>
      <symbol id="sm-620">
         <name>_fmod</name>
         <value>0xa55c</value>
         <object_component_ref idref="oc-21d"/>
      </symbol>
      <symbol id="sm-678">
         <name>_powf</name>
         <value>0x9fdb</value>
         <object_component_ref idref="oc-21e"/>
      </symbol>
      <symbol id="sm-679">
         <name>_pow</name>
         <value>0x9fdb</value>
         <object_component_ref idref="oc-21e"/>
      </symbol>
      <symbol id="sm-689">
         <name>_sqrtf</name>
         <value>0x1b192</value>
         <object_component_ref idref="oc-226"/>
      </symbol>
      <symbol id="sm-68a">
         <name>_sqrt</name>
         <value>0x1b192</value>
         <object_component_ref idref="oc-226"/>
      </symbol>
      <symbol id="sm-69a">
         <name>_round</name>
         <value>0x1b107</value>
         <object_component_ref idref="oc-221"/>
      </symbol>
      <symbol id="sm-69b">
         <name>_roundf</name>
         <value>0x1b107</value>
         <object_component_ref idref="oc-221"/>
      </symbol>
      <symbol id="sm-6b3">
         <name>_scalbn</name>
         <value>0x1b059</value>
         <object_component_ref idref="oc-22a"/>
      </symbol>
      <symbol id="sm-6b4">
         <name>_ldexp</name>
         <value>0x1b059</value>
         <object_component_ref idref="oc-22a"/>
      </symbol>
      <symbol id="sm-6b5">
         <name>_scalbnf</name>
         <value>0x1b059</value>
         <object_component_ref idref="oc-22a"/>
      </symbol>
      <symbol id="sm-6b6">
         <name>_ldexpf</name>
         <value>0x1b059</value>
         <object_component_ref idref="oc-22a"/>
      </symbol>
      <symbol id="sm-6d1">
         <name>_c_int00</name>
         <value>0x1b0b1</value>
         <object_component_ref idref="oc-88"/>
      </symbol>
      <symbol id="sm-6d2">
         <name>__stack</name>
         <value>0x400</value>
         <object_component_ref idref="oc-1ba"/>
      </symbol>
      <symbol id="sm-6e3">
         <name>FS$$DIV</name>
         <value>0xa6f3</value>
         <object_component_ref idref="oc-1c0"/>
      </symbol>
      <symbol id="sm-6ef">
         <name>LL$$AND</name>
         <value>0x1b1d6</value>
         <object_component_ref idref="oc-1c5"/>
      </symbol>
      <symbol id="sm-6f0">
         <name>LL$$OR</name>
         <value>0x1b1de</value>
         <object_component_ref idref="oc-1c5"/>
      </symbol>
      <symbol id="sm-6f1">
         <name>LL$$XOR</name>
         <value>0x1b1e6</value>
         <object_component_ref idref="oc-1c5"/>
      </symbol>
      <symbol id="sm-700">
         <name>_copy_in</name>
         <value>0xa7d9</value>
         <object_component_ref idref="oc-204"/>
      </symbol>
      <symbol id="sm-711">
         <name>_memcpy</name>
         <value>0x1b1b9</value>
         <object_component_ref idref="oc-215"/>
      </symbol>
      <symbol id="sm-71d">
         <name>__system_pre_init</name>
         <value>0x1b22b</value>
         <object_component_ref idref="oc-203"/>
      </symbol>
      <symbol id="sm-72a">
         <name>__system_post_cinit</name>
         <value>0x1b191</value>
         <object_component_ref idref="oc-205"/>
      </symbol>
      <symbol id="sm-73e">
         <name>C$$EXIT</name>
         <value>0x1b140</value>
         <object_component_ref idref="oc-207"/>
      </symbol>
      <symbol id="sm-73f">
         <name>_exit</name>
         <value>0x1b142</value>
         <object_component_ref idref="oc-207"/>
      </symbol>
      <symbol id="sm-740">
         <name>___TI_cleanup_ptr</name>
         <value>0xc618</value>
         <object_component_ref idref="oc-1e0"/>
      </symbol>
      <symbol id="sm-741">
         <name>___TI_enable_exit_profile_output</name>
         <value>0xc616</value>
         <object_component_ref idref="oc-1e0"/>
      </symbol>
      <symbol id="sm-742">
         <name>_abort</name>
         <value>0x1b140</value>
         <object_component_ref idref="oc-207"/>
      </symbol>
      <symbol id="sm-743">
         <name>___TI_dtors_ptr</name>
         <value>0xc61a</value>
         <object_component_ref idref="oc-1e0"/>
      </symbol>
      <symbol id="sm-757">
         <name>__unlock</name>
         <value>0xc62a</value>
         <object_component_ref idref="oc-22c"/>
      </symbol>
      <symbol id="sm-758">
         <name>__lock</name>
         <value>0xc628</value>
         <object_component_ref idref="oc-216"/>
      </symbol>
      <symbol id="sm-759">
         <name>__register_lock</name>
         <value>0x1b226</value>
         <object_component_ref idref="oc-222"/>
      </symbol>
      <symbol id="sm-75a">
         <name>__nop</name>
         <value>0x1b22a</value>
         <object_component_ref idref="oc-222"/>
      </symbol>
      <symbol id="sm-75b">
         <name>__register_unlock</name>
         <value>0x1b222</value>
         <object_component_ref idref="oc-222"/>
      </symbol>
      <symbol id="sm-76a">
         <name>__args_main</name>
         <value>0x1b1ee</value>
         <object_component_ref idref="oc-206"/>
      </symbol>
      <symbol id="sm-77d">
         <name>_errno</name>
         <value>0xc62d</value>
         <object_component_ref idref="oc-1f6"/>
      </symbol>
      <symbol id="sm-789">
         <name>_copysignf</name>
         <value>0x1b211</value>
         <object_component_ref idref="oc-22d"/>
      </symbol>
      <symbol id="sm-78a">
         <name>_copysign</name>
         <value>0x1b211</value>
         <object_component_ref idref="oc-22d"/>
      </symbol>
      <symbol id="sm-7a0">
         <name>_floorf</name>
         <value>0x1b000</value>
         <object_component_ref idref="oc-22b"/>
      </symbol>
      <symbol id="sm-7a1">
         <name>_floor</name>
         <value>0x1b000</value>
         <object_component_ref idref="oc-22b"/>
      </symbol>
   </symbol_table>
   <title>Link successful</title>
</link_info>
