******************************************************************************
             TMS320C2000 Linker PC v20.2.1                     
******************************************************************************
>> Linked Wed Jan 27 20:28:14 2021

OUTPUT FILE NAME:   <MPC_Module1.out>
ENTRY POINT SYMBOL: "_c_int00"  address: 0001b10f


MEMORY CONFIGURATION

         name            origin    length      used     unused   attr    fill
----------------------  --------  ---------  --------  --------  ----  --------
PAGE 0:
  BEGIN                 00000000   00000002  00000002  00000000  RWIX
  RAMM0                 00000122   000002de  00000199  00000145  RWIX
  RAMLS0                00008000   00002800  00002800  00000000  RWIX
  RAMD0                 0000b000   00000800  00000000  00000800  RWIX
  RAMGS15               0001b000   00001000  00000266  00000d9a  RWIX
  RESET                 003fffc0   00000002  00000000  00000002  RWIX

PAGE 1:
  BOOT_RSVD             00000002   00000120  00000000  00000120  RWIX
  RAMM1                 00000400   00000400  00000200  00000200  RWIX
  ADCA_RESULT           00000b00   00000020  00000018  00000008  RWIX
  ADCB_RESULT           00000b20   00000020  00000018  00000008  RWIX
  ADCC_RESULT           00000b40   00000020  00000018  00000008  RWIX
  ADCD_RESULT           00000b60   00000020  00000018  00000008  RWIX
  CPU_TIMER0            00000c00   00000008  00000008  00000000  RWIX
  CPU_TIMER1            00000c08   00000008  00000008  00000000  RWIX
  CPU_TIMER2            00000c10   00000008  00000008  00000000  RWIX
  PIE_CTRL              00000ce0   00000020  0000001a  00000006  RWIX
  PIE_VECT              00000d00   00000200  000001c0  00000040  RWIX
  DMA                   00001000   00000200  000000e0  00000120  RWIX
  CLA1                  00001400   00000040  0000003e  00000002  RWIX
  EPWM1                 00004000   00000100  00000100  00000000  RWIX
  EPWM2                 00004100   00000100  00000100  00000000  RWIX
  EPWM3                 00004200   00000100  00000100  00000000  RWIX
  EPWM4                 00004300   00000100  00000100  00000000  RWIX
  EPWM5                 00004400   00000100  00000100  00000000  RWIX
  EPWM6                 00004500   00000100  00000100  00000000  RWIX
  EPWM7                 00004600   00000100  00000100  00000000  RWIX
  EPWM8                 00004700   00000100  00000100  00000000  RWIX
  EPWM9                 00004800   00000100  00000100  00000000  RWIX
  EPWM10                00004900   00000100  00000100  00000000  RWIX
  EPWM11                00004a00   00000100  00000100  00000000  RWIX
  EPWM12                00004b00   00000100  00000100  00000000  RWIX
  ECAP1                 00005000   00000020  00000020  00000000  RWIX
  ECAP2                 00005020   00000020  00000020  00000000  RWIX
  ECAP3                 00005040   00000020  00000020  00000000  RWIX
  ECAP4                 00005060   00000020  00000020  00000000  RWIX
  ECAP5                 00005080   00000020  00000020  00000000  RWIX
  ECAP6                 000050a0   00000020  00000020  00000000  RWIX
  EQEP1                 00005100   00000040  00000022  0000001e  RWIX
  EQEP2                 00005140   00000040  00000022  0000001e  RWIX
  EQEP3                 00005180   00000040  00000022  0000001e  RWIX
  DACA                  00005c00   00000010  00000008  00000008  RWIX
  DACB                  00005c10   00000010  00000008  00000008  RWIX
  DACC                  00005c20   00000010  00000008  00000008  RWIX
  CMPSS1                00005c80   00000020  00000020  00000000  RWIX
  CMPSS2                00005ca0   00000020  00000020  00000000  RWIX
  CMPSS3                00005cc0   00000020  00000020  00000000  RWIX
  CMPSS4                00005ce0   00000020  00000020  00000000  RWIX
  CMPSS5                00005d00   00000020  00000020  00000000  RWIX
  CMPSS6                00005d20   00000020  00000020  00000000  RWIX
  CMPSS7                00005d40   00000020  00000020  00000000  RWIX
  CMPSS8                00005d60   00000020  00000020  00000000  RWIX
  SDFM1                 00005e00   00000080  00000080  00000000  RWIX
  SDFM2                 00005e80   00000080  00000080  00000000  RWIX
  MCBSPA                00006000   00000040  00000024  0000001c  RWIX
  MCBSPB                00006040   00000040  00000024  0000001c  RWIX
  SPIA                  00006100   00000010  00000010  00000000  RWIX
  SPIB                  00006110   00000010  00000010  00000000  RWIX
  SPIC                  00006120   00000010  00000010  00000000  RWIX
  SPID                  00006130   00000010  00000000  00000010  RWIX
  UPP                   00006200   00000100  00000048  000000b8  RWIX
  WD                    00007000   00000040  0000002b  00000015  RWIX
  NMIINTRUPT            00007060   00000010  00000007  00000009  RWIX
  XINT                  00007070   00000010  0000000b  00000005  RWIX
  SCIA                  00007200   00000010  00000010  00000000  RWIX
  SCIB                  00007210   00000010  00000010  00000000  RWIX
  SCIC                  00007220   00000010  00000010  00000000  RWIX
  SCID                  00007230   00000010  00000010  00000000  RWIX
  I2CA                  00007300   00000040  00000022  0000001e  RWIX
  I2CB                  00007340   00000040  00000022  0000001e  RWIX
  ADCA                  00007400   00000080  00000080  00000000  RWIX
  ADCB                  00007480   00000080  00000080  00000000  RWIX
  ADCC                  00007500   00000080  00000080  00000000  RWIX
  ADCD                  00007580   00000080  00000080  00000000  RWIX
  INPUT_XBAR            00007900   00000020  00000020  00000000  RWIX
  XBAR                  00007920   00000020  00000020  00000000  RWIX
  SYNC_SOC              00007940   00000010  00000006  0000000a  RWIX
  DMACLASRCSEL          00007980   00000040  0000001a  00000026  RWIX
  EPWM_XBAR             00007a00   00000040  00000040  00000000  RWIX
  CLB_XBAR              00007a40   00000040  00000000  00000040  RWIX
  OUTPUT_XBAR           00007a80   00000040  00000040  00000000  RWIX
  GPIOCTRL              00007c00   00000180  00000180  00000000  RWIX
  GPIODAT               00007f00   00000030  00000030  00000000  RWIX
  RAMLS5                0000a800   00000800  00000212  000005ee  RWIX
  RAMD1                 0000b800   00000800  00000000  00000800  RWIX
  RAMGS0                0000c000   00001000  00000632  000009ce  RWIX
  RAMGS1                0000d000   00001000  00000000  00001000  RWIX
  RAMGS2                0000e000   00001000  00000000  00001000  RWIX
  RAMGS3                0000f000   00001000  00000000  00001000  RWIX
  RAMGS4                00010000   00001000  00000000  00001000  RWIX
  RAMGS5                00011000   00001000  00000000  00001000  RWIX
  RAMGS6                00012000   00001000  00000000  00001000  RWIX
  RAMGS7                00013000   00001000  00000000  00001000  RWIX
  RAMGS8                00014000   00001000  00000000  00001000  RWIX
  RAMGS9                00015000   00001000  00000000  00001000  RWIX
  RAMGS10               00016000   00001000  00000000  00001000  RWIX
  RAMGS11               00017000   00001000  00000000  00001000  RWIX
  RAMGS12               00018000   00001000  00000000  00001000  RWIX
  RAMGS13               00019000   00001000  00000000  00001000  RWIX
  RAMGS14               0001a000   00001000  00000000  00001000  RWIX
  CPU2TOCPU1RAM         0003f800   00000400  00000000  00000400  RWIX
  CPU1TOCPU2RAM         0003fc00   00000400  00000088  00000378  RWIX
  EMIF1                 00047000   00000800  00000070  00000790  RWIX
  EMIF2                 00047800   00000800  00000070  00000790  RWIX
  CANA                  00048000   00000800  00000164  0000069c  RWIX
  CANA_MSG_RAM          00049000   00000800  00000000  00000800  RWIX
  CANB                  0004a000   00000800  00000164  0000069c  RWIX
  CANB_MSG_RAM          0004b000   00000800  00000000  00000800  RWIX
  IPC                   00050000   00000024  00000024  00000000  RWIX
  FLASHPUMPSEMAPHORE    00050024   00000002  00000002  00000000  RWIX
  DEV_CFG               0005d000   00000180  0000012e  00000052  RWIX
  ANALOG_SUBSYS         0005d180   00000080  00000048  00000038  RWIX
  CLK_CFG               0005d200   00000100  00000032  000000ce  RWIX
  CPU_SYS               0005d300   00000100  00000082  0000007e  RWIX
  ROMPREFETCH           0005e608   00000002  00000002  00000000  RWIX
  DCSM_Z1               0005f000   00000030  00000024  0000000c  RWIX
  DCSM_Z2               0005f040   00000030  00000024  0000000c  RWIX
  DCSM_COMMON           0005f070   00000010  00000008  00000008  RWIX
  MEMCFG                0005f400   00000080  00000080  00000000  RWIX
  EMIF1CONFIG           0005f480   00000020  00000020  00000000  RWIX
  EMIF2CONFIG           0005f4a0   00000020  00000020  00000000  RWIX
  ACCESSPROTECTION      0005f4c0   00000040  00000040  00000000  RWIX
  MEMORYERROR           0005f500   00000040  00000040  00000000  RWIX
  ROMWAITSTATE          0005f540   00000002  00000002  00000000  RWIX
  FLASH0_CTRL           0005f800   00000300  00000182  0000017e  RWIX
  FLASH0_ECC            0005fb00   00000040  00000028  00000018  RWIX
  DCSM_Z1_OTP           00078000   00000020  00000020  00000000  RWIX
  DCSM_Z2_OTP           00078200   00000020  00000020  00000000  RWIX


SECTION ALLOCATION MAP

 output                                  attributes/
section   page    origin      length       input sections
--------  ----  ----------  ----------   ----------------
codestart 
*          0    00000000    00000002     
                  00000000    00000002     F2837xD_CodeStartBranch.obj (codestart)

.cinit     0    00000122    00000195     
                  00000122    000000d3     main.obj (.cinit)
                  000001f5    00000021     F2837xD_struct.obj (.cinit:_TRIP_SEL)
                  00000216    0000001d     F2837xD_struct.obj (.cinit:_EPWM)
                  00000233    00000011     F2837xD_struct.obj (.cinit:_ECAP)
                  00000244    00000010     MultipleFloatDataSender.obj (.cinit)
                  00000254    0000000e     rts2800_fpu32.lib : exit.c.obj (.cinit)
                  00000262    0000000d     F2837xD_struct.obj (.cinit:_ADC)
                  0000026f    0000000b     F2837xD_struct.obj (.cinit:_EQEP)
                  0000027a    0000000b     F2837xD_struct.obj (.cinit:_SPI)
                  00000285    00000009     F2837xD_struct.obj (.cinit:_SDFM)
                  0000028e    00000007     F2837xD_struct.obj (.cinit:_I2C)
                  00000295    00000007     F2837xD_struct.obj (.cinit:_MCBSP)
                  0000029c    00000007     F2837xD_struct.obj (.cinit:_SCI)
                  000002a3    00000005     rts2800_fpu32.lib : _lock.c.obj (.cinit:__lock)
                  000002a8    00000005                       : _lock.c.obj (.cinit:__unlock)
                  000002ad    00000004     F2837xD_sci_io.obj (.cinit)
                  000002b1    00000004     rts2800_fpu32.lib : errno.c.obj (.cinit)
                  000002b5    00000002     --HOLE-- [fill = 0]

.pinit     0    00000122    00000000     UNINITIALIZED

.reset     0    003fffc0    00000002     DSECT
                  003fffc0    00000002     rts2800_fpu32.lib : boot28.asm.obj (.reset)

.stack     1    00000400    00000200     UNINITIALIZED
                  00000400    00000200     --HOLE--

AdcaResultFile 
*          1    00000b00    00000018     UNINITIALIZED
                  00000b00    00000018     F2837xD_GlobalVariableDefs.obj (AdcaResultFile)

AdcbResultFile 
*          1    00000b20    00000018     UNINITIALIZED
                  00000b20    00000018     F2837xD_GlobalVariableDefs.obj (AdcbResultFile)

AdccResultFile 
*          1    00000b40    00000018     UNINITIALIZED
                  00000b40    00000018     F2837xD_GlobalVariableDefs.obj (AdccResultFile)

AdcdResultFile 
*          1    00000b60    00000018     UNINITIALIZED
                  00000b60    00000018     F2837xD_GlobalVariableDefs.obj (AdcdResultFile)

CpuTimer0RegsFile 
*          1    00000c00    00000008     UNINITIALIZED
                  00000c00    00000008     F2837xD_GlobalVariableDefs.obj (CpuTimer0RegsFile)

CpuTimer1RegsFile 
*          1    00000c08    00000008     UNINITIALIZED
                  00000c08    00000008     F2837xD_GlobalVariableDefs.obj (CpuTimer1RegsFile)

CpuTimer2RegsFile 
*          1    00000c10    00000008     UNINITIALIZED
                  00000c10    00000008     F2837xD_GlobalVariableDefs.obj (CpuTimer2RegsFile)

PieCtrlRegsFile 
*          1    00000ce0    0000001a     UNINITIALIZED
                  00000ce0    0000001a     F2837xD_GlobalVariableDefs.obj (PieCtrlRegsFile)

DmaRegsFile 
*          1    00001000    000000e0     UNINITIALIZED
                  00001000    000000e0     F2837xD_GlobalVariableDefs.obj (DmaRegsFile)

Cla1RegsFile 
*          1    00001400    0000003e     UNINITIALIZED
                  00001400    0000003e     F2837xD_GlobalVariableDefs.obj (Cla1RegsFile)

EPwm1RegsFile 
*          1    00004000    00000100     UNINITIALIZED
                  00004000    00000100     F2837xD_GlobalVariableDefs.obj (EPwm1RegsFile)

EPwm2RegsFile 
*          1    00004100    00000100     UNINITIALIZED
                  00004100    00000100     F2837xD_GlobalVariableDefs.obj (EPwm2RegsFile)

EPwm3RegsFile 
*          1    00004200    00000100     UNINITIALIZED
                  00004200    00000100     F2837xD_GlobalVariableDefs.obj (EPwm3RegsFile)

EPwm4RegsFile 
*          1    00004300    00000100     UNINITIALIZED
                  00004300    00000100     F2837xD_GlobalVariableDefs.obj (EPwm4RegsFile)

EPwm5RegsFile 
*          1    00004400    00000100     UNINITIALIZED
                  00004400    00000100     F2837xD_GlobalVariableDefs.obj (EPwm5RegsFile)

EPwm6RegsFile 
*          1    00004500    00000100     UNINITIALIZED
                  00004500    00000100     F2837xD_GlobalVariableDefs.obj (EPwm6RegsFile)

EPwm7RegsFile 
*          1    00004600    00000100     UNINITIALIZED
                  00004600    00000100     F2837xD_GlobalVariableDefs.obj (EPwm7RegsFile)

EPwm8RegsFile 
*          1    00004700    00000100     UNINITIALIZED
                  00004700    00000100     F2837xD_GlobalVariableDefs.obj (EPwm8RegsFile)

EPwm9RegsFile 
*          1    00004800    00000100     UNINITIALIZED
                  00004800    00000100     F2837xD_GlobalVariableDefs.obj (EPwm9RegsFile)

EPwm10RegsFile 
*          1    00004900    00000100     UNINITIALIZED
                  00004900    00000100     F2837xD_GlobalVariableDefs.obj (EPwm10RegsFile)

EPwm11RegsFile 
*          1    00004a00    00000100     UNINITIALIZED
                  00004a00    00000100     F2837xD_GlobalVariableDefs.obj (EPwm11RegsFile)

EPwm12RegsFile 
*          1    00004b00    00000100     UNINITIALIZED
                  00004b00    00000100     F2837xD_GlobalVariableDefs.obj (EPwm12RegsFile)

ECap1RegsFile 
*          1    00005000    00000020     UNINITIALIZED
                  00005000    00000020     F2837xD_GlobalVariableDefs.obj (ECap1RegsFile)

ECap2RegsFile 
*          1    00005020    00000020     UNINITIALIZED
                  00005020    00000020     F2837xD_GlobalVariableDefs.obj (ECap2RegsFile)

ECap3RegsFile 
*          1    00005040    00000020     UNINITIALIZED
                  00005040    00000020     F2837xD_GlobalVariableDefs.obj (ECap3RegsFile)

ECap4RegsFile 
*          1    00005060    00000020     UNINITIALIZED
                  00005060    00000020     F2837xD_GlobalVariableDefs.obj (ECap4RegsFile)

ECap5RegsFile 
*          1    00005080    00000020     UNINITIALIZED
                  00005080    00000020     F2837xD_GlobalVariableDefs.obj (ECap5RegsFile)

ECap6RegsFile 
*          1    000050a0    00000020     UNINITIALIZED
                  000050a0    00000020     F2837xD_GlobalVariableDefs.obj (ECap6RegsFile)

EQep1RegsFile 
*          1    00005100    00000022     UNINITIALIZED
                  00005100    00000022     F2837xD_GlobalVariableDefs.obj (EQep1RegsFile)

EQep2RegsFile 
*          1    00005140    00000022     UNINITIALIZED
                  00005140    00000022     F2837xD_GlobalVariableDefs.obj (EQep2RegsFile)

EQep3RegsFile 
*          1    00005180    00000022     UNINITIALIZED
                  00005180    00000022     F2837xD_GlobalVariableDefs.obj (EQep3RegsFile)

DacaRegsFile 
*          1    00005c00    00000008     UNINITIALIZED
                  00005c00    00000008     F2837xD_GlobalVariableDefs.obj (DacaRegsFile)

DacbRegsFile 
*          1    00005c10    00000008     UNINITIALIZED
                  00005c10    00000008     F2837xD_GlobalVariableDefs.obj (DacbRegsFile)

DaccRegsFile 
*          1    00005c20    00000008     UNINITIALIZED
                  00005c20    00000008     F2837xD_GlobalVariableDefs.obj (DaccRegsFile)

Sdfm1RegsFile 
*          1    00005e00    00000080     UNINITIALIZED
                  00005e00    00000080     F2837xD_GlobalVariableDefs.obj (Sdfm1RegsFile)

Sdfm2RegsFile 
*          1    00005e80    00000080     UNINITIALIZED
                  00005e80    00000080     F2837xD_GlobalVariableDefs.obj (Sdfm2RegsFile)

McbspaRegsFile 
*          1    00006000    00000024     UNINITIALIZED
                  00006000    00000024     F2837xD_GlobalVariableDefs.obj (McbspaRegsFile)

McbspbRegsFile 
*          1    00006040    00000024     UNINITIALIZED
                  00006040    00000024     F2837xD_GlobalVariableDefs.obj (McbspbRegsFile)

SpiaRegsFile 
*          1    00006100    00000010     UNINITIALIZED
                  00006100    00000010     F2837xD_GlobalVariableDefs.obj (SpiaRegsFile)

SpibRegsFile 
*          1    00006110    00000010     UNINITIALIZED
                  00006110    00000010     F2837xD_GlobalVariableDefs.obj (SpibRegsFile)

SpicRegsFile 
*          1    00006120    00000010     UNINITIALIZED
                  00006120    00000010     F2837xD_GlobalVariableDefs.obj (SpicRegsFile)

UppRegsFile 
*          1    00006200    00000048     UNINITIALIZED
                  00006200    00000048     F2837xD_GlobalVariableDefs.obj (UppRegsFile)

WdRegsFile 
*          1    00007000    0000002b     UNINITIALIZED
                  00007000    0000002b     F2837xD_GlobalVariableDefs.obj (WdRegsFile)

NmiIntruptRegsFile 
*          1    00007060    00000007     UNINITIALIZED
                  00007060    00000007     F2837xD_GlobalVariableDefs.obj (NmiIntruptRegsFile)

XintRegsFile 
*          1    00007070    0000000b     UNINITIALIZED
                  00007070    0000000b     F2837xD_GlobalVariableDefs.obj (XintRegsFile)

SciaRegsFile 
*          1    00007200    00000010     UNINITIALIZED
                  00007200    00000010     F2837xD_GlobalVariableDefs.obj (SciaRegsFile)

ScibRegsFile 
*          1    00007210    00000010     UNINITIALIZED
                  00007210    00000010     F2837xD_GlobalVariableDefs.obj (ScibRegsFile)

ScicRegsFile 
*          1    00007220    00000010     UNINITIALIZED
                  00007220    00000010     F2837xD_GlobalVariableDefs.obj (ScicRegsFile)

ScidRegsFile 
*          1    00007230    00000010     UNINITIALIZED
                  00007230    00000010     F2837xD_GlobalVariableDefs.obj (ScidRegsFile)

I2caRegsFile 
*          1    00007300    00000022     UNINITIALIZED
                  00007300    00000022     F2837xD_GlobalVariableDefs.obj (I2caRegsFile)

I2cbRegsFile 
*          1    00007340    00000022     UNINITIALIZED
                  00007340    00000022     F2837xD_GlobalVariableDefs.obj (I2cbRegsFile)

InputXbarRegsFile 
*          1    00007900    00000020     UNINITIALIZED
                  00007900    00000020     F2837xD_GlobalVariableDefs.obj (InputXbarRegsFile)

XbarRegsFile 
*          1    00007920    00000020     UNINITIALIZED
                  00007920    00000020     F2837xD_GlobalVariableDefs.obj (XbarRegsFile)

SyncSocRegsFile 
*          1    00007940    00000006     UNINITIALIZED
                  00007940    00000006     F2837xD_GlobalVariableDefs.obj (SyncSocRegsFile)

DmaClaSrcSelRegsFile 
*          1    00007980    0000001a     UNINITIALIZED
                  00007980    0000001a     F2837xD_GlobalVariableDefs.obj (DmaClaSrcSelRegsFile)

EPwmXbarRegsFile 
*          1    00007a00    00000040     UNINITIALIZED
                  00007a00    00000040     F2837xD_GlobalVariableDefs.obj (EPwmXbarRegsFile)

OutputXbarRegsFile 
*          1    00007a80    00000040     UNINITIALIZED
                  00007a80    00000040     F2837xD_GlobalVariableDefs.obj (OutputXbarRegsFile)

GpioCtrlRegsFile 
*          1    00007c00    00000180     UNINITIALIZED
                  00007c00    00000180     F2837xD_GlobalVariableDefs.obj (GpioCtrlRegsFile)

GpioDataRegsFile 
*          1    00007f00    00000030     UNINITIALIZED
                  00007f00    00000030     F2837xD_GlobalVariableDefs.obj (GpioDataRegsFile)

.econst    1    0000a800    00000212     
                  0000a800    000001c0     F2837xD_PieVect.obj (.econst:_PieVectTableInit)
                  0000a9c0    00000032     rts2800_fpu32.lib : e_powf.c.obj (.econst)
                  0000a9f2    00000006                       : s_scalbnf.c.obj (.econst)
                  0000a9f8    00000005     MultipleFloatDataSender.obj (.econst:.string)
                  0000a9fd    00000001     --HOLE-- [fill = 0]
                  0000a9fe    00000004     rts2800_fpu32.lib : e_fmodf.c.obj (.econst:_Zero)
                  0000aa02    00000004                       : e_powf.c.obj (.econst:_bp)
                  0000aa06    00000004                       : e_powf.c.obj (.econst:_dp_h)
                  0000aa0a    00000004                       : e_powf.c.obj (.econst:_dp_l)
                  0000aa0e    00000002                       : e_fmodf.c.obj (.econst)
                  0000aa10    00000002                       : s_floorf.c.obj (.econst)

.ebss      1    0000c000    00000632     UNINITIALIZED
                  0000c000    0000046a     main.obj (.ebss)
                  0000c46a    0000000e     F2837xD_struct.obj (.ebss:_ECAP)
                  0000c478    00000008     F2837xD_struct.obj (.ebss:_EQEP)
                  0000c480    00000100     MultipleFloatDataSender.obj (.ebss:_cSciaLibDataBuffer)
                  0000c580    0000001e     F2837xD_struct.obj (.ebss:_TRIP_SEL)
                  0000c59e    0000001c     MultipleFloatDataSender.obj (.ebss:_cSendMultipleFloatArray)
                  0000c5ba    00000006     F2837xD_TempSensorConv.obj (.ebss)
                  0000c5c0    0000001a     F2837xD_struct.obj (.ebss:_EPWM)
                  0000c5da    00000018     F2837xD_CpuTimers.obj (.ebss)
                  0000c5f2    0000000c     main.obj (.ebss:_DataToBeSent)
                  0000c5fe    00000002     rts2800_fpu32.lib : _lock.c.obj (.ebss:__lock)
                  0000c600    0000000a     F2837xD_struct.obj (.ebss:_ADC)
                  0000c60a    00000008     F2837xD_struct.obj (.ebss:_SPI)
                  0000c612    00000006     F2837xD_struct.obj (.ebss:_SDFM)
                  0000c618    00000006     rts2800_fpu32.lib : exit.c.obj (.ebss)
                  0000c61e    00000004     MultipleFloatDataSender.obj (.ebss)
                  0000c622    00000004     F2837xD_struct.obj (.ebss:_I2C)
                  0000c626    00000004     F2837xD_struct.obj (.ebss:_MCBSP)
                  0000c62a    00000004     F2837xD_struct.obj (.ebss:_SCI)
                  0000c62e    00000002     rts2800_fpu32.lib : _lock.c.obj (.ebss:__unlock)
                  0000c630    00000001     F2837xD_sci_io.obj (.ebss)
                  0000c631    00000001     rts2800_fpu32.lib : errno.c.obj (.ebss)

.TI.ramfunc 
*          0    000002b7    00000004     
                  000002b7    00000004     F2837xD_usDelay.obj (.TI.ramfunc)

PUTBUFFER 
*          1    0003fc00    00000080     UNINITIALIZED
                  0003fc00    00000080     F2837xD_Ipc_Driver.obj (PUTBUFFER)

PUTWRITEIDX 
*          1    0003fc80    00000004     UNINITIALIZED
                  0003fc80    00000004     F2837xD_Ipc_Driver.obj (PUTWRITEIDX)

GETREADIDX 
*          1    0003fc84    00000004     UNINITIALIZED
                  0003fc84    00000004     F2837xD_Ipc_Driver.obj (GETREADIDX)

GETBUFFER 
*          0    0003f800    00000080     DSECT
                  0003f800    00000080     F2837xD_Ipc_Driver.obj (GETBUFFER)

GETWRITEIDX 
*          0    0003f880    00000004     DSECT
                  0003f880    00000004     F2837xD_Ipc_Driver.obj (GETWRITEIDX)

PUTREADIDX 
*          0    0003f884    00000004     DSECT
                  0003f884    00000004     F2837xD_Ipc_Driver.obj (PUTREADIDX)

PieVectTableFile 
*          1    00000d00    000001c0     UNINITIALIZED
                  00000d00    000001c0     F2837xD_GlobalVariableDefs.obj (PieVectTableFile)

EmuKeyVar 
*          1    00000d00    00000001     UNINITIALIZED
                  00000d00    00000001     F2837xD_GlobalVariableDefs.obj (EmuKeyVar)

EmuBModeVar 
*          1    00000d01    00000001     UNINITIALIZED
                  00000d01    00000001     F2837xD_GlobalVariableDefs.obj (EmuBModeVar)

FlashCallbackVar 
*          1    00000d02    00000000     UNINITIALIZED

FlashScalingVar 
*          1    00000d02    00000000     UNINITIALIZED

AdcaRegsFile 
*          1    00007400    00000080     UNINITIALIZED
                  00007400    00000080     F2837xD_GlobalVariableDefs.obj (AdcaRegsFile)

AdcbRegsFile 
*          1    00007480    00000080     UNINITIALIZED
                  00007480    00000080     F2837xD_GlobalVariableDefs.obj (AdcbRegsFile)

AdccRegsFile 
*          1    00007500    00000080     UNINITIALIZED
                  00007500    00000080     F2837xD_GlobalVariableDefs.obj (AdccRegsFile)

AdcdRegsFile 
*          1    00007580    00000080     UNINITIALIZED
                  00007580    00000080     F2837xD_GlobalVariableDefs.obj (AdcdRegsFile)

CanaRegsFile 
*          1    00048000    00000164     UNINITIALIZED
                  00048000    00000164     F2837xD_GlobalVariableDefs.obj (CanaRegsFile)

CanbRegsFile 
*          1    0004a000    00000164     UNINITIALIZED
                  0004a000    00000164     F2837xD_GlobalVariableDefs.obj (CanbRegsFile)

AnalogSubsysRegsFile 
*          1    0005d180    00000048     UNINITIALIZED
                  0005d180    00000048     F2837xD_GlobalVariableDefs.obj (AnalogSubsysRegsFile)

Cla1SoftIntRegsFile 
*          1    00000ce0    00000004     DSECT
                  00000ce0    00000004     F2837xD_GlobalVariableDefs.obj (Cla1SoftIntRegsFile)

Cmpss1RegsFile 
*          1    00005c80    00000020     UNINITIALIZED
                  00005c80    00000020     F2837xD_GlobalVariableDefs.obj (Cmpss1RegsFile)

Cmpss2RegsFile 
*          1    00005ca0    00000020     UNINITIALIZED
                  00005ca0    00000020     F2837xD_GlobalVariableDefs.obj (Cmpss2RegsFile)

Cmpss3RegsFile 
*          1    00005cc0    00000020     UNINITIALIZED
                  00005cc0    00000020     F2837xD_GlobalVariableDefs.obj (Cmpss3RegsFile)

Cmpss4RegsFile 
*          1    00005ce0    00000020     UNINITIALIZED
                  00005ce0    00000020     F2837xD_GlobalVariableDefs.obj (Cmpss4RegsFile)

Cmpss5RegsFile 
*          1    00005d00    00000020     UNINITIALIZED
                  00005d00    00000020     F2837xD_GlobalVariableDefs.obj (Cmpss5RegsFile)

Cmpss6RegsFile 
*          1    00005d20    00000020     UNINITIALIZED
                  00005d20    00000020     F2837xD_GlobalVariableDefs.obj (Cmpss6RegsFile)

Cmpss7RegsFile 
*          1    00005d40    00000020     UNINITIALIZED
                  00005d40    00000020     F2837xD_GlobalVariableDefs.obj (Cmpss7RegsFile)

Cmpss8RegsFile 
*          1    00005d60    00000020     UNINITIALIZED
                  00005d60    00000020     F2837xD_GlobalVariableDefs.obj (Cmpss8RegsFile)

Emif1RegsFile 
*          1    00047000    00000070     UNINITIALIZED
                  00047000    00000070     F2837xD_GlobalVariableDefs.obj (Emif1RegsFile)

Emif2RegsFile 
*          1    00047800    00000070     UNINITIALIZED
                  00047800    00000070     F2837xD_GlobalVariableDefs.obj (Emif2RegsFile)

IpcRegsFile 
*          1    00050000    00000024     UNINITIALIZED
                  00050000    00000024     F2837xD_GlobalVariableDefs.obj (IpcRegsFile)

FlashPumpSemaphoreRegsFile 
*          1    00050024    00000002     UNINITIALIZED
                  00050024    00000002     F2837xD_GlobalVariableDefs.obj (FlashPumpSemaphoreRegsFile)

RomPrefetchRegsFile 
*          1    0005e608    00000002     UNINITIALIZED
                  0005e608    00000002     F2837xD_GlobalVariableDefs.obj (RomPrefetchRegsFile)

DcsmZ1RegsFile 
*          1    0005f000    00000024     UNINITIALIZED
                  0005f000    00000024     F2837xD_GlobalVariableDefs.obj (DcsmZ1RegsFile)

DcsmZ2RegsFile 
*          1    0005f040    00000024     UNINITIALIZED
                  0005f040    00000024     F2837xD_GlobalVariableDefs.obj (DcsmZ2RegsFile)

DcsmCommonRegsFile 
*          1    0005f070    00000008     UNINITIALIZED
                  0005f070    00000008     F2837xD_GlobalVariableDefs.obj (DcsmCommonRegsFile)

MemCfgRegsFile 
*          1    0005f400    00000080     UNINITIALIZED
                  0005f400    00000080     F2837xD_GlobalVariableDefs.obj (MemCfgRegsFile)

Emif1ConfigRegsFile 
*          1    0005f480    00000020     UNINITIALIZED
                  0005f480    00000020     F2837xD_GlobalVariableDefs.obj (Emif1ConfigRegsFile)

Emif2ConfigRegsFile 
*          1    0005f4a0    00000020     UNINITIALIZED
                  0005f4a0    00000020     F2837xD_GlobalVariableDefs.obj (Emif2ConfigRegsFile)

AccessProtectionRegsFile 
*          1    0005f4c0    00000040     UNINITIALIZED
                  0005f4c0    00000040     F2837xD_GlobalVariableDefs.obj (AccessProtectionRegsFile)

MemoryErrorRegsFile 
*          1    0005f500    00000040     UNINITIALIZED
                  0005f500    00000040     F2837xD_GlobalVariableDefs.obj (MemoryErrorRegsFile)

RomWaitStateRegsFile 
*          1    0005f540    00000002     UNINITIALIZED
                  0005f540    00000002     F2837xD_GlobalVariableDefs.obj (RomWaitStateRegsFile)

Flash0CtrlRegsFile 
*          1    0005f800    00000182     UNINITIALIZED
                  0005f800    00000182     F2837xD_GlobalVariableDefs.obj (Flash0CtrlRegsFile)

Flash0EccRegsFile 
*          1    0005fb00    00000028     UNINITIALIZED
                  0005fb00    00000028     F2837xD_GlobalVariableDefs.obj (Flash0EccRegsFile)

DcsmZ1OtpFile 
*          1    00078000    00000020     NOLOAD SECTION
                  00078000    00000020     F2837xD_GlobalVariableDefs.obj (DcsmZ1OtpFile)

DcsmZ2OtpFile 
*          1    00078200    00000020     NOLOAD SECTION
                  00078200    00000020     F2837xD_GlobalVariableDefs.obj (DcsmZ2OtpFile)

DevCfgRegsFile 
*          1    0005d000    0000012e     UNINITIALIZED
                  0005d000    0000012e     F2837xD_GlobalVariableDefs.obj (DevCfgRegsFile)

ClkCfgRegsFile 
*          1    0005d200    00000032     UNINITIALIZED
                  0005d200    00000032     F2837xD_GlobalVariableDefs.obj (ClkCfgRegsFile)

CpuSysRegsFile 
*          1    0005d300    00000082     UNINITIALIZED
                  0005d300    00000082     F2837xD_GlobalVariableDefs.obj (CpuSysRegsFile)

.text.1    0    00008000    00002800     
                  00008000    000012fb     main.obj (.text)
                  000092fb    00000585     F2837xD_DefaultISR.obj (.text:retain)
                  00009880    00000412     main.obj (.text:retain)
                  00009c92    00000382     F2837xD_SysCtrl.obj (.text)
                  0000a014    00000369     rts2800_fpu32.lib : e_powf.c.obj (.text)
                  0000a37d    00000001                       : startup.c.obj (.text)
                  0000a37e    00000218     F2837xD_Gpio.obj (.text)
                  0000a596    000000cf     rts2800_fpu32.lib : e_fmodf.c.obj (.text)
                  0000a665    000000c8     MultipleFloatDataSender.obj (.text)
                  0000a72d    00000088     rts2800_fpu32.lib : fs_div28.asm.obj (.text)
                  0000a7b5    00000039                       : s_roundf.c.obj (.text)
                  0000a7ee    00000012                       : args_main.c.obj (.text)

.text.2    0    0001b000    00000266     
                  0001b000    0000005e     F2837xD_CpuTimers.obj (.text)
                  0001b05e    00000059     rts2800_fpu32.lib : s_floorf.c.obj (.text)
                  0001b0b7    00000058                       : s_scalbnf.c.obj (.text)
                  0001b10f    00000056                       : boot28.asm.obj (.text)
                  0001b165    00000029                       : exit.c.obj (.text)
                  0001b18e    00000028     F2837xD_PieCtrl.obj (.text)
                  0001b1b6    00000027     rts2800_fpu32.lib : e_sqrtf.c.obj (.text)
                  0001b1dd    00000024                       : cpy_tbl.c.obj (.text)
                  0001b201    0000001d                       : memcpy.c.obj (.text)
                  0001b21e    00000018                       : ll_aox28.asm.obj (.text)
                  0001b236    00000011     F2837xD_PieVect.obj (.text)
                  0001b247    00000011     rts2800_fpu32.lib : s_copysignf.c.obj (.text)
                  0001b258    00000009                       : _lock.c.obj (.text)
                  0001b261    00000003     F2837xD_DBGIER.obj (.text)
                  0001b264    00000002     rts2800_fpu32.lib : pre_init.c.obj (.text)

MODULE SUMMARY

       Module                           code    initialized data   uninitialized data
       ------                           ----    ----------------   ------------------
    .\
       main.obj                         5901    211                1142              
    +--+--------------------------------+-------+------------------+--------------------+
       Total:                           5901    211                1142              
                                                                                     
    .\Libs\
       MultipleFloatDataSender.obj      200     21                 288               
    +--+--------------------------------+-------+------------------+--------------------+
       Total:                           200     21                 288               
                                                                                     
    .\sources\
       F2837xD_GlobalVariableDefs.obj   0       0                  8759              
       F2837xD_DefaultISR.obj           1413    0                  0                 
       F2837xD_SysCtrl.obj              898     0                  0                 
       F2837xD_Gpio.obj                 536     0                  0                 
       F2837xD_PieVect.obj              17      448                0                 
       F2837xD_struct.obj               0       144                114               
       F2837xD_Ipc_Driver.obj           0       0                  136               
       F2837xD_CpuTimers.obj            94      0                  24                
       F2837xD_PieCtrl.obj              40      0                  0                 
       F2837xD_TempSensorConv.obj       0       0                  6                 
       F2837xD_sci_io.obj               0       4                  1                 
       F2837xD_usDelay.obj              4       0                  0                 
       F2837xD_DBGIER.obj               3       0                  0                 
       F2837xD_CodeStartBranch.obj      2       0                  0                 
    +--+--------------------------------+-------+------------------+--------------------+
       Total:                           3007    596                9040              
                                                                                     
    C:\ti\ccs1011\ccs\tools\compiler\ti-cgt-c2000_20.2.1.LTS\lib\rts2800_fpu32.lib
       e_powf.c.obj                     873     62                 0                 
       e_fmodf.c.obj                    207     6                  0                 
       fs_div28.asm.obj                 136     0                  0                 
       s_scalbnf.c.obj                  88      6                  0                 
       s_floorf.c.obj                   89      2                  0                 
       boot28.asm.obj                   86      0                  0                 
       exit.c.obj                       41      14                 6                 
       s_roundf.c.obj                   57      0                  0                 
       e_sqrtf.c.obj                    39      0                  0                 
       cpy_tbl.c.obj                    36      0                  0                 
       memcpy.c.obj                     29      0                  0                 
       ll_aox28.asm.obj                 24      0                  0                 
       _lock.c.obj                      9       10                 4                 
       args_main.c.obj                  18      0                  0                 
       s_copysignf.c.obj                17      0                  0                 
       errno.c.obj                      0       4                  1                 
       pre_init.c.obj                   2       0                  0                 
       startup.c.obj                    1       0                  0                 
    +--+--------------------------------+-------+------------------+--------------------+
       Total:                           1752    104                11                
                                                                                     
       Stack:                           0       0                  512               
    +--+--------------------------------+-------+------------------+--------------------+
       Grand Total:                     10860   932                10993             


GLOBAL DATA SYMBOLS: SORTED BY DATA PAGE

address     data page           name
--------    ----------------    ----
00000400      10 (00000400)     __stack

00000b00      2c (00000b00)     _AdcaResultRegs
00000b20      2c (00000b00)     _AdcbResultRegs

00000b40      2d (00000b40)     _AdccResultRegs
00000b60      2d (00000b40)     _AdcdResultRegs

00000c00      30 (00000c00)     _CpuTimer0Regs
00000c08      30 (00000c00)     _CpuTimer1Regs
00000c10      30 (00000c00)     _CpuTimer2Regs

00000ce0      33 (00000cc0)     _Cla1SoftIntRegs
00000ce0      33 (00000cc0)     _PieCtrlRegs

00000d00      34 (00000d00)     _EmuKey
00000d00      34 (00000d00)     _PieVectTable
00000d01      34 (00000d00)     _EmuBMode

00001000      40 (00001000)     _DmaRegs

00001400      50 (00001400)     _Cla1Regs

00004000     100 (00004000)     _EPwm1Regs

00004100     104 (00004100)     _EPwm2Regs

00004200     108 (00004200)     _EPwm3Regs

00004300     10c (00004300)     _EPwm4Regs

00004400     110 (00004400)     _EPwm5Regs

00004500     114 (00004500)     _EPwm6Regs

00004600     118 (00004600)     _EPwm7Regs

00004700     11c (00004700)     _EPwm8Regs

00004800     120 (00004800)     _EPwm9Regs

00004900     124 (00004900)     _EPwm10Regs

00004a00     128 (00004a00)     _EPwm11Regs

00004b00     12c (00004b00)     _EPwm12Regs

00005000     140 (00005000)     _ECap1Regs
00005020     140 (00005000)     _ECap2Regs

00005040     141 (00005040)     _ECap3Regs
00005060     141 (00005040)     _ECap4Regs

00005080     142 (00005080)     _ECap5Regs
000050a0     142 (00005080)     _ECap6Regs

00005100     144 (00005100)     _EQep1Regs

00005140     145 (00005140)     _EQep2Regs

00005180     146 (00005180)     _EQep3Regs

00005c00     170 (00005c00)     _DacaRegs
00005c10     170 (00005c00)     _DacbRegs
00005c20     170 (00005c00)     _DaccRegs

00005c80     172 (00005c80)     _Cmpss1Regs
00005ca0     172 (00005c80)     _Cmpss2Regs

00005cc0     173 (00005cc0)     _Cmpss3Regs
00005ce0     173 (00005cc0)     _Cmpss4Regs

00005d00     174 (00005d00)     _Cmpss5Regs
00005d20     174 (00005d00)     _Cmpss6Regs

00005d40     175 (00005d40)     _Cmpss7Regs
00005d60     175 (00005d40)     _Cmpss8Regs

00005e00     178 (00005e00)     _Sdfm1Regs

00005e80     17a (00005e80)     _Sdfm2Regs

00006000     180 (00006000)     _McbspaRegs

00006040     181 (00006040)     _McbspbRegs

00006100     184 (00006100)     _SpiaRegs
00006110     184 (00006100)     _SpibRegs
00006120     184 (00006100)     _SpicRegs

00006200     188 (00006200)     _UppRegs

00007000     1c0 (00007000)     _WdRegs

00007060     1c1 (00007040)     _NmiIntruptRegs
00007070     1c1 (00007040)     _XintRegs

00007200     1c8 (00007200)     _SciaRegs
00007210     1c8 (00007200)     _ScibRegs
00007220     1c8 (00007200)     _ScicRegs
00007230     1c8 (00007200)     _ScidRegs

00007300     1cc (00007300)     _I2caRegs

00007340     1cd (00007340)     _I2cbRegs

00007400     1d0 (00007400)     _AdcaRegs

00007480     1d2 (00007480)     _AdcbRegs

00007500     1d4 (00007500)     _AdccRegs

00007580     1d6 (00007580)     _AdcdRegs

00007900     1e4 (00007900)     _InputXbarRegs
00007920     1e4 (00007900)     _XbarRegs

00007940     1e5 (00007940)     _SyncSocRegs

00007980     1e6 (00007980)     _DmaClaSrcSelRegs

00007a00     1e8 (00007a00)     _EPwmXbarRegs

00007a80     1ea (00007a80)     _OutputXbarRegs

00007c00     1f0 (00007c00)     _GpioCtrlRegs

00007f00     1fc (00007f00)     _GpioDataRegs

0000a800     2a0 (0000a800)     _PieVectTableInit

0000c000     300 (0000c000)     _StartOperation
0000c001     300 (0000c000)     _OperationMode
0000c002     300 (0000c000)     _OffsetCalculationIsDone
0000c003     300 (0000c000)     _pwmFreq
0000c004     300 (0000c000)     _pwmFreq_inc
0000c005     300 (0000c000)     _ClockMod
0000c006     300 (0000c000)     _ReadDrv8305RegistersFlag
0000c007     300 (0000c000)     _AngleHasBeenReset
0000c008     300 (0000c000)     _EPwm1_TBCTR_value
0000c009     300 (0000c000)     _EPwm2_TBCTR_value
0000c00a     300 (0000c000)     _EPwm3_TBCTR_value
0000c00c     300 (0000c000)     _BlankCounter
0000c00e     300 (0000c000)     _OffsetCalCounter
0000c010     300 (0000c000)     _K1
0000c012     300 (0000c000)     _K2
0000c014     300 (0000c000)     _sectornumber
0000c016     300 (0000c000)     _ControlISRCounter
0000c018     300 (0000c000)     _AlignmentCounter
0000c01a     300 (0000c000)     _TimeCounter
0000c01c     300 (0000c000)     _SendOneInFour
0000c01e     300 (0000c000)     _faultcounter
0000c020     300 (0000c000)     _Xint1Count
0000c022     300 (0000c000)     _SpeedRefRPM
0000c024     300 (0000c000)     _SpeedRefRadSec
0000c026     300 (0000c000)     _phaseInc
0000c028     300 (0000c000)     _mPhase
0000c02a     300 (0000c000)     _POSLAT_now
0000c02c     300 (0000c000)     _POSLAT_prev
0000c02e     300 (0000c000)     _POSLAT_now_save
0000c030     300 (0000c000)     _POSLAT_prev_save
0000c032     300 (0000c000)     _idref
0000c034     300 (0000c000)     _iqref
0000c036     300 (0000c000)     _fswdecided
0000c038     300 (0000c000)     _SpeedMax
0000c03a     300 (0000c000)     _SpeedMin
0000c03c     300 (0000c000)     _qposlatdiff
0000c03e     300 (0000c000)     _qposlatnow

0000c040     301 (0000c040)     _qpolatprev
0000c042     301 (0000c040)     _DirectionMultiplier
0000c044     301 (0000c040)     _RL_Load_Operation
0000c048     301 (0000c040)     _PI_iq
0000c05a     301 (0000c040)     _PI_id

0000c080     302 (0000c080)     _Device1Configuration
0000c096     302 (0000c080)     _Alignment

0000c0c0     303 (0000c0c0)     _Module1_Parameters

0000c46a     311 (0000c440)     _ECAP
0000c478     311 (0000c440)     _EQEP

0000c480     312 (0000c480)     _cSciaLibDataBuffer

0000c580     316 (0000c580)     _TRIP_SEL
0000c59e     316 (0000c580)     _cSendMultipleFloatArray
0000c5ba     316 (0000c580)     _tempSensor_tempSlope
0000c5bc     316 (0000c580)     _tempSensor_tempOffset
0000c5be     316 (0000c580)     _tempSensor_scaleFactor

0000c5c0     317 (0000c5c0)     _EPWM
0000c5da     317 (0000c5c0)     _CpuTimer0
0000c5e2     317 (0000c5c0)     _CpuTimer1
0000c5ea     317 (0000c5c0)     _CpuTimer2
0000c5f2     317 (0000c5c0)     _DataToBeSent
0000c5fe     317 (0000c5c0)     __lock

0000c600     318 (0000c600)     _ADC
0000c60a     318 (0000c600)     _SPI
0000c612     318 (0000c600)     _SDFM
0000c618     318 (0000c600)     ___TI_enable_exit_profile_output
0000c61a     318 (0000c600)     ___TI_cleanup_ptr
0000c61c     318 (0000c600)     ___TI_dtors_ptr
0000c61e     318 (0000c600)     _uiSciaRxBufferIndex
0000c61f     318 (0000c600)     _uiSciaLibReadFromBufferIndex
0000c620     318 (0000c600)     _uiSciaLibWriteToBufferIndex
0000c621     318 (0000c600)     _uiSciaLibBufferNumberOfMessages
0000c622     318 (0000c600)     _I2C
0000c626     318 (0000c600)     _MCBSP
0000c62a     318 (0000c600)     _SCI
0000c62e     318 (0000c600)     __unlock
0000c630     318 (0000c600)     _deviceOpen
0000c631     318 (0000c600)     _errno

0003f800     fe0 (0003f800)     _g_asIPCCPU2toCPU1Buffers

0003f880     fe2 (0003f880)     _g_usGetWriteIndexes
0003f884     fe2 (0003f880)     _g_usPutReadIndexes

0003fc00     ff0 (0003fc00)     _g_asIPCCPU1toCPU2Buffers

0003fc80     ff2 (0003fc80)     _g_usPutWriteIndexes
0003fc84     ff2 (0003fc80)     _g_usGetReadIndexes

00047000    11c0 (00047000)     _Emif1Regs

00047800    11e0 (00047800)     _Emif2Regs

00048000    1200 (00048000)     _CanaRegs

0004a000    1280 (0004a000)     _CanbRegs

00050000    1400 (00050000)     _IpcRegs
00050024    1400 (00050000)     _FlashPumpSemaphoreRegs

0005d000    1740 (0005d000)     _DevCfgRegs

0005d180    1746 (0005d180)     _AnalogSubsysRegs

0005d200    1748 (0005d200)     _ClkCfgRegs

0005d300    174c (0005d300)     _CpuSysRegs

0005e608    1798 (0005e600)     _RomPrefetchRegs

0005f000    17c0 (0005f000)     _DcsmZ1Regs

0005f040    17c1 (0005f040)     _DcsmZ2Regs
0005f070    17c1 (0005f040)     _DcsmCommonRegs

0005f400    17d0 (0005f400)     _MemCfgRegs

0005f480    17d2 (0005f480)     _Emif1ConfigRegs
0005f4a0    17d2 (0005f480)     _Emif2ConfigRegs

0005f4c0    17d3 (0005f4c0)     _AccessProtectionRegs

0005f500    17d4 (0005f500)     _MemoryErrorRegs

0005f540    17d5 (0005f540)     _RomWaitStateRegs

0005f800    17e0 (0005f800)     _Flash0CtrlRegs

0005fb00    17ec (0005fb00)     _Flash0EccRegs

00078000    1e00 (00078000)     _DcsmZ1Otp

00078200    1e08 (00078200)     _DcsmZ2Otp


GLOBAL SYMBOLS: SORTED ALPHABETICALLY BY Name 

page  address   name                                     
----  -------   ----                                     
abs   ffffffff  .text                                    
0     0001b165  C$$EXIT                                  
0     0000a72d  FS$$DIV                                  
0     0001b21e  LL$$AND                                  
0     0001b226  LL$$OR                                   
0     0001b22e  LL$$XOR                                  
1     0000c600  _ADC                                     
0     00009876  _ADCA1_ISR                               
0     0000986c  _ADCA2_ISR                               
0     00009862  _ADCA3_ISR                               
0     00009858  _ADCA4_ISR                               
0     0000984e  _ADCA_EVT_ISR                            
0     00009844  _ADCB1_ISR                               
0     0000983a  _ADCB2_ISR                               
0     00009830  _ADCB3_ISR                               
0     00009826  _ADCB4_ISR                               
0     0000981c  _ADCB_EVT_ISR                            
0     00009812  _ADCC1_ISR                               
0     00009808  _ADCC2_ISR                               
0     000097fe  _ADCC3_ISR                               
0     000097f4  _ADCC4_ISR                               
0     000097ea  _ADCC_EVT_ISR                            
0     000097e0  _ADCD1_ISR                               
0     000097d6  _ADCD2_ISR                               
0     000097cc  _ADCD3_ISR                               
0     000097c2  _ADCD4_ISR                               
0     000097b8  _ADCD_EVT_ISR                            
0     000097ae  _AUX_PLL_SLIP_ISR                        
1     0005f4c0  _AccessProtectionRegs                    
1     00007400  _AdcaRegs                                
1     00000b00  _AdcaResultRegs                          
1     00007480  _AdcbRegs                                
1     00000b20  _AdcbResultRegs                          
1     00007500  _AdccRegs                                
1     00000b40  _AdccResultRegs                          
1     00007580  _AdcdRegs                                
1     00000b60  _AdcdResultRegs                          
1     0000c096  _Alignment                               
1     0000c018  _AlignmentCounter                        
1     0005d180  _AnalogSubsysRegs                        
1     0000c007  _AngleHasBeenReset                       
0     00009e94  _AuxAuxClkSel                            
0     00009eaf  _AuxIntOsc2Sel                           
0     00009e9e  _AuxXtalOscSel                           
1     0000c00c  _BlankCounter                            
0     000097a4  _CANA0_ISR                               
0     0000979a  _CANA1_ISR                               
0     00009790  _CANB0_ISR                               
0     00009786  _CANB1_ISR                               
0     0000977c  _CLA1_1_ISR                              
0     00009772  _CLA1_2_ISR                              
0     00009768  _CLA1_3_ISR                              
0     0000975e  _CLA1_4_ISR                              
0     00009754  _CLA1_5_ISR                              
0     0000974a  _CLA1_6_ISR                              
0     00009740  _CLA1_7_ISR                              
0     00009736  _CLA1_8_ISR                              
0     0000972c  _CLA_OVERFLOW_ISR                        
0     00009722  _CLA_UNDERFLOW_ISR                       
0     0000882a  _CalculateOffsetValue__Fv                
1     00048000  _CanaRegs                                
1     0004a000  _CanbRegs                                
1     00001400  _Cla1Regs                                
0     00000ce0  _Cla1SoftIntRegs                         
1     0005d200  _ClkCfgRegs                              
1     0000c005  _ClockMod                                
1     00005c80  _Cmpss1Regs                              
1     00005ca0  _Cmpss2Regs                              
1     00005cc0  _Cmpss3Regs                              
1     00005ce0  _Cmpss4Regs                              
1     00005d00  _Cmpss5Regs                              
1     00005d20  _Cmpss6Regs                              
1     00005d40  _Cmpss7Regs                              
1     00005d60  _Cmpss8Regs                              
0     0001b03b  _ConfigCpuTimer                          
1     0000c016  _ControlISRCounter                       
1     0005d300  _CpuSysRegs                              
1     0000c5da  _CpuTimer0                               
1     00000c00  _CpuTimer0Regs                           
1     0000c5e2  _CpuTimer1                               
1     00000c08  _CpuTimer1Regs                           
1     0000c5ea  _CpuTimer2                               
1     00000c10  _CpuTimer2Regs                           
0     00009ff3  _CsmUnlock                               
0     00009718  _DATALOG_ISR                             
0     0000970e  _DMA_CH1_ISR                             
0     00009704  _DMA_CH2_ISR                             
0     000096fa  _DMA_CH3_ISR                             
0     000096f0  _DMA_CH4_ISR                             
0     000096e6  _DMA_CH5_ISR                             
0     000096dc  _DMA_CH6_ISR                             
0     0000845e  _DRV8305_SPI_Read__FP12DRV8305_VarsUi    
0     00008443  _DRV8305_SPI_Write__FP12DRV8305_VarsUi   
1     00005c00  _DacaRegs                                
1     00005c10  _DacbRegs                                
1     00005c20  _DaccRegs                                
1     0000c5f2  _DataToBeSent                            
1     0005f070  _DcsmCommonRegs                          
1     00078000  _DcsmZ1Otp                               
1     0005f000  _DcsmZ1Regs                              
1     00078200  _DcsmZ2Otp                               
1     0005f040  _DcsmZ2Regs                              
1     0005d000  _DevCfgRegs                              
1     0000c080  _Device1Configuration                    
1     0000c042  _DirectionMultiplier                     
0     00009da6  _DisableDog                              
0     00009f9d  _DisablePeripheralClocks                 
1     00007980  _DmaClaSrcSelRegs                        
1     00001000  _DmaRegs                                 
1     0000c46a  _ECAP                                    
0     000096d2  _ECAP1_ISR                               
0     000096c8  _ECAP2_ISR                               
0     000096be  _ECAP3_ISR                               
0     000096b4  _ECAP4_ISR                               
0     000096aa  _ECAP5_ISR                               
0     000096a0  _ECAP6_ISR                               
1     00005000  _ECap1Regs                               
1     00005020  _ECap2Regs                               
1     00005040  _ECap3Regs                               
1     00005060  _ECap4Regs                               
1     00005080  _ECap5Regs                               
1     000050a0  _ECap6Regs                               
0     00009696  _EMIF_ERROR_ISR                          
0     00009689  _EMPTY_ISR                               
0     0000967f  _EMU_ISR                                 
1     0000c5c0  _EPWM                                    
0     00009675  _EPWM10_ISR                              
0     0000966b  _EPWM10_TZ_ISR                           
0     00009661  _EPWM11_ISR                              
0     00009657  _EPWM11_TZ_ISR                           
0     0000964d  _EPWM12_ISR                              
0     00009643  _EPWM12_TZ_ISR                           
0     00009639  _EPWM1_ISR                               
0     0000962f  _EPWM1_TZ_ISR                            
0     00009625  _EPWM2_ISR                               
0     0000961b  _EPWM2_TZ_ISR                            
0     00009611  _EPWM3_ISR                               
0     00009607  _EPWM3_TZ_ISR                            
0     000095fd  _EPWM4_ISR                               
0     000095f3  _EPWM4_TZ_ISR                            
0     000095e9  _EPWM5_ISR                               
0     000095df  _EPWM5_TZ_ISR                            
0     000095d5  _EPWM6_ISR                               
0     000095cb  _EPWM6_TZ_ISR                            
0     000095c1  _EPWM7_ISR                               
0     000095b7  _EPWM7_TZ_ISR                            
0     000095ad  _EPWM8_ISR                               
0     000095a3  _EPWM8_TZ_ISR                            
0     00009599  _EPWM9_ISR                               
0     0000958f  _EPWM9_TZ_ISR                            
1     00004900  _EPwm10Regs                              
1     00004a00  _EPwm11Regs                              
1     00004b00  _EPwm12Regs                              
1     00004000  _EPwm1Regs                               
1     0000c008  _EPwm1_TBCTR_value                       
1     00004100  _EPwm2Regs                               
1     0000c009  _EPwm2_TBCTR_value                       
1     00004200  _EPwm3Regs                               
1     0000c00a  _EPwm3_TBCTR_value                       
1     00004300  _EPwm4Regs                               
1     00004400  _EPwm5Regs                               
1     00004500  _EPwm6Regs                               
1     00004600  _EPwm7Regs                               
1     00004700  _EPwm8Regs                               
1     00004800  _EPwm9Regs                               
1     00007a00  _EPwmXbarRegs                            
1     0000c478  _EQEP                                    
0     00009585  _EQEP1_ISR                               
0     0000957b  _EQEP2_ISR                               
0     00009571  _EQEP3_ISR                               
0     0000867a  _EQEPSetup__Fv                           
1     00005100  _EQep1Regs                               
1     00005140  _EQep2Regs                               
1     00005180  _EQep3Regs                               
1     0005f480  _Emif1ConfigRegs                         
1     00047000  _Emif1Regs                               
1     0005f4a0  _Emif2ConfigRegs                         
1     00047800  _Emif2Regs                               
1     00000d01  _EmuBMode                                
1     00000d00  _EmuKey                                  
0     0001b1ad  _EnableInterrupts                        
0     000002b7  _F28x_usDelay                            
0     00009567  _FLASH_CORRECTABLE_ERROR_ISR             
0     0000955d  _FPU_OVERFLOW_ISR                        
0     00009553  _FPU_UNDERFLOW_ISR                       
1     0005f800  _Flash0CtrlRegs                          
1     0005fb00  _Flash0EccRegs                           
1     00050024  _FlashPumpSemaphoreRegs                  
0     0000a586  _GPIO_EnableUnbondedIOPullups            
0     0000a561  _GPIO_EnableUnbondedIOPullupsFor100Pin   
0     0000a548  _GPIO_EnableUnbondedIOPullupsFor176Pin   
0     0000a534  _GPIO_ReadPin                            
0     0000a512  _GPIO_SetupLock                          
0     0000a4bd  _GPIO_SetupPinMux                        
0     0000a438  _GPIO_SetupPinOptions                    
0     0000a431  _GPIO_SetupXINT1Gpio                     
0     0000a42a  _GPIO_SetupXINT2Gpio                     
0     0000a423  _GPIO_SetupXINT3Gpio                     
0     0000a41c  _GPIO_SetupXINT4Gpio                     
0     0000a415  _GPIO_SetupXINT5Gpio                     
0     0000a3fb  _GPIO_WritePin                           
0     00008b6b  _GetAdcReadings__FR16ModuleParameters    
0     00008a81  _GetEncoderReadings__FR16ModuleParameters
0     00008f66  _GetSvpwmDutyCycles__FfN41RfN26          
1     00007c00  _GpioCtrlRegs                            
1     00007f00  _GpioDataRegs                            
0     00009fda  _HALT                                    
0     00009fbb  _HIB                                     
1     0000c622  _I2C                                     
0     00009549  _I2CA_FIFO_ISR                           
0     0000953f  _I2CA_ISR                                
0     00009535  _I2CB_FIFO_ISR                           
0     0000952b  _I2CB_ISR                                
1     00007300  _I2caRegs                                
1     00007340  _I2cbRegs                                
0     00009f94  _IDLE                                    
0     00009521  _ILLEGAL_ISR                             
0     00009517  _IPC0_ISR                                
0     0000950d  _IPC1_ISR                                
0     00009503  _IPC2_ISR                                
0     000094f9  _IPC3_ISR                                
0     00009ebc  _InitAuxPll                              
0     0001b000  _InitCpuTimers                           
0     0000841c  _InitDRV8305Regs__FP12DRV8305_Vars       
0     00008469  _InitDRV8305__FP12DRV8305_Vars           
0     0000a37e  _InitGpio                                
0     00009db3  _InitPeripheralClocks                    
0     0001b18e  _InitPieCtrl                             
0     0001b236  _InitPieVectTable                        
0     000083e8  _InitSpiDrv8305Gpio__Fv                  
0     00008403  _InitSpiRegs_DRV830x__FPV8SPI_REGS       
0     00009e5c  _InitSysCtrl                             
0     00009ce7  _InitSysPll                              
0     000086ca  _InitializationRoutine__Fv               
0     0000801c  _InitializeADCs__Fv                      
0     00008281  _InitializeEpwm1Registers__Fv            
0     0000830e  _InitializeEpwm2Registers__Fv            
0     0000837b  _InitializeEpwm3Registers__Fv            
0     0000a6f5  _InitializeSciaRegisters__Ff             
1     00007900  _InputXbarRegs                           
1     00050000  _IpcRegs                                 
1     0000c010  _K1                                      
1     0000c012  _K2                                      
1     0000c626  _MCBSP                                   
0     000094ef  _MCBSPA_RX_ISR                           
0     000094e5  _MCBSPA_TX_ISR                           
0     000094db  _MCBSPB_RX_ISR                           
0     000094d1  _MCBSPB_TX_ISR                           
1     00006000  _McbspaRegs                              
1     00006040  _McbspbRegs                              
1     0005f400  _MemCfgRegs                              
1     0005f500  _MemoryErrorRegs                         
1     0000c0c0  _Module1_Parameters                      
0     000094c7  _NMI_ISR                                 
0     000094bd  _NOTUSED_ISR                             
1     00007060  _NmiIntruptRegs                          
1     0000c00e  _OffsetCalCounter                        
1     0000c002  _OffsetCalculationIsDone                 
1     0000c001  _OperationMode                           
1     00007a80  _OutputXbarRegs                          
0     000094b3  _PIE_RESERVED_ISR                        
1     0000c05a  _PI_id                                   
1     0000c048  _PI_iq                                   
1     0000c02a  _POSLAT_now                              
1     0000c02e  _POSLAT_now_save                         
1     0000c02c  _POSLAT_prev                             
1     0000c030  _POSLAT_prev_save                        
1     00000ce0  _PieCtrlRegs                             
1     00000d00  _PieVectTable                            
1     0000a800  _PieVectTableInit                        
0     000094a9  _RAM_ACCESS_VIOLATION_ISR                
0     0000949f  _RAM_CORRECTABLE_ERROR_ISR               
1     0000c044  _RL_Load_Operation                       
0     00009495  _RTOS_ISR                                
0     000088cb  _ReadDRV8305Registers__FP12DRV8305_Vars  
1     0000c006  _ReadDrv8305RegistersFlag                
0     00009cdd  _ReleaseFlashPump                        
1     0005e608  _RomPrefetchRegs                         
1     0005f540  _RomWaitStateRegs                        
0     0000910b  _RunAlignmentScenario__Fv                
0     000089f5  _RunTimeProtectionControl__Fv            
1     0000c62a  _SCI                                     
0     0000948b  _SCIA_RX_ISR                             
0     00009481  _SCIA_TX_ISR                             
0     00009477  _SCIB_RX_ISR                             
0     0000946d  _SCIB_TX_ISR                             
0     00009463  _SCIC_RX_ISR                             
0     00009459  _SCIC_TX_ISR                             
0     0000944f  _SCID_RX_ISR                             
0     00009445  _SCID_TX_ISR                             
0     0000943b  _SD1_ISR                                 
0     00009431  _SD2_ISR                                 
1     0000c612  _SDFM                                    
1     0000c60a  _SPI                                     
0     00009427  _SPIA_RX_ISR                             
0     0000941d  _SPIA_TX_ISR                             
0     00009413  _SPIB_RX_ISR                             
0     00009409  _SPIB_TX_ISR                             
0     000093ff  _SPIC_RX_ISR                             
0     000093f5  _SPIC_TX_ISR                             
0     0000843d  _SPI_Driver__FPV8SPI_REGSUi              
0     00009cd2  _STANDBY                                 
0     000093eb  _SYS_PLL_SLIP_ISR                        
0     0000a6d7  _SciSendMultipleFloatWithTheTag__FPfUi   
0     0000a6b4  _SciaBackgroundTask__Fv                  
1     00007200  _SciaRegs                                
0     0000a665  _SciaUartSend_NoInterrupt__FPcUi         
1     00007210  _ScibRegs                                
1     00007220  _ScicRegs                                
1     00007230  _ScidRegs                                
1     00005e00  _Sdfm1Regs                               
1     00005e80  _Sdfm2Regs                               
0     00009cc0  _SeizeFlashPump                          
1     0000c01c  _SendOneInFour                           
0     00009cb2  _ServiceDog                              
0     0001b261  _SetDBGIER                               
0     0000853b  _SetupCmpssProtections__Fv               
0     000081f3  _SetupGPIOs__Fv                          
1     0000c038  _SpeedMax                                
1     0000c03a  _SpeedMin                                
1     0000c022  _SpeedRefRPM                             
1     0000c024  _SpeedRefRadSec                          
1     00006100  _SpiaRegs                                
1     00006110  _SpibRegs                                
1     00006120  _SpicRegs                                
1     0000c000  _StartOperation                          
1     00007940  _SyncSocRegs                             
0     00009ca8  _SysIntOsc1Sel                           
0     00009c9e  _SysIntOsc2Sel                           
0     00009c92  _SysXtalOscSel                           
0     000093e1  _TIMER0_ISR                              
0     000093d7  _TIMER1_ISR                              
0     000093cd  _TIMER2_ISR                              
1     0000c580  _TRIP_SEL                                
1     0000c01a  _TimeCounter                             
0     000093c3  _UPPA_ISR                                
0     000093b9  _USBA_ISR                                
0     000093af  _USER10_ISR                              
0     000093a5  _USER11_ISR                              
0     0000939b  _USER12_ISR                              
0     00009391  _USER1_ISR                               
0     00009387  _USER2_ISR                               
0     0000937d  _USER3_ISR                               
0     00009373  _USER4_ISR                               
0     00009369  _USER5_ISR                               
0     0000935f  _USER6_ISR                               
0     00009355  _USER7_ISR                               
0     0000934b  _USER8_ISR                               
0     00009341  _USER9_ISR                               
1     00006200  _UppRegs                                 
0     00009337  _VCU_ISR                                 
0     0000932d  _WAKE_ISR                                
1     00007000  _WdRegs                                  
0     00009323  _XINT1_ISR                               
0     00009319  _XINT2_ISR                               
0     0000930f  _XINT3_ISR                               
0     00009305  _XINT4_ISR                               
0     000092fb  _XINT5_ISR                               
1     00007920  _XbarRegs                                
1     0000c020  _Xint1Count                              
1     00007070  _XintRegs                                
0     00008bac  _ZeroiseModule1Parameters__Fv            
1     00000600  __STACK_END                              
abs   00000200  __STACK_SIZE                             
1     0000c61a  ___TI_cleanup_ptr                        
1     0000c61c  ___TI_dtors_ptr                          
1     0000c618  ___TI_enable_exit_profile_output         
abs   ffffffff  ___TI_pprof_out_hndl                     
abs   ffffffff  ___TI_prof_data_size                     
abs   ffffffff  ___TI_prof_data_start                    
abs   ffffffff  ___binit__                               
abs   ffffffff  ___c_args__                              
0     00000122  ___cinit__                               
abs   ffffffff  ___etext__                               
abs   ffffffff  ___pinit__                               
abs   ffffffff  ___text__                                
0     0000a7ee  __args_main                              
1     0000c5fe  __lock                                   
0     0001b260  __nop                                    
0     0001b25c  __register_lock                          
0     0001b258  __register_unlock                        
1     00000400  __stack                                  
0     0000a37d  __system_post_cinit                      
0     0001b264  __system_pre_init                        
1     0000c62e  __unlock                                 
0     0001b165  _abort                                   
1     0000c480  _cSciaLibDataBuffer                      
1     0000c59e  _cSendMultipleFloatArray                 
0     0001b10f  _c_int00                                 
0     0001b1dd  _copy_in                                 
0     0001b247  _copysign                                
0     0001b247  _copysignf                               
0     00009c4b  _cpu_timer0_isr__Fv                      
0     00009c31  _cpu_timer1_isr__Fv                      
0     00009c1f  _cpu_timer2_isr__Fv                      
1     0000c630  _deviceOpen                              
0     00009896  _epwm1_isr__Fv                           
1     0000c631  _errno                                   
0     0001b167  _exit                                    
1     0000c01e  _faultcounter                            
0     0001b05e  _floor                                   
0     0001b05e  _floorf                                  
0     0000a596  _fmod                                    
0     0000a596  _fmodf                                   
1     0000c036  _fswdecided                              
1     0003fc00  _g_asIPCCPU1toCPU2Buffers                
0     0003f800  _g_asIPCCPU2toCPU1Buffers                
1     0003fc84  _g_usGetReadIndexes                      
0     0003f880  _g_usGetWriteIndexes                     
0     0003f884  _g_usPutReadIndexes                      
1     0003fc80  _g_usPutWriteIndexes                     
1     0000c032  _idref                                   
1     0000c034  _iqref                                   
0     0001b0b7  _ldexp                                   
0     0001b0b7  _ldexpf                                  
1     0000c028  _mPhase                                  
0     000088e4  _main                                    
0     0001b201  _memcpy                                  
1     0000c026  _phaseInc                                
0     0000a014  _pow                                     
0     0000a014  _powf                                    
1     0000c003  _pwmFreq                                 
1     0000c004  _pwmFreq_inc                             
1     0000c040  _qpolatprev                              
1     0000c03c  _qposlatdiff                             
1     0000c03e  _qposlatnow                              
0     00008000  _ramper__FfN21                           
0     0000a7b5  _round                                   
0     0000a7b5  _roundf                                  
0     0001b0b7  _scalbn                                  
0     0001b0b7  _scalbnf                                 
1     0000c014  _sectornumber                            
0     0001b1b6  _sqrt                                    
0     0001b1b6  _sqrtf                                   
1     0000c5be  _tempSensor_scaleFactor                  
1     0000c5bc  _tempSensor_tempOffset                   
1     0000c5ba  _tempSensor_tempSlope                    
1     0000c621  _uiSciaLibBufferNumberOfMessages         
1     0000c61f  _uiSciaLibReadFromBufferIndex            
1     0000c620  _uiSciaLibWriteToBufferIndex             
1     0000c61e  _uiSciaRxBufferIndex                     
0     00009880  _xint1_isr__Fv                           
abs   ffffffff  binit                                    
0     00000122  cinit                                    
0     00000000  code_start                               
abs   ffffffff  etext                                    
abs   ffffffff  pinit                                    


GLOBAL SYMBOLS: SORTED BY Symbol Address 

page  address   name                                     
----  -------   ----                                     
0     00000000  code_start                               
0     00000122  ___cinit__                               
0     00000122  cinit                                    
0     000002b7  _F28x_usDelay                            
0     00000ce0  _Cla1SoftIntRegs                         
0     00008000  _ramper__FfN21                           
0     0000801c  _InitializeADCs__Fv                      
0     000081f3  _SetupGPIOs__Fv                          
0     00008281  _InitializeEpwm1Registers__Fv            
0     0000830e  _InitializeEpwm2Registers__Fv            
0     0000837b  _InitializeEpwm3Registers__Fv            
0     000083e8  _InitSpiDrv8305Gpio__Fv                  
0     00008403  _InitSpiRegs_DRV830x__FPV8SPI_REGS       
0     0000841c  _InitDRV8305Regs__FP12DRV8305_Vars       
0     0000843d  _SPI_Driver__FPV8SPI_REGSUi              
0     00008443  _DRV8305_SPI_Write__FP12DRV8305_VarsUi   
0     0000845e  _DRV8305_SPI_Read__FP12DRV8305_VarsUi    
0     00008469  _InitDRV8305__FP12DRV8305_Vars           
0     0000853b  _SetupCmpssProtections__Fv               
0     0000867a  _EQEPSetup__Fv                           
0     000086ca  _InitializationRoutine__Fv               
0     0000882a  _CalculateOffsetValue__Fv                
0     000088cb  _ReadDRV8305Registers__FP12DRV8305_Vars  
0     000088e4  _main                                    
0     000089f5  _RunTimeProtectionControl__Fv            
0     00008a81  _GetEncoderReadings__FR16ModuleParameters
0     00008b6b  _GetAdcReadings__FR16ModuleParameters    
0     00008bac  _ZeroiseModule1Parameters__Fv            
0     00008f66  _GetSvpwmDutyCycles__FfN41RfN26          
0     0000910b  _RunAlignmentScenario__Fv                
0     000092fb  _XINT5_ISR                               
0     00009305  _XINT4_ISR                               
0     0000930f  _XINT3_ISR                               
0     00009319  _XINT2_ISR                               
0     00009323  _XINT1_ISR                               
0     0000932d  _WAKE_ISR                                
0     00009337  _VCU_ISR                                 
0     00009341  _USER9_ISR                               
0     0000934b  _USER8_ISR                               
0     00009355  _USER7_ISR                               
0     0000935f  _USER6_ISR                               
0     00009369  _USER5_ISR                               
0     00009373  _USER4_ISR                               
0     0000937d  _USER3_ISR                               
0     00009387  _USER2_ISR                               
0     00009391  _USER1_ISR                               
0     0000939b  _USER12_ISR                              
0     000093a5  _USER11_ISR                              
0     000093af  _USER10_ISR                              
0     000093b9  _USBA_ISR                                
0     000093c3  _UPPA_ISR                                
0     000093cd  _TIMER2_ISR                              
0     000093d7  _TIMER1_ISR                              
0     000093e1  _TIMER0_ISR                              
0     000093eb  _SYS_PLL_SLIP_ISR                        
0     000093f5  _SPIC_TX_ISR                             
0     000093ff  _SPIC_RX_ISR                             
0     00009409  _SPIB_TX_ISR                             
0     00009413  _SPIB_RX_ISR                             
0     0000941d  _SPIA_TX_ISR                             
0     00009427  _SPIA_RX_ISR                             
0     00009431  _SD2_ISR                                 
0     0000943b  _SD1_ISR                                 
0     00009445  _SCID_TX_ISR                             
0     0000944f  _SCID_RX_ISR                             
0     00009459  _SCIC_TX_ISR                             
0     00009463  _SCIC_RX_ISR                             
0     0000946d  _SCIB_TX_ISR                             
0     00009477  _SCIB_RX_ISR                             
0     00009481  _SCIA_TX_ISR                             
0     0000948b  _SCIA_RX_ISR                             
0     00009495  _RTOS_ISR                                
0     0000949f  _RAM_CORRECTABLE_ERROR_ISR               
0     000094a9  _RAM_ACCESS_VIOLATION_ISR                
0     000094b3  _PIE_RESERVED_ISR                        
0     000094bd  _NOTUSED_ISR                             
0     000094c7  _NMI_ISR                                 
0     000094d1  _MCBSPB_TX_ISR                           
0     000094db  _MCBSPB_RX_ISR                           
0     000094e5  _MCBSPA_TX_ISR                           
0     000094ef  _MCBSPA_RX_ISR                           
0     000094f9  _IPC3_ISR                                
0     00009503  _IPC2_ISR                                
0     0000950d  _IPC1_ISR                                
0     00009517  _IPC0_ISR                                
0     00009521  _ILLEGAL_ISR                             
0     0000952b  _I2CB_ISR                                
0     00009535  _I2CB_FIFO_ISR                           
0     0000953f  _I2CA_ISR                                
0     00009549  _I2CA_FIFO_ISR                           
0     00009553  _FPU_UNDERFLOW_ISR                       
0     0000955d  _FPU_OVERFLOW_ISR                        
0     00009567  _FLASH_CORRECTABLE_ERROR_ISR             
0     00009571  _EQEP3_ISR                               
0     0000957b  _EQEP2_ISR                               
0     00009585  _EQEP1_ISR                               
0     0000958f  _EPWM9_TZ_ISR                            
0     00009599  _EPWM9_ISR                               
0     000095a3  _EPWM8_TZ_ISR                            
0     000095ad  _EPWM8_ISR                               
0     000095b7  _EPWM7_TZ_ISR                            
0     000095c1  _EPWM7_ISR                               
0     000095cb  _EPWM6_TZ_ISR                            
0     000095d5  _EPWM6_ISR                               
0     000095df  _EPWM5_TZ_ISR                            
0     000095e9  _EPWM5_ISR                               
0     000095f3  _EPWM4_TZ_ISR                            
0     000095fd  _EPWM4_ISR                               
0     00009607  _EPWM3_TZ_ISR                            
0     00009611  _EPWM3_ISR                               
0     0000961b  _EPWM2_TZ_ISR                            
0     00009625  _EPWM2_ISR                               
0     0000962f  _EPWM1_TZ_ISR                            
0     00009639  _EPWM1_ISR                               
0     00009643  _EPWM12_TZ_ISR                           
0     0000964d  _EPWM12_ISR                              
0     00009657  _EPWM11_TZ_ISR                           
0     00009661  _EPWM11_ISR                              
0     0000966b  _EPWM10_TZ_ISR                           
0     00009675  _EPWM10_ISR                              
0     0000967f  _EMU_ISR                                 
0     00009689  _EMPTY_ISR                               
0     00009696  _EMIF_ERROR_ISR                          
0     000096a0  _ECAP6_ISR                               
0     000096aa  _ECAP5_ISR                               
0     000096b4  _ECAP4_ISR                               
0     000096be  _ECAP3_ISR                               
0     000096c8  _ECAP2_ISR                               
0     000096d2  _ECAP1_ISR                               
0     000096dc  _DMA_CH6_ISR                             
0     000096e6  _DMA_CH5_ISR                             
0     000096f0  _DMA_CH4_ISR                             
0     000096fa  _DMA_CH3_ISR                             
0     00009704  _DMA_CH2_ISR                             
0     0000970e  _DMA_CH1_ISR                             
0     00009718  _DATALOG_ISR                             
0     00009722  _CLA_UNDERFLOW_ISR                       
0     0000972c  _CLA_OVERFLOW_ISR                        
0     00009736  _CLA1_8_ISR                              
0     00009740  _CLA1_7_ISR                              
0     0000974a  _CLA1_6_ISR                              
0     00009754  _CLA1_5_ISR                              
0     0000975e  _CLA1_4_ISR                              
0     00009768  _CLA1_3_ISR                              
0     00009772  _CLA1_2_ISR                              
0     0000977c  _CLA1_1_ISR                              
0     00009786  _CANB1_ISR                               
0     00009790  _CANB0_ISR                               
0     0000979a  _CANA1_ISR                               
0     000097a4  _CANA0_ISR                               
0     000097ae  _AUX_PLL_SLIP_ISR                        
0     000097b8  _ADCD_EVT_ISR                            
0     000097c2  _ADCD4_ISR                               
0     000097cc  _ADCD3_ISR                               
0     000097d6  _ADCD2_ISR                               
0     000097e0  _ADCD1_ISR                               
0     000097ea  _ADCC_EVT_ISR                            
0     000097f4  _ADCC4_ISR                               
0     000097fe  _ADCC3_ISR                               
0     00009808  _ADCC2_ISR                               
0     00009812  _ADCC1_ISR                               
0     0000981c  _ADCB_EVT_ISR                            
0     00009826  _ADCB4_ISR                               
0     00009830  _ADCB3_ISR                               
0     0000983a  _ADCB2_ISR                               
0     00009844  _ADCB1_ISR                               
0     0000984e  _ADCA_EVT_ISR                            
0     00009858  _ADCA4_ISR                               
0     00009862  _ADCA3_ISR                               
0     0000986c  _ADCA2_ISR                               
0     00009876  _ADCA1_ISR                               
0     00009880  _xint1_isr__Fv                           
0     00009896  _epwm1_isr__Fv                           
0     00009c1f  _cpu_timer2_isr__Fv                      
0     00009c31  _cpu_timer1_isr__Fv                      
0     00009c4b  _cpu_timer0_isr__Fv                      
0     00009c92  _SysXtalOscSel                           
0     00009c9e  _SysIntOsc2Sel                           
0     00009ca8  _SysIntOsc1Sel                           
0     00009cb2  _ServiceDog                              
0     00009cc0  _SeizeFlashPump                          
0     00009cd2  _STANDBY                                 
0     00009cdd  _ReleaseFlashPump                        
0     00009ce7  _InitSysPll                              
0     00009da6  _DisableDog                              
0     00009db3  _InitPeripheralClocks                    
0     00009e5c  _InitSysCtrl                             
0     00009e94  _AuxAuxClkSel                            
0     00009e9e  _AuxXtalOscSel                           
0     00009eaf  _AuxIntOsc2Sel                           
0     00009ebc  _InitAuxPll                              
0     00009f94  _IDLE                                    
0     00009f9d  _DisablePeripheralClocks                 
0     00009fbb  _HIB                                     
0     00009fda  _HALT                                    
0     00009ff3  _CsmUnlock                               
0     0000a014  _pow                                     
0     0000a014  _powf                                    
0     0000a37d  __system_post_cinit                      
0     0000a37e  _InitGpio                                
0     0000a3fb  _GPIO_WritePin                           
0     0000a415  _GPIO_SetupXINT5Gpio                     
0     0000a41c  _GPIO_SetupXINT4Gpio                     
0     0000a423  _GPIO_SetupXINT3Gpio                     
0     0000a42a  _GPIO_SetupXINT2Gpio                     
0     0000a431  _GPIO_SetupXINT1Gpio                     
0     0000a438  _GPIO_SetupPinOptions                    
0     0000a4bd  _GPIO_SetupPinMux                        
0     0000a512  _GPIO_SetupLock                          
0     0000a534  _GPIO_ReadPin                            
0     0000a548  _GPIO_EnableUnbondedIOPullupsFor176Pin   
0     0000a561  _GPIO_EnableUnbondedIOPullupsFor100Pin   
0     0000a586  _GPIO_EnableUnbondedIOPullups            
0     0000a596  _fmod                                    
0     0000a596  _fmodf                                   
0     0000a665  _SciaUartSend_NoInterrupt__FPcUi         
0     0000a6b4  _SciaBackgroundTask__Fv                  
0     0000a6d7  _SciSendMultipleFloatWithTheTag__FPfUi   
0     0000a6f5  _InitializeSciaRegisters__Ff             
0     0000a72d  FS$$DIV                                  
0     0000a7b5  _round                                   
0     0000a7b5  _roundf                                  
0     0000a7ee  __args_main                              
0     0001b000  _InitCpuTimers                           
0     0001b03b  _ConfigCpuTimer                          
0     0001b05e  _floor                                   
0     0001b05e  _floorf                                  
0     0001b0b7  _ldexp                                   
0     0001b0b7  _ldexpf                                  
0     0001b0b7  _scalbn                                  
0     0001b0b7  _scalbnf                                 
0     0001b10f  _c_int00                                 
0     0001b165  C$$EXIT                                  
0     0001b165  _abort                                   
0     0001b167  _exit                                    
0     0001b18e  _InitPieCtrl                             
0     0001b1ad  _EnableInterrupts                        
0     0001b1b6  _sqrt                                    
0     0001b1b6  _sqrtf                                   
0     0001b1dd  _copy_in                                 
0     0001b201  _memcpy                                  
0     0001b21e  LL$$AND                                  
0     0001b226  LL$$OR                                   
0     0001b22e  LL$$XOR                                  
0     0001b236  _InitPieVectTable                        
0     0001b247  _copysign                                
0     0001b247  _copysignf                               
0     0001b258  __register_unlock                        
0     0001b25c  __register_lock                          
0     0001b260  __nop                                    
0     0001b261  _SetDBGIER                               
0     0001b264  __system_pre_init                        
0     0003f800  _g_asIPCCPU2toCPU1Buffers                
0     0003f880  _g_usGetWriteIndexes                     
0     0003f884  _g_usPutReadIndexes                      
1     00000400  __stack                                  
1     00000600  __STACK_END                              
1     00000b00  _AdcaResultRegs                          
1     00000b20  _AdcbResultRegs                          
1     00000b40  _AdccResultRegs                          
1     00000b60  _AdcdResultRegs                          
1     00000c00  _CpuTimer0Regs                           
1     00000c08  _CpuTimer1Regs                           
1     00000c10  _CpuTimer2Regs                           
1     00000ce0  _PieCtrlRegs                             
1     00000d00  _EmuKey                                  
1     00000d00  _PieVectTable                            
1     00000d01  _EmuBMode                                
1     00001000  _DmaRegs                                 
1     00001400  _Cla1Regs                                
1     00004000  _EPwm1Regs                               
1     00004100  _EPwm2Regs                               
1     00004200  _EPwm3Regs                               
1     00004300  _EPwm4Regs                               
1     00004400  _EPwm5Regs                               
1     00004500  _EPwm6Regs                               
1     00004600  _EPwm7Regs                               
1     00004700  _EPwm8Regs                               
1     00004800  _EPwm9Regs                               
1     00004900  _EPwm10Regs                              
1     00004a00  _EPwm11Regs                              
1     00004b00  _EPwm12Regs                              
1     00005000  _ECap1Regs                               
1     00005020  _ECap2Regs                               
1     00005040  _ECap3Regs                               
1     00005060  _ECap4Regs                               
1     00005080  _ECap5Regs                               
1     000050a0  _ECap6Regs                               
1     00005100  _EQep1Regs                               
1     00005140  _EQep2Regs                               
1     00005180  _EQep3Regs                               
1     00005c00  _DacaRegs                                
1     00005c10  _DacbRegs                                
1     00005c20  _DaccRegs                                
1     00005c80  _Cmpss1Regs                              
1     00005ca0  _Cmpss2Regs                              
1     00005cc0  _Cmpss3Regs                              
1     00005ce0  _Cmpss4Regs                              
1     00005d00  _Cmpss5Regs                              
1     00005d20  _Cmpss6Regs                              
1     00005d40  _Cmpss7Regs                              
1     00005d60  _Cmpss8Regs                              
1     00005e00  _Sdfm1Regs                               
1     00005e80  _Sdfm2Regs                               
1     00006000  _McbspaRegs                              
1     00006040  _McbspbRegs                              
1     00006100  _SpiaRegs                                
1     00006110  _SpibRegs                                
1     00006120  _SpicRegs                                
1     00006200  _UppRegs                                 
1     00007000  _WdRegs                                  
1     00007060  _NmiIntruptRegs                          
1     00007070  _XintRegs                                
1     00007200  _SciaRegs                                
1     00007210  _ScibRegs                                
1     00007220  _ScicRegs                                
1     00007230  _ScidRegs                                
1     00007300  _I2caRegs                                
1     00007340  _I2cbRegs                                
1     00007400  _AdcaRegs                                
1     00007480  _AdcbRegs                                
1     00007500  _AdccRegs                                
1     00007580  _AdcdRegs                                
1     00007900  _InputXbarRegs                           
1     00007920  _XbarRegs                                
1     00007940  _SyncSocRegs                             
1     00007980  _DmaClaSrcSelRegs                        
1     00007a00  _EPwmXbarRegs                            
1     00007a80  _OutputXbarRegs                          
1     00007c00  _GpioCtrlRegs                            
1     00007f00  _GpioDataRegs                            
1     0000a800  _PieVectTableInit                        
1     0000c000  _StartOperation                          
1     0000c001  _OperationMode                           
1     0000c002  _OffsetCalculationIsDone                 
1     0000c003  _pwmFreq                                 
1     0000c004  _pwmFreq_inc                             
1     0000c005  _ClockMod                                
1     0000c006  _ReadDrv8305RegistersFlag                
1     0000c007  _AngleHasBeenReset                       
1     0000c008  _EPwm1_TBCTR_value                       
1     0000c009  _EPwm2_TBCTR_value                       
1     0000c00a  _EPwm3_TBCTR_value                       
1     0000c00c  _BlankCounter                            
1     0000c00e  _OffsetCalCounter                        
1     0000c010  _K1                                      
1     0000c012  _K2                                      
1     0000c014  _sectornumber                            
1     0000c016  _ControlISRCounter                       
1     0000c018  _AlignmentCounter                        
1     0000c01a  _TimeCounter                             
1     0000c01c  _SendOneInFour                           
1     0000c01e  _faultcounter                            
1     0000c020  _Xint1Count                              
1     0000c022  _SpeedRefRPM                             
1     0000c024  _SpeedRefRadSec                          
1     0000c026  _phaseInc                                
1     0000c028  _mPhase                                  
1     0000c02a  _POSLAT_now                              
1     0000c02c  _POSLAT_prev                             
1     0000c02e  _POSLAT_now_save                         
1     0000c030  _POSLAT_prev_save                        
1     0000c032  _idref                                   
1     0000c034  _iqref                                   
1     0000c036  _fswdecided                              
1     0000c038  _SpeedMax                                
1     0000c03a  _SpeedMin                                
1     0000c03c  _qposlatdiff                             
1     0000c03e  _qposlatnow                              
1     0000c040  _qpolatprev                              
1     0000c042  _DirectionMultiplier                     
1     0000c044  _RL_Load_Operation                       
1     0000c048  _PI_iq                                   
1     0000c05a  _PI_id                                   
1     0000c080  _Device1Configuration                    
1     0000c096  _Alignment                               
1     0000c0c0  _Module1_Parameters                      
1     0000c46a  _ECAP                                    
1     0000c478  _EQEP                                    
1     0000c480  _cSciaLibDataBuffer                      
1     0000c580  _TRIP_SEL                                
1     0000c59e  _cSendMultipleFloatArray                 
1     0000c5ba  _tempSensor_tempSlope                    
1     0000c5bc  _tempSensor_tempOffset                   
1     0000c5be  _tempSensor_scaleFactor                  
1     0000c5c0  _EPWM                                    
1     0000c5da  _CpuTimer0                               
1     0000c5e2  _CpuTimer1                               
1     0000c5ea  _CpuTimer2                               
1     0000c5f2  _DataToBeSent                            
1     0000c5fe  __lock                                   
1     0000c600  _ADC                                     
1     0000c60a  _SPI                                     
1     0000c612  _SDFM                                    
1     0000c618  ___TI_enable_exit_profile_output         
1     0000c61a  ___TI_cleanup_ptr                        
1     0000c61c  ___TI_dtors_ptr                          
1     0000c61e  _uiSciaRxBufferIndex                     
1     0000c61f  _uiSciaLibReadFromBufferIndex            
1     0000c620  _uiSciaLibWriteToBufferIndex             
1     0000c621  _uiSciaLibBufferNumberOfMessages         
1     0000c622  _I2C                                     
1     0000c626  _MCBSP                                   
1     0000c62a  _SCI                                     
1     0000c62e  __unlock                                 
1     0000c630  _deviceOpen                              
1     0000c631  _errno                                   
1     0003fc00  _g_asIPCCPU1toCPU2Buffers                
1     0003fc80  _g_usPutWriteIndexes                     
1     0003fc84  _g_usGetReadIndexes                      
1     00047000  _Emif1Regs                               
1     00047800  _Emif2Regs                               
1     00048000  _CanaRegs                                
1     0004a000  _CanbRegs                                
1     00050000  _IpcRegs                                 
1     00050024  _FlashPumpSemaphoreRegs                  
1     0005d000  _DevCfgRegs                              
1     0005d180  _AnalogSubsysRegs                        
1     0005d200  _ClkCfgRegs                              
1     0005d300  _CpuSysRegs                              
1     0005e608  _RomPrefetchRegs                         
1     0005f000  _DcsmZ1Regs                              
1     0005f040  _DcsmZ2Regs                              
1     0005f070  _DcsmCommonRegs                          
1     0005f400  _MemCfgRegs                              
1     0005f480  _Emif1ConfigRegs                         
1     0005f4a0  _Emif2ConfigRegs                         
1     0005f4c0  _AccessProtectionRegs                    
1     0005f500  _MemoryErrorRegs                         
1     0005f540  _RomWaitStateRegs                        
1     0005f800  _Flash0CtrlRegs                          
1     0005fb00  _Flash0EccRegs                           
1     00078000  _DcsmZ1Otp                               
1     00078200  _DcsmZ2Otp                               
abs   00000200  __STACK_SIZE                             
abs   ffffffff  .text                                    
abs   ffffffff  ___TI_pprof_out_hndl                     
abs   ffffffff  ___TI_prof_data_size                     
abs   ffffffff  ___TI_prof_data_start                    
abs   ffffffff  ___binit__                               
abs   ffffffff  ___c_args__                              
abs   ffffffff  ___etext__                               
abs   ffffffff  ___pinit__                               
abs   ffffffff  ___text__                                
abs   ffffffff  binit                                    
abs   ffffffff  etext                                    
abs   ffffffff  pinit                                    

[447 symbols]
