******************************************************************************
             TMS320C2000 Linker PC v20.2.1                     
******************************************************************************
>> Linked Sun Nov 29 11:39:53 2020

OUTPUT FILE NAME:   <MPC_Module1.out>
ENTRY POINT SYMBOL: "_c_int00"  address: 0000039f


MEMORY CONFIGURATION

         name            origin    length      used     unused   attr    fill
----------------------  --------  ---------  --------  --------  ----  --------
PAGE 0:
  BEGIN                 00000000   00000002  00000002  00000000  RWIX
  RAMM0                 00000122   000002de  000002dd  00000001  RWIX
  RAMLS0                00008000   00000800  000006e5  0000011b  RWIX
  RAMLS1                00008800   00000800  00000000  00000800  RWIX
  RAMLS2                00009000   00000800  00000000  00000800  RWIX
  RAMLS3                00009800   00000800  00000000  00000800  RWIX
  RAMLS4                0000a000   00000800  00000000  00000800  RWIX
  RAMD0                 0000b000   00000800  00000800  00000000  RWIX
  RAMGS15               0001b000   00001000  000009c6  0000063a  RWIX
  RESET                 003fffc0   00000002  00000000  00000002  RWIX

PAGE 1:
  BOOT_RSVD             00000002   00000120  00000000  00000120  RWIX
  RAMM1                 00000400   00000400  00000200  00000200  RWIX
  ADCA_RESULT           00000b00   00000020  00000018  00000008  RWIX
  ADCB_RESULT           00000b20   00000020  00000018  00000008  RWIX
  ADCC_RESULT           00000b40   00000020  00000018  00000008  RWIX
  ADCD_RESULT           00000b60   00000020  00000018  00000008  RWIX
  CPU_TIMER0            00000c00   00000008  00000008  00000000  RWIX
  CPU_TIMER1            00000c08   00000008  00000008  00000000  RWIX
  CPU_TIMER2            00000c10   00000008  00000008  00000000  RWIX
  PIE_CTRL              00000ce0   00000020  0000001a  00000006  RWIX
  PIE_VECT              00000d00   00000200  000001c0  00000040  RWIX
  DMA                   00001000   00000200  000000e0  00000120  RWIX
  CLA1                  00001400   00000040  0000003e  00000002  RWIX
  EPWM1                 00004000   00000100  00000100  00000000  RWIX
  EPWM2                 00004100   00000100  00000100  00000000  RWIX
  EPWM3                 00004200   00000100  00000100  00000000  RWIX
  EPWM4                 00004300   00000100  00000100  00000000  RWIX
  EPWM5                 00004400   00000100  00000100  00000000  RWIX
  EPWM6                 00004500   00000100  00000100  00000000  RWIX
  EPWM7                 00004600   00000100  00000100  00000000  RWIX
  EPWM8                 00004700   00000100  00000100  00000000  RWIX
  EPWM9                 00004800   00000100  00000100  00000000  RWIX
  EPWM10                00004900   00000100  00000100  00000000  RWIX
  EPWM11                00004a00   00000100  00000100  00000000  RWIX
  EPWM12                00004b00   00000100  00000100  00000000  RWIX
  ECAP1                 00005000   00000020  00000020  00000000  RWIX
  ECAP2                 00005020   00000020  00000020  00000000  RWIX
  ECAP3                 00005040   00000020  00000020  00000000  RWIX
  ECAP4                 00005060   00000020  00000020  00000000  RWIX
  ECAP5                 00005080   00000020  00000020  00000000  RWIX
  ECAP6                 000050a0   00000020  00000020  00000000  RWIX
  EQEP1                 00005100   00000040  00000022  0000001e  RWIX
  EQEP2                 00005140   00000040  00000022  0000001e  RWIX
  EQEP3                 00005180   00000040  00000022  0000001e  RWIX
  DACA                  00005c00   00000010  00000008  00000008  RWIX
  DACB                  00005c10   00000010  00000008  00000008  RWIX
  DACC                  00005c20   00000010  00000008  00000008  RWIX
  CMPSS1                00005c80   00000020  00000020  00000000  RWIX
  CMPSS2                00005ca0   00000020  00000020  00000000  RWIX
  CMPSS3                00005cc0   00000020  00000020  00000000  RWIX
  CMPSS4                00005ce0   00000020  00000020  00000000  RWIX
  CMPSS5                00005d00   00000020  00000020  00000000  RWIX
  CMPSS6                00005d20   00000020  00000020  00000000  RWIX
  CMPSS7                00005d40   00000020  00000020  00000000  RWIX
  CMPSS8                00005d60   00000020  00000020  00000000  RWIX
  SDFM1                 00005e00   00000080  00000080  00000000  RWIX
  SDFM2                 00005e80   00000080  00000080  00000000  RWIX
  MCBSPA                00006000   00000040  00000024  0000001c  RWIX
  MCBSPB                00006040   00000040  00000024  0000001c  RWIX
  SPIA                  00006100   00000010  00000010  00000000  RWIX
  SPIB                  00006110   00000010  00000010  00000000  RWIX
  SPIC                  00006120   00000010  00000010  00000000  RWIX
  SPID                  00006130   00000010  00000000  00000010  RWIX
  UPP                   00006200   00000100  00000048  000000b8  RWIX
  WD                    00007000   00000040  0000002b  00000015  RWIX
  NMIINTRUPT            00007060   00000010  00000007  00000009  RWIX
  XINT                  00007070   00000010  0000000b  00000005  RWIX
  SCIA                  00007200   00000010  00000010  00000000  RWIX
  SCIB                  00007210   00000010  00000010  00000000  RWIX
  SCIC                  00007220   00000010  00000010  00000000  RWIX
  SCID                  00007230   00000010  00000010  00000000  RWIX
  I2CA                  00007300   00000040  00000022  0000001e  RWIX
  I2CB                  00007340   00000040  00000022  0000001e  RWIX
  ADCA                  00007400   00000080  00000080  00000000  RWIX
  ADCB                  00007480   00000080  00000080  00000000  RWIX
  ADCC                  00007500   00000080  00000080  00000000  RWIX
  ADCD                  00007580   00000080  00000080  00000000  RWIX
  INPUT_XBAR            00007900   00000020  00000020  00000000  RWIX
  XBAR                  00007920   00000020  00000020  00000000  RWIX
  SYNC_SOC              00007940   00000010  00000006  0000000a  RWIX
  DMACLASRCSEL          00007980   00000040  0000001a  00000026  RWIX
  EPWM_XBAR             00007a00   00000040  00000040  00000000  RWIX
  CLB_XBAR              00007a40   00000040  00000000  00000040  RWIX
  OUTPUT_XBAR           00007a80   00000040  00000040  00000000  RWIX
  GPIOCTRL              00007c00   00000180  00000180  00000000  RWIX
  GPIODAT               00007f00   00000030  00000030  00000000  RWIX
  RAMLS5                0000a800   00000800  000001c8  00000638  RWIX
  RAMD1                 0000b800   00000800  00000000  00000800  RWIX
  RAMGS0                0000c000   00001000  000005db  00000a25  RWIX
  RAMGS1                0000d000   00001000  00000000  00001000  RWIX
  RAMGS2                0000e000   00001000  00000000  00001000  RWIX
  RAMGS3                0000f000   00001000  00000000  00001000  RWIX
  RAMGS4                00010000   00001000  00000000  00001000  RWIX
  RAMGS5                00011000   00001000  00000000  00001000  RWIX
  RAMGS6                00012000   00001000  00000000  00001000  RWIX
  RAMGS7                00013000   00001000  00000000  00001000  RWIX
  RAMGS8                00014000   00001000  00000000  00001000  RWIX
  RAMGS9                00015000   00001000  00000000  00001000  RWIX
  RAMGS10               00016000   00001000  00000000  00001000  RWIX
  RAMGS11               00017000   00001000  00000000  00001000  RWIX
  RAMGS12               00018000   00001000  00000000  00001000  RWIX
  RAMGS13               00019000   00001000  00000000  00001000  RWIX
  RAMGS14               0001a000   00001000  00000000  00001000  RWIX
  CPU2TOCPU1RAM         0003f800   00000400  00000000  00000400  RWIX
  CPU1TOCPU2RAM         0003fc00   00000400  00000088  00000378  RWIX
  EMIF1                 00047000   00000800  00000070  00000790  RWIX
  EMIF2                 00047800   00000800  00000070  00000790  RWIX
  CANA                  00048000   00000800  00000164  0000069c  RWIX
  CANA_MSG_RAM          00049000   00000800  00000000  00000800  RWIX
  CANB                  0004a000   00000800  00000164  0000069c  RWIX
  CANB_MSG_RAM          0004b000   00000800  00000000  00000800  RWIX
  IPC                   00050000   00000024  00000024  00000000  RWIX
  FLASHPUMPSEMAPHORE    00050024   00000002  00000002  00000000  RWIX
  DEV_CFG               0005d000   00000180  0000012e  00000052  RWIX
  ANALOG_SUBSYS         0005d180   00000080  00000048  00000038  RWIX
  CLK_CFG               0005d200   00000100  00000032  000000ce  RWIX
  CPU_SYS               0005d300   00000100  00000082  0000007e  RWIX
  ROMPREFETCH           0005e608   00000002  00000002  00000000  RWIX
  DCSM_Z1               0005f000   00000030  00000024  0000000c  RWIX
  DCSM_Z2               0005f040   00000030  00000024  0000000c  RWIX
  DCSM_COMMON           0005f070   00000010  00000008  00000008  RWIX
  MEMCFG                0005f400   00000080  00000080  00000000  RWIX
  EMIF1CONFIG           0005f480   00000020  00000020  00000000  RWIX
  EMIF2CONFIG           0005f4a0   00000020  00000020  00000000  RWIX
  ACCESSPROTECTION      0005f4c0   00000040  00000040  00000000  RWIX
  MEMORYERROR           0005f500   00000040  00000040  00000000  RWIX
  ROMWAITSTATE          0005f540   00000002  00000002  00000000  RWIX
  FLASH0_CTRL           0005f800   00000300  00000182  0000017e  RWIX
  FLASH0_ECC            0005fb00   00000040  00000028  00000018  RWIX
  DCSM_Z1_OTP           00078000   00000020  00000020  00000000  RWIX
  DCSM_Z2_OTP           00078200   00000020  00000020  00000000  RWIX


SECTION ALLOCATION MAP

 output                                  attributes/
section   page    origin      length       input sections
--------  ----  ----------  ----------   ----------------
codestart 
*          0    00000000    00000002     
                  00000000    00000002     F2837xD_CodeStartBranch.obj (codestart)

.cinit     0    00000122    000000f9     
                  00000122    0000003b     main.obj (.cinit)
                  0000015d    00000021     F2837xD_struct.obj (.cinit:_TRIP_SEL)
                  0000017e    0000001d     F2837xD_struct.obj (.cinit:_EPWM)
                  0000019b    00000011     F2837xD_struct.obj (.cinit:_ECAP)
                  000001ac    00000010     MultipleFloatDataSender.obj (.cinit)
                  000001bc    0000000e     rts2800_fpu32.lib : exit.c.obj (.cinit)
                  000001ca    0000000d     F2837xD_struct.obj (.cinit:_ADC)
                  000001d7    0000000b     F2837xD_struct.obj (.cinit:_EQEP)
                  000001e2    0000000b     F2837xD_struct.obj (.cinit:_SPI)
                  000001ed    00000009     F2837xD_struct.obj (.cinit:_SDFM)
                  000001f6    00000007     F2837xD_struct.obj (.cinit:_I2C)
                  000001fd    00000007     F2837xD_struct.obj (.cinit:_MCBSP)
                  00000204    00000007     F2837xD_struct.obj (.cinit:_SCI)
                  0000020b    00000005     rts2800_fpu32.lib : _lock.c.obj (.cinit:__lock)
                  00000210    00000005                       : _lock.c.obj (.cinit:__unlock)
                  00000215    00000004     F2837xD_sci_io.obj (.cinit)
                  00000219    00000002     --HOLE-- [fill = 0]

.pinit     0    00000122    00000000     UNINITIALIZED

.reset     0    003fffc0    00000002     DSECT
                  003fffc0    00000002     rts2800_fpu32.lib : boot28.asm.obj (.reset)

.stack     1    00000400    00000200     UNINITIALIZED
                  00000400    00000200     --HOLE--

AdcaResultFile 
*          1    00000b00    00000018     UNINITIALIZED
                  00000b00    00000018     F2837xD_GlobalVariableDefs.obj (AdcaResultFile)

AdcbResultFile 
*          1    00000b20    00000018     UNINITIALIZED
                  00000b20    00000018     F2837xD_GlobalVariableDefs.obj (AdcbResultFile)

AdccResultFile 
*          1    00000b40    00000018     UNINITIALIZED
                  00000b40    00000018     F2837xD_GlobalVariableDefs.obj (AdccResultFile)

AdcdResultFile 
*          1    00000b60    00000018     UNINITIALIZED
                  00000b60    00000018     F2837xD_GlobalVariableDefs.obj (AdcdResultFile)

CpuTimer0RegsFile 
*          1    00000c00    00000008     UNINITIALIZED
                  00000c00    00000008     F2837xD_GlobalVariableDefs.obj (CpuTimer0RegsFile)

CpuTimer1RegsFile 
*          1    00000c08    00000008     UNINITIALIZED
                  00000c08    00000008     F2837xD_GlobalVariableDefs.obj (CpuTimer1RegsFile)

CpuTimer2RegsFile 
*          1    00000c10    00000008     UNINITIALIZED
                  00000c10    00000008     F2837xD_GlobalVariableDefs.obj (CpuTimer2RegsFile)

PieCtrlRegsFile 
*          1    00000ce0    0000001a     UNINITIALIZED
                  00000ce0    0000001a     F2837xD_GlobalVariableDefs.obj (PieCtrlRegsFile)

DmaRegsFile 
*          1    00001000    000000e0     UNINITIALIZED
                  00001000    000000e0     F2837xD_GlobalVariableDefs.obj (DmaRegsFile)

Cla1RegsFile 
*          1    00001400    0000003e     UNINITIALIZED
                  00001400    0000003e     F2837xD_GlobalVariableDefs.obj (Cla1RegsFile)

EPwm1RegsFile 
*          1    00004000    00000100     UNINITIALIZED
                  00004000    00000100     F2837xD_GlobalVariableDefs.obj (EPwm1RegsFile)

EPwm2RegsFile 
*          1    00004100    00000100     UNINITIALIZED
                  00004100    00000100     F2837xD_GlobalVariableDefs.obj (EPwm2RegsFile)

EPwm3RegsFile 
*          1    00004200    00000100     UNINITIALIZED
                  00004200    00000100     F2837xD_GlobalVariableDefs.obj (EPwm3RegsFile)

EPwm4RegsFile 
*          1    00004300    00000100     UNINITIALIZED
                  00004300    00000100     F2837xD_GlobalVariableDefs.obj (EPwm4RegsFile)

EPwm5RegsFile 
*          1    00004400    00000100     UNINITIALIZED
                  00004400    00000100     F2837xD_GlobalVariableDefs.obj (EPwm5RegsFile)

EPwm6RegsFile 
*          1    00004500    00000100     UNINITIALIZED
                  00004500    00000100     F2837xD_GlobalVariableDefs.obj (EPwm6RegsFile)

EPwm7RegsFile 
*          1    00004600    00000100     UNINITIALIZED
                  00004600    00000100     F2837xD_GlobalVariableDefs.obj (EPwm7RegsFile)

EPwm8RegsFile 
*          1    00004700    00000100     UNINITIALIZED
                  00004700    00000100     F2837xD_GlobalVariableDefs.obj (EPwm8RegsFile)

EPwm9RegsFile 
*          1    00004800    00000100     UNINITIALIZED
                  00004800    00000100     F2837xD_GlobalVariableDefs.obj (EPwm9RegsFile)

EPwm10RegsFile 
*          1    00004900    00000100     UNINITIALIZED
                  00004900    00000100     F2837xD_GlobalVariableDefs.obj (EPwm10RegsFile)

EPwm11RegsFile 
*          1    00004a00    00000100     UNINITIALIZED
                  00004a00    00000100     F2837xD_GlobalVariableDefs.obj (EPwm11RegsFile)

EPwm12RegsFile 
*          1    00004b00    00000100     UNINITIALIZED
                  00004b00    00000100     F2837xD_GlobalVariableDefs.obj (EPwm12RegsFile)

ECap1RegsFile 
*          1    00005000    00000020     UNINITIALIZED
                  00005000    00000020     F2837xD_GlobalVariableDefs.obj (ECap1RegsFile)

ECap2RegsFile 
*          1    00005020    00000020     UNINITIALIZED
                  00005020    00000020     F2837xD_GlobalVariableDefs.obj (ECap2RegsFile)

ECap3RegsFile 
*          1    00005040    00000020     UNINITIALIZED
                  00005040    00000020     F2837xD_GlobalVariableDefs.obj (ECap3RegsFile)

ECap4RegsFile 
*          1    00005060    00000020     UNINITIALIZED
                  00005060    00000020     F2837xD_GlobalVariableDefs.obj (ECap4RegsFile)

ECap5RegsFile 
*          1    00005080    00000020     UNINITIALIZED
                  00005080    00000020     F2837xD_GlobalVariableDefs.obj (ECap5RegsFile)

ECap6RegsFile 
*          1    000050a0    00000020     UNINITIALIZED
                  000050a0    00000020     F2837xD_GlobalVariableDefs.obj (ECap6RegsFile)

EQep1RegsFile 
*          1    00005100    00000022     UNINITIALIZED
                  00005100    00000022     F2837xD_GlobalVariableDefs.obj (EQep1RegsFile)

EQep2RegsFile 
*          1    00005140    00000022     UNINITIALIZED
                  00005140    00000022     F2837xD_GlobalVariableDefs.obj (EQep2RegsFile)

EQep3RegsFile 
*          1    00005180    00000022     UNINITIALIZED
                  00005180    00000022     F2837xD_GlobalVariableDefs.obj (EQep3RegsFile)

DacaRegsFile 
*          1    00005c00    00000008     UNINITIALIZED
                  00005c00    00000008     F2837xD_GlobalVariableDefs.obj (DacaRegsFile)

DacbRegsFile 
*          1    00005c10    00000008     UNINITIALIZED
                  00005c10    00000008     F2837xD_GlobalVariableDefs.obj (DacbRegsFile)

DaccRegsFile 
*          1    00005c20    00000008     UNINITIALIZED
                  00005c20    00000008     F2837xD_GlobalVariableDefs.obj (DaccRegsFile)

Sdfm1RegsFile 
*          1    00005e00    00000080     UNINITIALIZED
                  00005e00    00000080     F2837xD_GlobalVariableDefs.obj (Sdfm1RegsFile)

Sdfm2RegsFile 
*          1    00005e80    00000080     UNINITIALIZED
                  00005e80    00000080     F2837xD_GlobalVariableDefs.obj (Sdfm2RegsFile)

McbspaRegsFile 
*          1    00006000    00000024     UNINITIALIZED
                  00006000    00000024     F2837xD_GlobalVariableDefs.obj (McbspaRegsFile)

McbspbRegsFile 
*          1    00006040    00000024     UNINITIALIZED
                  00006040    00000024     F2837xD_GlobalVariableDefs.obj (McbspbRegsFile)

SpiaRegsFile 
*          1    00006100    00000010     UNINITIALIZED
                  00006100    00000010     F2837xD_GlobalVariableDefs.obj (SpiaRegsFile)

SpibRegsFile 
*          1    00006110    00000010     UNINITIALIZED
                  00006110    00000010     F2837xD_GlobalVariableDefs.obj (SpibRegsFile)

SpicRegsFile 
*          1    00006120    00000010     UNINITIALIZED
                  00006120    00000010     F2837xD_GlobalVariableDefs.obj (SpicRegsFile)

UppRegsFile 
*          1    00006200    00000048     UNINITIALIZED
                  00006200    00000048     F2837xD_GlobalVariableDefs.obj (UppRegsFile)

WdRegsFile 
*          1    00007000    0000002b     UNINITIALIZED
                  00007000    0000002b     F2837xD_GlobalVariableDefs.obj (WdRegsFile)

NmiIntruptRegsFile 
*          1    00007060    00000007     UNINITIALIZED
                  00007060    00000007     F2837xD_GlobalVariableDefs.obj (NmiIntruptRegsFile)

XintRegsFile 
*          1    00007070    0000000b     UNINITIALIZED
                  00007070    0000000b     F2837xD_GlobalVariableDefs.obj (XintRegsFile)

SciaRegsFile 
*          1    00007200    00000010     UNINITIALIZED
                  00007200    00000010     F2837xD_GlobalVariableDefs.obj (SciaRegsFile)

ScibRegsFile 
*          1    00007210    00000010     UNINITIALIZED
                  00007210    00000010     F2837xD_GlobalVariableDefs.obj (ScibRegsFile)

ScicRegsFile 
*          1    00007220    00000010     UNINITIALIZED
                  00007220    00000010     F2837xD_GlobalVariableDefs.obj (ScicRegsFile)

ScidRegsFile 
*          1    00007230    00000010     UNINITIALIZED
                  00007230    00000010     F2837xD_GlobalVariableDefs.obj (ScidRegsFile)

I2caRegsFile 
*          1    00007300    00000022     UNINITIALIZED
                  00007300    00000022     F2837xD_GlobalVariableDefs.obj (I2caRegsFile)

I2cbRegsFile 
*          1    00007340    00000022     UNINITIALIZED
                  00007340    00000022     F2837xD_GlobalVariableDefs.obj (I2cbRegsFile)

InputXbarRegsFile 
*          1    00007900    00000020     UNINITIALIZED
                  00007900    00000020     F2837xD_GlobalVariableDefs.obj (InputXbarRegsFile)

XbarRegsFile 
*          1    00007920    00000020     UNINITIALIZED
                  00007920    00000020     F2837xD_GlobalVariableDefs.obj (XbarRegsFile)

SyncSocRegsFile 
*          1    00007940    00000006     UNINITIALIZED
                  00007940    00000006     F2837xD_GlobalVariableDefs.obj (SyncSocRegsFile)

DmaClaSrcSelRegsFile 
*          1    00007980    0000001a     UNINITIALIZED
                  00007980    0000001a     F2837xD_GlobalVariableDefs.obj (DmaClaSrcSelRegsFile)

EPwmXbarRegsFile 
*          1    00007a00    00000040     UNINITIALIZED
                  00007a00    00000040     F2837xD_GlobalVariableDefs.obj (EPwmXbarRegsFile)

OutputXbarRegsFile 
*          1    00007a80    00000040     UNINITIALIZED
                  00007a80    00000040     F2837xD_GlobalVariableDefs.obj (OutputXbarRegsFile)

GpioCtrlRegsFile 
*          1    00007c00    00000180     UNINITIALIZED
                  00007c00    00000180     F2837xD_GlobalVariableDefs.obj (GpioCtrlRegsFile)

GpioDataRegsFile 
*          1    00007f00    00000030     UNINITIALIZED
                  00007f00    00000030     F2837xD_GlobalVariableDefs.obj (GpioDataRegsFile)

.econst    1    0000a800    000001c8     
                  0000a800    000001c0     F2837xD_PieVect.obj (.econst:_PieVectTableInit)
                  0000a9c0    00000005     MultipleFloatDataSender.obj (.econst:.string)
                  0000a9c5    00000001     --HOLE-- [fill = 0]
                  0000a9c6    00000002     rts2800_fpu32.lib : s_floorf.c.obj (.econst)

.ebss      1    0000c000    000005db     UNINITIALIZED
                  0000c000    00000414     main.obj (.ebss)
                  0000c414    0000001e     F2837xD_struct.obj (.ebss:_TRIP_SEL)
                  0000c432    0000000e     F2837xD_struct.obj (.ebss:_ECAP)
                  0000c440    00000100     MultipleFloatDataSender.obj (.ebss:_cSciaLibDataBuffer)
                  0000c540    0000001c     MultipleFloatDataSender.obj (.ebss:_cSendMultipleFloatArray)
                  0000c55c    0000001a     F2837xD_struct.obj (.ebss:_EPWM)
                  0000c576    0000000a     F2837xD_struct.obj (.ebss:_ADC)
                  0000c580    00000018     F2837xD_CpuTimers.obj (.ebss)
                  0000c598    0000000c     main.obj (.ebss:_DataToBeSent)
                  0000c5a4    00000008     F2837xD_struct.obj (.ebss:_EQEP)
                  0000c5ac    00000008     F2837xD_struct.obj (.ebss:_SPI)
                  0000c5b4    00000006     F2837xD_TempSensorConv.obj (.ebss)
                  0000c5ba    00000006     F2837xD_struct.obj (.ebss:_SDFM)
                  0000c5c0    00000006     rts2800_fpu32.lib : exit.c.obj (.ebss)
                  0000c5c6    00000004     MultipleFloatDataSender.obj (.ebss)
                  0000c5ca    00000004     F2837xD_struct.obj (.ebss:_I2C)
                  0000c5ce    00000004     F2837xD_struct.obj (.ebss:_MCBSP)
                  0000c5d2    00000004     F2837xD_struct.obj (.ebss:_SCI)
                  0000c5d6    00000002     rts2800_fpu32.lib : _lock.c.obj (.ebss:__lock)
                  0000c5d8    00000002                       : _lock.c.obj (.ebss:__unlock)
                  0000c5da    00000001     F2837xD_sci_io.obj (.ebss)

.TI.ramfunc 
*          0    0000021b    00000004     
                  0000021b    00000004     F2837xD_usDelay.obj (.TI.ramfunc)

PUTBUFFER 
*          1    0003fc00    00000080     UNINITIALIZED
                  0003fc00    00000080     F2837xD_Ipc_Driver.obj (PUTBUFFER)

PUTWRITEIDX 
*          1    0003fc80    00000004     UNINITIALIZED
                  0003fc80    00000004     F2837xD_Ipc_Driver.obj (PUTWRITEIDX)

GETREADIDX 
*          1    0003fc84    00000004     UNINITIALIZED
                  0003fc84    00000004     F2837xD_Ipc_Driver.obj (GETREADIDX)

GETBUFFER 
*          0    0003f800    00000080     DSECT
                  0003f800    00000080     F2837xD_Ipc_Driver.obj (GETBUFFER)

GETWRITEIDX 
*          0    0003f880    00000004     DSECT
                  0003f880    00000004     F2837xD_Ipc_Driver.obj (GETWRITEIDX)

PUTREADIDX 
*          0    0003f884    00000004     DSECT
                  0003f884    00000004     F2837xD_Ipc_Driver.obj (PUTREADIDX)

PieVectTableFile 
*          1    00000d00    000001c0     UNINITIALIZED
                  00000d00    000001c0     F2837xD_GlobalVariableDefs.obj (PieVectTableFile)

EmuKeyVar 
*          1    00000d00    00000001     UNINITIALIZED
                  00000d00    00000001     F2837xD_GlobalVariableDefs.obj (EmuKeyVar)

EmuBModeVar 
*          1    00000d01    00000001     UNINITIALIZED
                  00000d01    00000001     F2837xD_GlobalVariableDefs.obj (EmuBModeVar)

FlashCallbackVar 
*          1    00000d02    00000000     UNINITIALIZED

FlashScalingVar 
*          1    00000d02    00000000     UNINITIALIZED

AdcaRegsFile 
*          1    00007400    00000080     UNINITIALIZED
                  00007400    00000080     F2837xD_GlobalVariableDefs.obj (AdcaRegsFile)

AdcbRegsFile 
*          1    00007480    00000080     UNINITIALIZED
                  00007480    00000080     F2837xD_GlobalVariableDefs.obj (AdcbRegsFile)

AdccRegsFile 
*          1    00007500    00000080     UNINITIALIZED
                  00007500    00000080     F2837xD_GlobalVariableDefs.obj (AdccRegsFile)

AdcdRegsFile 
*          1    00007580    00000080     UNINITIALIZED
                  00007580    00000080     F2837xD_GlobalVariableDefs.obj (AdcdRegsFile)

CanaRegsFile 
*          1    00048000    00000164     UNINITIALIZED
                  00048000    00000164     F2837xD_GlobalVariableDefs.obj (CanaRegsFile)

CanbRegsFile 
*          1    0004a000    00000164     UNINITIALIZED
                  0004a000    00000164     F2837xD_GlobalVariableDefs.obj (CanbRegsFile)

AnalogSubsysRegsFile 
*          1    0005d180    00000048     UNINITIALIZED
                  0005d180    00000048     F2837xD_GlobalVariableDefs.obj (AnalogSubsysRegsFile)

Cla1SoftIntRegsFile 
*          1    00000ce0    00000004     DSECT
                  00000ce0    00000004     F2837xD_GlobalVariableDefs.obj (Cla1SoftIntRegsFile)

Cmpss1RegsFile 
*          1    00005c80    00000020     UNINITIALIZED
                  00005c80    00000020     F2837xD_GlobalVariableDefs.obj (Cmpss1RegsFile)

Cmpss2RegsFile 
*          1    00005ca0    00000020     UNINITIALIZED
                  00005ca0    00000020     F2837xD_GlobalVariableDefs.obj (Cmpss2RegsFile)

Cmpss3RegsFile 
*          1    00005cc0    00000020     UNINITIALIZED
                  00005cc0    00000020     F2837xD_GlobalVariableDefs.obj (Cmpss3RegsFile)

Cmpss4RegsFile 
*          1    00005ce0    00000020     UNINITIALIZED
                  00005ce0    00000020     F2837xD_GlobalVariableDefs.obj (Cmpss4RegsFile)

Cmpss5RegsFile 
*          1    00005d00    00000020     UNINITIALIZED
                  00005d00    00000020     F2837xD_GlobalVariableDefs.obj (Cmpss5RegsFile)

Cmpss6RegsFile 
*          1    00005d20    00000020     UNINITIALIZED
                  00005d20    00000020     F2837xD_GlobalVariableDefs.obj (Cmpss6RegsFile)

Cmpss7RegsFile 
*          1    00005d40    00000020     UNINITIALIZED
                  00005d40    00000020     F2837xD_GlobalVariableDefs.obj (Cmpss7RegsFile)

Cmpss8RegsFile 
*          1    00005d60    00000020     UNINITIALIZED
                  00005d60    00000020     F2837xD_GlobalVariableDefs.obj (Cmpss8RegsFile)

Emif1RegsFile 
*          1    00047000    00000070     UNINITIALIZED
                  00047000    00000070     F2837xD_GlobalVariableDefs.obj (Emif1RegsFile)

Emif2RegsFile 
*          1    00047800    00000070     UNINITIALIZED
                  00047800    00000070     F2837xD_GlobalVariableDefs.obj (Emif2RegsFile)

IpcRegsFile 
*          1    00050000    00000024     UNINITIALIZED
                  00050000    00000024     F2837xD_GlobalVariableDefs.obj (IpcRegsFile)

FlashPumpSemaphoreRegsFile 
*          1    00050024    00000002     UNINITIALIZED
                  00050024    00000002     F2837xD_GlobalVariableDefs.obj (FlashPumpSemaphoreRegsFile)

RomPrefetchRegsFile 
*          1    0005e608    00000002     UNINITIALIZED
                  0005e608    00000002     F2837xD_GlobalVariableDefs.obj (RomPrefetchRegsFile)

DcsmZ1RegsFile 
*          1    0005f000    00000024     UNINITIALIZED
                  0005f000    00000024     F2837xD_GlobalVariableDefs.obj (DcsmZ1RegsFile)

DcsmZ2RegsFile 
*          1    0005f040    00000024     UNINITIALIZED
                  0005f040    00000024     F2837xD_GlobalVariableDefs.obj (DcsmZ2RegsFile)

DcsmCommonRegsFile 
*          1    0005f070    00000008     UNINITIALIZED
                  0005f070    00000008     F2837xD_GlobalVariableDefs.obj (DcsmCommonRegsFile)

MemCfgRegsFile 
*          1    0005f400    00000080     UNINITIALIZED
                  0005f400    00000080     F2837xD_GlobalVariableDefs.obj (MemCfgRegsFile)

Emif1ConfigRegsFile 
*          1    0005f480    00000020     UNINITIALIZED
                  0005f480    00000020     F2837xD_GlobalVariableDefs.obj (Emif1ConfigRegsFile)

Emif2ConfigRegsFile 
*          1    0005f4a0    00000020     UNINITIALIZED
                  0005f4a0    00000020     F2837xD_GlobalVariableDefs.obj (Emif2ConfigRegsFile)

AccessProtectionRegsFile 
*          1    0005f4c0    00000040     UNINITIALIZED
                  0005f4c0    00000040     F2837xD_GlobalVariableDefs.obj (AccessProtectionRegsFile)

MemoryErrorRegsFile 
*          1    0005f500    00000040     UNINITIALIZED
                  0005f500    00000040     F2837xD_GlobalVariableDefs.obj (MemoryErrorRegsFile)

RomWaitStateRegsFile 
*          1    0005f540    00000002     UNINITIALIZED
                  0005f540    00000002     F2837xD_GlobalVariableDefs.obj (RomWaitStateRegsFile)

Flash0CtrlRegsFile 
*          1    0005f800    00000182     UNINITIALIZED
                  0005f800    00000182     F2837xD_GlobalVariableDefs.obj (Flash0CtrlRegsFile)

Flash0EccRegsFile 
*          1    0005fb00    00000028     UNINITIALIZED
                  0005fb00    00000028     F2837xD_GlobalVariableDefs.obj (Flash0EccRegsFile)

DcsmZ1OtpFile 
*          1    00078000    00000020     NOLOAD SECTION
                  00078000    00000020     F2837xD_GlobalVariableDefs.obj (DcsmZ1OtpFile)

DcsmZ2OtpFile 
*          1    00078200    00000020     NOLOAD SECTION
                  00078200    00000020     F2837xD_GlobalVariableDefs.obj (DcsmZ2OtpFile)

DevCfgRegsFile 
*          1    0005d000    0000012e     UNINITIALIZED
                  0005d000    0000012e     F2837xD_GlobalVariableDefs.obj (DevCfgRegsFile)

ClkCfgRegsFile 
*          1    0005d200    00000032     UNINITIALIZED
                  0005d200    00000032     F2837xD_GlobalVariableDefs.obj (ClkCfgRegsFile)

CpuSysRegsFile 
*          1    0005d300    00000082     UNINITIALIZED
                  0005d300    00000082     F2837xD_GlobalVariableDefs.obj (CpuSysRegsFile)

.text.1    0    00000220    000001e0     
                  00000220    000000c8     MultipleFloatDataSender.obj (.text)
                  000002e8    0000005e     F2837xD_CpuTimers.obj (.text)
                  00000346    00000059     rts2800_fpu32.lib : s_floorf.c.obj (.text)
                  0000039f    00000056                       : boot28.asm.obj (.text)
                  000003f5    00000009                       : _lock.c.obj (.text)
                  000003fe    00000002                       : pre_init.c.obj (.text)

.text.2    0    00008000    000006e5     
                  00008000    00000382     F2837xD_SysCtrl.obj (.text)
                  00008382    000002bc     main.obj (.text:retain)
                  0000863e    00000028     F2837xD_PieCtrl.obj (.text)
                  00008666    00000024     rts2800_fpu32.lib : cpy_tbl.c.obj (.text)
                  0000868a    0000001d                       : memcpy.c.obj (.text)
                  000086a7    00000018                       : ll_aox28.asm.obj (.text)
                  000086bf    00000012                       : args_main.c.obj (.text)
                  000086d1    00000011     F2837xD_PieVect.obj (.text)
                  000086e2    00000003     F2837xD_DBGIER.obj (.text)

.text.3    0    0000b000    00000800     
                  0000b000    00000585     F2837xD_DefaultISR.obj (.text:retain)
                  0000b585    00000001     rts2800_fpu32.lib : startup.c.obj (.text)
                  0000b586    00000218     F2837xD_Gpio.obj (.text)
                  0000b79e    00000039     rts2800_fpu32.lib : s_roundf.c.obj (.text)
                  0000b7d7    00000029                       : exit.c.obj (.text)

.text.4    0    0001b000    000009c6     
                  0001b000    000009c6     main.obj (.text)

MODULE SUMMARY

       Module                           code   initialized data   uninitialized data
       ------                           ----   ----------------   ------------------
    .\
       main.obj                         3202   59                 1056              
    +--+--------------------------------+------+------------------+--------------------+
       Total:                           3202   59                 1056              
                                                                                    
    .\Libs\
       MultipleFloatDataSender.obj      200    21                 288               
    +--+--------------------------------+------+------------------+--------------------+
       Total:                           200    21                 288               
                                                                                    
    .\sources\
       F2837xD_GlobalVariableDefs.obj   0      0                  8759              
       F2837xD_DefaultISR.obj           1413   0                  0                 
       F2837xD_SysCtrl.obj              898    0                  0                 
       F2837xD_Gpio.obj                 536    0                  0                 
       F2837xD_PieVect.obj              17     448                0                 
       F2837xD_struct.obj               0      144                114               
       F2837xD_Ipc_Driver.obj           0      0                  136               
       F2837xD_CpuTimers.obj            94     0                  24                
       F2837xD_PieCtrl.obj              40     0                  0                 
       F2837xD_TempSensorConv.obj       0      0                  6                 
       F2837xD_sci_io.obj               0      4                  1                 
       F2837xD_usDelay.obj              4      0                  0                 
       F2837xD_DBGIER.obj               3      0                  0                 
       F2837xD_CodeStartBranch.obj      2      0                  0                 
    +--+--------------------------------+------+------------------+--------------------+
       Total:                           3007   596                9040              
                                                                                    
    C:\ti\ccs1010\ccs\tools\compiler\ti-cgt-c2000_20.2.1.LTS\lib\rts2800_fpu32.lib
       s_floorf.c.obj                   89     2                  0                 
       boot28.asm.obj                   86     0                  0                 
       exit.c.obj                       41     14                 6                 
       s_roundf.c.obj                   57     0                  0                 
       cpy_tbl.c.obj                    36     0                  0                 
       memcpy.c.obj                     29     0                  0                 
       ll_aox28.asm.obj                 24     0                  0                 
       _lock.c.obj                      9      10                 4                 
       args_main.c.obj                  18     0                  0                 
       pre_init.c.obj                   2      0                  0                 
       startup.c.obj                    1      0                  0                 
    +--+--------------------------------+------+------------------+--------------------+
       Total:                           392    26                 10                
                                                                                    
       Stack:                           0      0                  512               
    +--+--------------------------------+------+------------------+--------------------+
       Grand Total:                     6801   702                10906             


GLOBAL DATA SYMBOLS: SORTED BY DATA PAGE

address     data page           name
--------    ----------------    ----
00000400      10 (00000400)     __stack

00000b00      2c (00000b00)     _AdcaResultRegs
00000b20      2c (00000b00)     _AdcbResultRegs

00000b40      2d (00000b40)     _AdccResultRegs
00000b60      2d (00000b40)     _AdcdResultRegs

00000c00      30 (00000c00)     _CpuTimer0Regs
00000c08      30 (00000c00)     _CpuTimer1Regs
00000c10      30 (00000c00)     _CpuTimer2Regs

00000ce0      33 (00000cc0)     _Cla1SoftIntRegs
00000ce0      33 (00000cc0)     _PieCtrlRegs

00000d00      34 (00000d00)     _EmuKey
00000d00      34 (00000d00)     _PieVectTable
00000d01      34 (00000d00)     _EmuBMode

00001000      40 (00001000)     _DmaRegs

00001400      50 (00001400)     _Cla1Regs

00004000     100 (00004000)     _EPwm1Regs

00004100     104 (00004100)     _EPwm2Regs

00004200     108 (00004200)     _EPwm3Regs

00004300     10c (00004300)     _EPwm4Regs

00004400     110 (00004400)     _EPwm5Regs

00004500     114 (00004500)     _EPwm6Regs

00004600     118 (00004600)     _EPwm7Regs

00004700     11c (00004700)     _EPwm8Regs

00004800     120 (00004800)     _EPwm9Regs

00004900     124 (00004900)     _EPwm10Regs

00004a00     128 (00004a00)     _EPwm11Regs

00004b00     12c (00004b00)     _EPwm12Regs

00005000     140 (00005000)     _ECap1Regs
00005020     140 (00005000)     _ECap2Regs

00005040     141 (00005040)     _ECap3Regs
00005060     141 (00005040)     _ECap4Regs

00005080     142 (00005080)     _ECap5Regs
000050a0     142 (00005080)     _ECap6Regs

00005100     144 (00005100)     _EQep1Regs

00005140     145 (00005140)     _EQep2Regs

00005180     146 (00005180)     _EQep3Regs

00005c00     170 (00005c00)     _DacaRegs
00005c10     170 (00005c00)     _DacbRegs
00005c20     170 (00005c00)     _DaccRegs

00005c80     172 (00005c80)     _Cmpss1Regs
00005ca0     172 (00005c80)     _Cmpss2Regs

00005cc0     173 (00005cc0)     _Cmpss3Regs
00005ce0     173 (00005cc0)     _Cmpss4Regs

00005d00     174 (00005d00)     _Cmpss5Regs
00005d20     174 (00005d00)     _Cmpss6Regs

00005d40     175 (00005d40)     _Cmpss7Regs
00005d60     175 (00005d40)     _Cmpss8Regs

00005e00     178 (00005e00)     _Sdfm1Regs

00005e80     17a (00005e80)     _Sdfm2Regs

00006000     180 (00006000)     _McbspaRegs

00006040     181 (00006040)     _McbspbRegs

00006100     184 (00006100)     _SpiaRegs
00006110     184 (00006100)     _SpibRegs
00006120     184 (00006100)     _SpicRegs

00006200     188 (00006200)     _UppRegs

00007000     1c0 (00007000)     _WdRegs

00007060     1c1 (00007040)     _NmiIntruptRegs
00007070     1c1 (00007040)     _XintRegs

00007200     1c8 (00007200)     _SciaRegs
00007210     1c8 (00007200)     _ScibRegs
00007220     1c8 (00007200)     _ScicRegs
00007230     1c8 (00007200)     _ScidRegs

00007300     1cc (00007300)     _I2caRegs

00007340     1cd (00007340)     _I2cbRegs

00007400     1d0 (00007400)     _AdcaRegs

00007480     1d2 (00007480)     _AdcbRegs

00007500     1d4 (00007500)     _AdccRegs

00007580     1d6 (00007580)     _AdcdRegs

00007900     1e4 (00007900)     _InputXbarRegs
00007920     1e4 (00007900)     _XbarRegs

00007940     1e5 (00007940)     _SyncSocRegs

00007980     1e6 (00007980)     _DmaClaSrcSelRegs

00007a00     1e8 (00007a00)     _EPwmXbarRegs

00007a80     1ea (00007a80)     _OutputXbarRegs

00007c00     1f0 (00007c00)     _GpioCtrlRegs

00007f00     1fc (00007f00)     _GpioDataRegs

0000a800     2a0 (0000a800)     _PieVectTableInit

0000c000     300 (0000c000)     _StartOperation
0000c001     300 (0000c000)     _OperationMode
0000c002     300 (0000c000)     _OffsetCalculationIsDone
0000c004     300 (0000c000)     _BlankCounter
0000c006     300 (0000c000)     _OffsetCalCounter
0000c008     300 (0000c000)     _K1
0000c00a     300 (0000c000)     _K2
0000c00c     300 (0000c000)     _ControlISRCounter
0000c00e     300 (0000c000)     _TimeCounter
0000c010     300 (0000c000)     _SendOneInFour
0000c012     300 (0000c000)     _faultcounter
0000c014     300 (0000c000)     _Xint1Count
0000c016     300 (0000c000)     _RL_Load_Operation
0000c01a     300 (0000c000)     _PI_iq

0000c040     301 (0000c040)     _Device1Configuration

0000c080     302 (0000c080)     _Module1_Parameters

0000c414     310 (0000c400)     _TRIP_SEL
0000c432     310 (0000c400)     _ECAP

0000c440     311 (0000c440)     _cSciaLibDataBuffer

0000c540     315 (0000c540)     _cSendMultipleFloatArray
0000c55c     315 (0000c540)     _EPWM
0000c576     315 (0000c540)     _ADC

0000c580     316 (0000c580)     _CpuTimer0
0000c588     316 (0000c580)     _CpuTimer1
0000c590     316 (0000c580)     _CpuTimer2
0000c598     316 (0000c580)     _DataToBeSent
0000c5a4     316 (0000c580)     _EQEP
0000c5ac     316 (0000c580)     _SPI
0000c5b4     316 (0000c580)     _tempSensor_tempSlope
0000c5b6     316 (0000c580)     _tempSensor_tempOffset
0000c5b8     316 (0000c580)     _tempSensor_scaleFactor
0000c5ba     316 (0000c580)     _SDFM

0000c5c0     317 (0000c5c0)     ___TI_enable_exit_profile_output
0000c5c2     317 (0000c5c0)     ___TI_cleanup_ptr
0000c5c4     317 (0000c5c0)     ___TI_dtors_ptr
0000c5c6     317 (0000c5c0)     _uiSciaRxBufferIndex
0000c5c7     317 (0000c5c0)     _uiSciaLibReadFromBufferIndex
0000c5c8     317 (0000c5c0)     _uiSciaLibWriteToBufferIndex
0000c5c9     317 (0000c5c0)     _uiSciaLibBufferNumberOfMessages
0000c5ca     317 (0000c5c0)     _I2C
0000c5ce     317 (0000c5c0)     _MCBSP
0000c5d2     317 (0000c5c0)     _SCI
0000c5d6     317 (0000c5c0)     __lock
0000c5d8     317 (0000c5c0)     __unlock
0000c5da     317 (0000c5c0)     _deviceOpen

0003f800     fe0 (0003f800)     _g_asIPCCPU2toCPU1Buffers

0003f880     fe2 (0003f880)     _g_usGetWriteIndexes
0003f884     fe2 (0003f880)     _g_usPutReadIndexes

0003fc00     ff0 (0003fc00)     _g_asIPCCPU1toCPU2Buffers

0003fc80     ff2 (0003fc80)     _g_usPutWriteIndexes
0003fc84     ff2 (0003fc80)     _g_usGetReadIndexes

00047000    11c0 (00047000)     _Emif1Regs

00047800    11e0 (00047800)     _Emif2Regs

00048000    1200 (00048000)     _CanaRegs

0004a000    1280 (0004a000)     _CanbRegs

00050000    1400 (00050000)     _IpcRegs
00050024    1400 (00050000)     _FlashPumpSemaphoreRegs

0005d000    1740 (0005d000)     _DevCfgRegs

0005d180    1746 (0005d180)     _AnalogSubsysRegs

0005d200    1748 (0005d200)     _ClkCfgRegs

0005d300    174c (0005d300)     _CpuSysRegs

0005e608    1798 (0005e600)     _RomPrefetchRegs

0005f000    17c0 (0005f000)     _DcsmZ1Regs

0005f040    17c1 (0005f040)     _DcsmZ2Regs
0005f070    17c1 (0005f040)     _DcsmCommonRegs

0005f400    17d0 (0005f400)     _MemCfgRegs

0005f480    17d2 (0005f480)     _Emif1ConfigRegs
0005f4a0    17d2 (0005f480)     _Emif2ConfigRegs

0005f4c0    17d3 (0005f4c0)     _AccessProtectionRegs

0005f500    17d4 (0005f500)     _MemoryErrorRegs

0005f540    17d5 (0005f540)     _RomWaitStateRegs

0005f800    17e0 (0005f800)     _Flash0CtrlRegs

0005fb00    17ec (0005fb00)     _Flash0EccRegs

00078000    1e00 (00078000)     _DcsmZ1Otp

00078200    1e08 (00078200)     _DcsmZ2Otp


GLOBAL SYMBOLS: SORTED ALPHABETICALLY BY Name 

page  address   name                                     
----  -------   ----                                     
abs   ffffffff  .text                                    
0     0000b7d7  C$$EXIT                                  
0     000086a7  LL$$AND                                  
0     000086af  LL$$OR                                   
0     000086b7  LL$$XOR                                  
1     0000c576  _ADC                                     
0     0000b57b  _ADCA1_ISR                               
0     0000b571  _ADCA2_ISR                               
0     0000b567  _ADCA3_ISR                               
0     0000b55d  _ADCA4_ISR                               
0     0000b553  _ADCA_EVT_ISR                            
0     0000b549  _ADCB1_ISR                               
0     0000b53f  _ADCB2_ISR                               
0     0000b535  _ADCB3_ISR                               
0     0000b52b  _ADCB4_ISR                               
0     0000b521  _ADCB_EVT_ISR                            
0     0000b517  _ADCC1_ISR                               
0     0000b50d  _ADCC2_ISR                               
0     0000b503  _ADCC3_ISR                               
0     0000b4f9  _ADCC4_ISR                               
0     0000b4ef  _ADCC_EVT_ISR                            
0     0000b4e5  _ADCD1_ISR                               
0     0000b4db  _ADCD2_ISR                               
0     0000b4d1  _ADCD3_ISR                               
0     0000b4c7  _ADCD4_ISR                               
0     0000b4bd  _ADCD_EVT_ISR                            
0     0000b4b3  _AUX_PLL_SLIP_ISR                        
1     0005f4c0  _AccessProtectionRegs                    
1     00007400  _AdcaRegs                                
1     00000b00  _AdcaResultRegs                          
1     00007480  _AdcbRegs                                
1     00000b20  _AdcbResultRegs                          
1     00007500  _AdccRegs                                
1     00000b40  _AdccResultRegs                          
1     00007580  _AdcdRegs                                
1     00000b60  _AdcdResultRegs                          
1     0005d180  _AnalogSubsysRegs                        
0     00008202  _AuxAuxClkSel                            
0     0000821d  _AuxIntOsc2Sel                           
0     0000820c  _AuxXtalOscSel                           
1     0000c004  _BlankCounter                            
0     0000b4a9  _CANA0_ISR                               
0     0000b49f  _CANA1_ISR                               
0     0000b495  _CANB0_ISR                               
0     0000b48b  _CANB1_ISR                               
0     0000b481  _CLA1_1_ISR                              
0     0000b477  _CLA1_2_ISR                              
0     0000b46d  _CLA1_3_ISR                              
0     0000b463  _CLA1_4_ISR                              
0     0000b459  _CLA1_5_ISR                              
0     0000b44f  _CLA1_6_ISR                              
0     0000b445  _CLA1_7_ISR                              
0     0000b43b  _CLA1_8_ISR                              
0     0000b431  _CLA_OVERFLOW_ISR                        
0     0000b427  _CLA_UNDERFLOW_ISR                       
0     0001b735  _CalculateOffsetValue__Fv                
1     00048000  _CanaRegs                                
1     0004a000  _CanbRegs                                
1     00001400  _Cla1Regs                                
0     00000ce0  _Cla1SoftIntRegs                         
1     0005d200  _ClkCfgRegs                              
1     00005c80  _Cmpss1Regs                              
1     00005ca0  _Cmpss2Regs                              
1     00005cc0  _Cmpss3Regs                              
1     00005ce0  _Cmpss4Regs                              
1     00005d00  _Cmpss5Regs                              
1     00005d20  _Cmpss6Regs                              
1     00005d40  _Cmpss7Regs                              
1     00005d60  _Cmpss8Regs                              
0     00000323  _ConfigCpuTimer                          
1     0000c00c  _ControlISRCounter                       
1     0005d300  _CpuSysRegs                              
1     0000c580  _CpuTimer0                               
1     00000c00  _CpuTimer0Regs                           
1     0000c588  _CpuTimer1                               
1     00000c08  _CpuTimer1Regs                           
1     0000c590  _CpuTimer2                               
1     00000c10  _CpuTimer2Regs                           
0     00008361  _CsmUnlock                               
0     0000b41d  _DATALOG_ISR                             
0     0000b413  _DMA_CH1_ISR                             
0     0000b409  _DMA_CH2_ISR                             
0     0000b3ff  _DMA_CH3_ISR                             
0     0000b3f5  _DMA_CH4_ISR                             
0     0000b3eb  _DMA_CH5_ISR                             
0     0000b3e1  _DMA_CH6_ISR                             
0     0001b415  _DRV8305_SPI_Read__FP12DRV8305_VarsUi    
0     0001b3fa  _DRV8305_SPI_Write__FP12DRV8305_VarsUi   
1     00005c00  _DacaRegs                                
1     00005c10  _DacbRegs                                
1     00005c20  _DaccRegs                                
1     0000c598  _DataToBeSent                            
1     0005f070  _DcsmCommonRegs                          
1     00078000  _DcsmZ1Otp                               
1     0005f000  _DcsmZ1Regs                              
1     00078200  _DcsmZ2Otp                               
1     0005f040  _DcsmZ2Regs                              
1     0005d000  _DevCfgRegs                              
1     0000c040  _Device1Configuration                    
0     00008114  _DisableDog                              
0     0000830b  _DisablePeripheralClocks                 
1     00007980  _DmaClaSrcSelRegs                        
1     00001000  _DmaRegs                                 
1     0000c432  _ECAP                                    
0     0000b3d7  _ECAP1_ISR                               
0     0000b3cd  _ECAP2_ISR                               
0     0000b3c3  _ECAP3_ISR                               
0     0000b3b9  _ECAP4_ISR                               
0     0000b3af  _ECAP5_ISR                               
0     0000b3a5  _ECAP6_ISR                               
1     00005000  _ECap1Regs                               
1     00005020  _ECap2Regs                               
1     00005040  _ECap3Regs                               
1     00005060  _ECap4Regs                               
1     00005080  _ECap5Regs                               
1     000050a0  _ECap6Regs                               
0     0000b39b  _EMIF_ERROR_ISR                          
0     0000b38e  _EMPTY_ISR                               
0     0000b384  _EMU_ISR                                 
1     0000c55c  _EPWM                                    
0     0000b37a  _EPWM10_ISR                              
0     0000b370  _EPWM10_TZ_ISR                           
0     0000b366  _EPWM11_ISR                              
0     0000b35c  _EPWM11_TZ_ISR                           
0     0000b352  _EPWM12_ISR                              
0     0000b348  _EPWM12_TZ_ISR                           
0     0000b33e  _EPWM1_ISR                               
0     0000b334  _EPWM1_TZ_ISR                            
0     0000b32a  _EPWM2_ISR                               
0     0000b320  _EPWM2_TZ_ISR                            
0     0000b316  _EPWM3_ISR                               
0     0000b30c  _EPWM3_TZ_ISR                            
0     0000b302  _EPWM4_ISR                               
0     0000b2f8  _EPWM4_TZ_ISR                            
0     0000b2ee  _EPWM5_ISR                               
0     0000b2e4  _EPWM5_TZ_ISR                            
0     0000b2da  _EPWM6_ISR                               
0     0000b2d0  _EPWM6_TZ_ISR                            
0     0000b2c6  _EPWM7_ISR                               
0     0000b2bc  _EPWM7_TZ_ISR                            
0     0000b2b2  _EPWM8_ISR                               
0     0000b2a8  _EPWM8_TZ_ISR                            
0     0000b29e  _EPWM9_ISR                               
0     0000b294  _EPWM9_TZ_ISR                            
1     00004900  _EPwm10Regs                              
1     00004a00  _EPwm11Regs                              
1     00004b00  _EPwm12Regs                              
1     00004000  _EPwm1Regs                               
1     00004100  _EPwm2Regs                               
1     00004200  _EPwm3Regs                               
1     00004300  _EPwm4Regs                               
1     00004400  _EPwm5Regs                               
1     00004500  _EPwm6Regs                               
1     00004600  _EPwm7Regs                               
1     00004700  _EPwm8Regs                               
1     00004800  _EPwm9Regs                               
1     00007a00  _EPwmXbarRegs                            
1     0000c5a4  _EQEP                                    
0     0000b28a  _EQEP1_ISR                               
0     0000b280  _EQEP2_ISR                               
0     0000b276  _EQEP3_ISR                               
0     0001b643  _EQEPSetup__Fv                           
1     00005100  _EQep1Regs                               
1     00005140  _EQep2Regs                               
1     00005180  _EQep3Regs                               
1     0005f480  _Emif1ConfigRegs                         
1     00047000  _Emif1Regs                               
1     0005f4a0  _Emif2ConfigRegs                         
1     00047800  _Emif2Regs                               
1     00000d01  _EmuBMode                                
1     00000d00  _EmuKey                                  
0     0000865d  _EnableInterrupts                        
0     0000021b  _F28x_usDelay                            
0     0000b26c  _FLASH_CORRECTABLE_ERROR_ISR             
0     0000b262  _FPU_OVERFLOW_ISR                        
0     0000b258  _FPU_UNDERFLOW_ISR                       
1     0005f800  _Flash0CtrlRegs                          
1     0005fb00  _Flash0EccRegs                           
1     00050024  _FlashPumpSemaphoreRegs                  
0     0000b78e  _GPIO_EnableUnbondedIOPullups            
0     0000b769  _GPIO_EnableUnbondedIOPullupsFor100Pin   
0     0000b750  _GPIO_EnableUnbondedIOPullupsFor176Pin   
0     0000b73c  _GPIO_ReadPin                            
0     0000b71a  _GPIO_SetupLock                          
0     0000b6c5  _GPIO_SetupPinMux                        
0     0000b640  _GPIO_SetupPinOptions                    
0     0000b639  _GPIO_SetupXINT1Gpio                     
0     0000b632  _GPIO_SetupXINT2Gpio                     
0     0000b62b  _GPIO_SetupXINT3Gpio                     
0     0000b624  _GPIO_SetupXINT4Gpio                     
0     0000b61d  _GPIO_SetupXINT5Gpio                     
0     0000b603  _GPIO_WritePin                           
0     0001b8d8  _GetAdcReadings__FR16ModuleParameters    
0     0001b9c5  _GetEncoderReadings__FR16ModuleParameters
1     00007c00  _GpioCtrlRegs                            
1     00007f00  _GpioDataRegs                            
0     00008348  _HALT                                    
0     00008329  _HIB                                     
1     0000c5ca  _I2C                                     
0     0000b24e  _I2CA_FIFO_ISR                           
0     0000b244  _I2CA_ISR                                
0     0000b23a  _I2CB_FIFO_ISR                           
0     0000b230  _I2CB_ISR                                
1     00007300  _I2caRegs                                
1     00007340  _I2cbRegs                                
0     00008302  _IDLE                                    
0     0000b226  _ILLEGAL_ISR                             
0     0000b21c  _IPC0_ISR                                
0     0000b212  _IPC1_ISR                                
0     0000b208  _IPC2_ISR                                
0     0000b1fe  _IPC3_ISR                                
0     0000822a  _InitAuxPll                              
0     000002e8  _InitCpuTimers                           
0     0001b3d3  _InitDRV8305Regs__FP12DRV8305_Vars       
0     0001b420  _InitDRV8305__FP12DRV8305_Vars           
0     0000b586  _InitGpio                                
0     00008121  _InitPeripheralClocks                    
0     0000863e  _InitPieCtrl                             
0     000086d1  _InitPieVectTable                        
0     0001b39f  _InitSpiDrv8305Gpio__Fv                  
0     0001b3ba  _InitSpiRegs_DRV830x__FPV8SPI_REGS       
0     000081ca  _InitSysCtrl                             
0     00008055  _InitSysPll                              
0     0001b693  _InitializationRoutine__Fv               
0     0001b000  _InitializeADCs__Fv                      
0     0001b241  _InitializeEpwm1Registers__Fv            
0     0001b2cb  _InitializeEpwm2Registers__Fv            
0     0001b335  _InitializeEpwm3Registers__Fv            
0     000002b0  _InitializeSciaRegisters__Ff             
1     00007900  _InputXbarRegs                           
1     00050000  _IpcRegs                                 
1     0000c008  _K1                                      
1     0000c00a  _K2                                      
1     0000c5ce  _MCBSP                                   
0     0000b1f4  _MCBSPA_RX_ISR                           
0     0000b1ea  _MCBSPA_TX_ISR                           
0     0000b1e0  _MCBSPB_RX_ISR                           
0     0000b1d6  _MCBSPB_TX_ISR                           
1     00006000  _McbspaRegs                              
1     00006040  _McbspbRegs                              
1     0005f400  _MemCfgRegs                              
1     0005f500  _MemoryErrorRegs                         
1     0000c080  _Module1_Parameters                      
0     0000b1cc  _NMI_ISR                                 
0     0000b1c2  _NOTUSED_ISR                             
1     00007060  _NmiIntruptRegs                          
1     0000c006  _OffsetCalCounter                        
1     0000c002  _OffsetCalculationIsDone                 
1     0000c001  _OperationMode                           
1     00007a80  _OutputXbarRegs                          
0     0000b1b8  _PIE_RESERVED_ISR                        
1     0000c01a  _PI_iq                                   
1     00000ce0  _PieCtrlRegs                             
1     00000d00  _PieVectTable                            
1     0000a800  _PieVectTableInit                        
0     0000b1ae  _RAM_ACCESS_VIOLATION_ISR                
0     0000b1a4  _RAM_CORRECTABLE_ERROR_ISR               
1     0000c016  _RL_Load_Operation                       
0     0000b19a  _RTOS_ISR                                
0     0000804b  _ReleaseFlashPump                        
1     0005e608  _RomPrefetchRegs                         
1     0005f540  _RomWaitStateRegs                        
1     0000c5d2  _SCI                                     
0     0000b190  _SCIA_RX_ISR                             
0     0000b186  _SCIA_TX_ISR                             
0     0000b17c  _SCIB_RX_ISR                             
0     0000b172  _SCIB_TX_ISR                             
0     0000b168  _SCIC_RX_ISR                             
0     0000b15e  _SCIC_TX_ISR                             
0     0000b154  _SCID_RX_ISR                             
0     0000b14a  _SCID_TX_ISR                             
0     0000b140  _SD1_ISR                                 
0     0000b136  _SD2_ISR                                 
1     0000c5ba  _SDFM                                    
1     0000c5ac  _SPI                                     
0     0000b12c  _SPIA_RX_ISR                             
0     0000b122  _SPIA_TX_ISR                             
0     0000b118  _SPIB_RX_ISR                             
0     0000b10e  _SPIB_TX_ISR                             
0     0000b104  _SPIC_RX_ISR                             
0     0000b0fa  _SPIC_TX_ISR                             
0     0001b3f4  _SPI_Driver__FPV8SPI_REGSUi              
0     00008040  _STANDBY                                 
0     0000b0f0  _SYS_PLL_SLIP_ISR                        
0     00000292  _SciSendMultipleFloatWithTheTag__FPfUi   
0     0000026f  _SciaBackgroundTask__Fv                  
1     00007200  _SciaRegs                                
0     00000220  _SciaUartSend_NoInterrupt__FPcUi         
1     00007210  _ScibRegs                                
1     00007220  _ScicRegs                                
1     00007230  _ScidRegs                                
1     00005e00  _Sdfm1Regs                               
1     00005e80  _Sdfm2Regs                               
0     0000802e  _SeizeFlashPump                          
1     0000c010  _SendOneInFour                           
0     00008020  _ServiceDog                              
0     000086e2  _SetDBGIER                               
0     0001b4f2  _SetupCmpssProtections__Fv               
0     0001b1d7  _SetupGPIOs__Fv                          
1     00006100  _SpiaRegs                                
1     00006110  _SpibRegs                                
1     00006120  _SpicRegs                                
1     0000c000  _StartOperation                          
1     00007940  _SyncSocRegs                             
0     00008016  _SysIntOsc1Sel                           
0     0000800c  _SysIntOsc2Sel                           
0     00008000  _SysXtalOscSel                           
0     0000b0e6  _TIMER0_ISR                              
0     0000b0dc  _TIMER1_ISR                              
0     0000b0d2  _TIMER2_ISR                              
1     0000c414  _TRIP_SEL                                
1     0000c00e  _TimeCounter                             
0     0000b0c8  _UPPA_ISR                                
0     0000b0be  _USBA_ISR                                
0     0000b0b4  _USER10_ISR                              
0     0000b0aa  _USER11_ISR                              
0     0000b0a0  _USER12_ISR                              
0     0000b096  _USER1_ISR                               
0     0000b08c  _USER2_ISR                               
0     0000b082  _USER3_ISR                               
0     0000b078  _USER4_ISR                               
0     0000b06e  _USER5_ISR                               
0     0000b064  _USER6_ISR                               
0     0000b05a  _USER7_ISR                               
0     0000b050  _USER8_ISR                               
0     0000b046  _USER9_ISR                               
1     00006200  _UppRegs                                 
0     0000b03c  _VCU_ISR                                 
0     0000b032  _WAKE_ISR                                
1     00007000  _WdRegs                                  
0     0000b028  _XINT1_ISR                               
0     0000b01e  _XINT2_ISR                               
0     0000b014  _XINT3_ISR                               
0     0000b00a  _XINT4_ISR                               
0     0000b000  _XINT5_ISR                               
1     00007920  _XbarRegs                                
1     0000c014  _Xint1Count                              
1     00007070  _XintRegs                                
1     00000600  __STACK_END                              
abs   00000200  __STACK_SIZE                             
1     0000c5c2  ___TI_cleanup_ptr                        
1     0000c5c4  ___TI_dtors_ptr                          
1     0000c5c0  ___TI_enable_exit_profile_output         
abs   ffffffff  ___TI_pprof_out_hndl                     
abs   ffffffff  ___TI_prof_data_size                     
abs   ffffffff  ___TI_prof_data_start                    
abs   ffffffff  ___binit__                               
abs   ffffffff  ___c_args__                              
0     00000122  ___cinit__                               
abs   ffffffff  ___etext__                               
abs   ffffffff  ___pinit__                               
abs   ffffffff  ___text__                                
0     000086bf  __args_main                              
1     0000c5d6  __lock                                   
0     000003fd  __nop                                    
0     000003f9  __register_lock                          
0     000003f5  __register_unlock                        
1     00000400  __stack                                  
0     0000b585  __system_post_cinit                      
0     000003fe  __system_pre_init                        
1     0000c5d8  __unlock                                 
0     0000b7d7  _abort                                   
1     0000c440  _cSciaLibDataBuffer                      
1     0000c540  _cSendMultipleFloatArray                 
0     0000039f  _c_int00                                 
0     00008666  _copy_in                                 
0     00008605  _cpu_timer0_isr__Fv                      
0     000085ef  _cpu_timer1_isr__Fv                      
0     000085dd  _cpu_timer2_isr__Fv                      
1     0000c5da  _deviceOpen                              
0     000083b4  _epwm1_isr__Fv                           
0     0000b7d9  _exit                                    
1     0000c012  _faultcounter                            
0     00000346  _floor                                   
0     00000346  _floorf                                  
1     0003fc00  _g_asIPCCPU1toCPU2Buffers                
0     0003f800  _g_asIPCCPU2toCPU1Buffers                
1     0003fc84  _g_usGetReadIndexes                      
0     0003f880  _g_usGetWriteIndexes                     
0     0003f884  _g_usPutReadIndexes                      
1     0003fc80  _g_usPutWriteIndexes                     
0     0001b7d6  _main                                    
0     0000868a  _memcpy                                  
0     0000b79e  _round                                   
0     0000b79e  _roundf                                  
1     0000c5b8  _tempSensor_scaleFactor                  
1     0000c5b6  _tempSensor_tempOffset                   
1     0000c5b4  _tempSensor_tempSlope                    
1     0000c5c9  _uiSciaLibBufferNumberOfMessages         
1     0000c5c7  _uiSciaLibReadFromBufferIndex            
1     0000c5c8  _uiSciaLibWriteToBufferIndex             
1     0000c5c6  _uiSciaRxBufferIndex                     
0     00008382  _xint1_isr__Fv                           
abs   ffffffff  binit                                    
0     00000122  cinit                                    
0     00000000  code_start                               
abs   ffffffff  etext                                    
abs   ffffffff  pinit                                    


GLOBAL SYMBOLS: SORTED BY Symbol Address 

page  address   name                                     
----  -------   ----                                     
0     00000000  code_start                               
0     00000122  ___cinit__                               
0     00000122  cinit                                    
0     0000021b  _F28x_usDelay                            
0     00000220  _SciaUartSend_NoInterrupt__FPcUi         
0     0000026f  _SciaBackgroundTask__Fv                  
0     00000292  _SciSendMultipleFloatWithTheTag__FPfUi   
0     000002b0  _InitializeSciaRegisters__Ff             
0     000002e8  _InitCpuTimers                           
0     00000323  _ConfigCpuTimer                          
0     00000346  _floor                                   
0     00000346  _floorf                                  
0     0000039f  _c_int00                                 
0     000003f5  __register_unlock                        
0     000003f9  __register_lock                          
0     000003fd  __nop                                    
0     000003fe  __system_pre_init                        
0     00000ce0  _Cla1SoftIntRegs                         
0     00008000  _SysXtalOscSel                           
0     0000800c  _SysIntOsc2Sel                           
0     00008016  _SysIntOsc1Sel                           
0     00008020  _ServiceDog                              
0     0000802e  _SeizeFlashPump                          
0     00008040  _STANDBY                                 
0     0000804b  _ReleaseFlashPump                        
0     00008055  _InitSysPll                              
0     00008114  _DisableDog                              
0     00008121  _InitPeripheralClocks                    
0     000081ca  _InitSysCtrl                             
0     00008202  _AuxAuxClkSel                            
0     0000820c  _AuxXtalOscSel                           
0     0000821d  _AuxIntOsc2Sel                           
0     0000822a  _InitAuxPll                              
0     00008302  _IDLE                                    
0     0000830b  _DisablePeripheralClocks                 
0     00008329  _HIB                                     
0     00008348  _HALT                                    
0     00008361  _CsmUnlock                               
0     00008382  _xint1_isr__Fv                           
0     000083b4  _epwm1_isr__Fv                           
0     000085dd  _cpu_timer2_isr__Fv                      
0     000085ef  _cpu_timer1_isr__Fv                      
0     00008605  _cpu_timer0_isr__Fv                      
0     0000863e  _InitPieCtrl                             
0     0000865d  _EnableInterrupts                        
0     00008666  _copy_in                                 
0     0000868a  _memcpy                                  
0     000086a7  LL$$AND                                  
0     000086af  LL$$OR                                   
0     000086b7  LL$$XOR                                  
0     000086bf  __args_main                              
0     000086d1  _InitPieVectTable                        
0     000086e2  _SetDBGIER                               
0     0000b000  _XINT5_ISR                               
0     0000b00a  _XINT4_ISR                               
0     0000b014  _XINT3_ISR                               
0     0000b01e  _XINT2_ISR                               
0     0000b028  _XINT1_ISR                               
0     0000b032  _WAKE_ISR                                
0     0000b03c  _VCU_ISR                                 
0     0000b046  _USER9_ISR                               
0     0000b050  _USER8_ISR                               
0     0000b05a  _USER7_ISR                               
0     0000b064  _USER6_ISR                               
0     0000b06e  _USER5_ISR                               
0     0000b078  _USER4_ISR                               
0     0000b082  _USER3_ISR                               
0     0000b08c  _USER2_ISR                               
0     0000b096  _USER1_ISR                               
0     0000b0a0  _USER12_ISR                              
0     0000b0aa  _USER11_ISR                              
0     0000b0b4  _USER10_ISR                              
0     0000b0be  _USBA_ISR                                
0     0000b0c8  _UPPA_ISR                                
0     0000b0d2  _TIMER2_ISR                              
0     0000b0dc  _TIMER1_ISR                              
0     0000b0e6  _TIMER0_ISR                              
0     0000b0f0  _SYS_PLL_SLIP_ISR                        
0     0000b0fa  _SPIC_TX_ISR                             
0     0000b104  _SPIC_RX_ISR                             
0     0000b10e  _SPIB_TX_ISR                             
0     0000b118  _SPIB_RX_ISR                             
0     0000b122  _SPIA_TX_ISR                             
0     0000b12c  _SPIA_RX_ISR                             
0     0000b136  _SD2_ISR                                 
0     0000b140  _SD1_ISR                                 
0     0000b14a  _SCID_TX_ISR                             
0     0000b154  _SCID_RX_ISR                             
0     0000b15e  _SCIC_TX_ISR                             
0     0000b168  _SCIC_RX_ISR                             
0     0000b172  _SCIB_TX_ISR                             
0     0000b17c  _SCIB_RX_ISR                             
0     0000b186  _SCIA_TX_ISR                             
0     0000b190  _SCIA_RX_ISR                             
0     0000b19a  _RTOS_ISR                                
0     0000b1a4  _RAM_CORRECTABLE_ERROR_ISR               
0     0000b1ae  _RAM_ACCESS_VIOLATION_ISR                
0     0000b1b8  _PIE_RESERVED_ISR                        
0     0000b1c2  _NOTUSED_ISR                             
0     0000b1cc  _NMI_ISR                                 
0     0000b1d6  _MCBSPB_TX_ISR                           
0     0000b1e0  _MCBSPB_RX_ISR                           
0     0000b1ea  _MCBSPA_TX_ISR                           
0     0000b1f4  _MCBSPA_RX_ISR                           
0     0000b1fe  _IPC3_ISR                                
0     0000b208  _IPC2_ISR                                
0     0000b212  _IPC1_ISR                                
0     0000b21c  _IPC0_ISR                                
0     0000b226  _ILLEGAL_ISR                             
0     0000b230  _I2CB_ISR                                
0     0000b23a  _I2CB_FIFO_ISR                           
0     0000b244  _I2CA_ISR                                
0     0000b24e  _I2CA_FIFO_ISR                           
0     0000b258  _FPU_UNDERFLOW_ISR                       
0     0000b262  _FPU_OVERFLOW_ISR                        
0     0000b26c  _FLASH_CORRECTABLE_ERROR_ISR             
0     0000b276  _EQEP3_ISR                               
0     0000b280  _EQEP2_ISR                               
0     0000b28a  _EQEP1_ISR                               
0     0000b294  _EPWM9_TZ_ISR                            
0     0000b29e  _EPWM9_ISR                               
0     0000b2a8  _EPWM8_TZ_ISR                            
0     0000b2b2  _EPWM8_ISR                               
0     0000b2bc  _EPWM7_TZ_ISR                            
0     0000b2c6  _EPWM7_ISR                               
0     0000b2d0  _EPWM6_TZ_ISR                            
0     0000b2da  _EPWM6_ISR                               
0     0000b2e4  _EPWM5_TZ_ISR                            
0     0000b2ee  _EPWM5_ISR                               
0     0000b2f8  _EPWM4_TZ_ISR                            
0     0000b302  _EPWM4_ISR                               
0     0000b30c  _EPWM3_TZ_ISR                            
0     0000b316  _EPWM3_ISR                               
0     0000b320  _EPWM2_TZ_ISR                            
0     0000b32a  _EPWM2_ISR                               
0     0000b334  _EPWM1_TZ_ISR                            
0     0000b33e  _EPWM1_ISR                               
0     0000b348  _EPWM12_TZ_ISR                           
0     0000b352  _EPWM12_ISR                              
0     0000b35c  _EPWM11_TZ_ISR                           
0     0000b366  _EPWM11_ISR                              
0     0000b370  _EPWM10_TZ_ISR                           
0     0000b37a  _EPWM10_ISR                              
0     0000b384  _EMU_ISR                                 
0     0000b38e  _EMPTY_ISR                               
0     0000b39b  _EMIF_ERROR_ISR                          
0     0000b3a5  _ECAP6_ISR                               
0     0000b3af  _ECAP5_ISR                               
0     0000b3b9  _ECAP4_ISR                               
0     0000b3c3  _ECAP3_ISR                               
0     0000b3cd  _ECAP2_ISR                               
0     0000b3d7  _ECAP1_ISR                               
0     0000b3e1  _DMA_CH6_ISR                             
0     0000b3eb  _DMA_CH5_ISR                             
0     0000b3f5  _DMA_CH4_ISR                             
0     0000b3ff  _DMA_CH3_ISR                             
0     0000b409  _DMA_CH2_ISR                             
0     0000b413  _DMA_CH1_ISR                             
0     0000b41d  _DATALOG_ISR                             
0     0000b427  _CLA_UNDERFLOW_ISR                       
0     0000b431  _CLA_OVERFLOW_ISR                        
0     0000b43b  _CLA1_8_ISR                              
0     0000b445  _CLA1_7_ISR                              
0     0000b44f  _CLA1_6_ISR                              
0     0000b459  _CLA1_5_ISR                              
0     0000b463  _CLA1_4_ISR                              
0     0000b46d  _CLA1_3_ISR                              
0     0000b477  _CLA1_2_ISR                              
0     0000b481  _CLA1_1_ISR                              
0     0000b48b  _CANB1_ISR                               
0     0000b495  _CANB0_ISR                               
0     0000b49f  _CANA1_ISR                               
0     0000b4a9  _CANA0_ISR                               
0     0000b4b3  _AUX_PLL_SLIP_ISR                        
0     0000b4bd  _ADCD_EVT_ISR                            
0     0000b4c7  _ADCD4_ISR                               
0     0000b4d1  _ADCD3_ISR                               
0     0000b4db  _ADCD2_ISR                               
0     0000b4e5  _ADCD1_ISR                               
0     0000b4ef  _ADCC_EVT_ISR                            
0     0000b4f9  _ADCC4_ISR                               
0     0000b503  _ADCC3_ISR                               
0     0000b50d  _ADCC2_ISR                               
0     0000b517  _ADCC1_ISR                               
0     0000b521  _ADCB_EVT_ISR                            
0     0000b52b  _ADCB4_ISR                               
0     0000b535  _ADCB3_ISR                               
0     0000b53f  _ADCB2_ISR                               
0     0000b549  _ADCB1_ISR                               
0     0000b553  _ADCA_EVT_ISR                            
0     0000b55d  _ADCA4_ISR                               
0     0000b567  _ADCA3_ISR                               
0     0000b571  _ADCA2_ISR                               
0     0000b57b  _ADCA1_ISR                               
0     0000b585  __system_post_cinit                      
0     0000b586  _InitGpio                                
0     0000b603  _GPIO_WritePin                           
0     0000b61d  _GPIO_SetupXINT5Gpio                     
0     0000b624  _GPIO_SetupXINT4Gpio                     
0     0000b62b  _GPIO_SetupXINT3Gpio                     
0     0000b632  _GPIO_SetupXINT2Gpio                     
0     0000b639  _GPIO_SetupXINT1Gpio                     
0     0000b640  _GPIO_SetupPinOptions                    
0     0000b6c5  _GPIO_SetupPinMux                        
0     0000b71a  _GPIO_SetupLock                          
0     0000b73c  _GPIO_ReadPin                            
0     0000b750  _GPIO_EnableUnbondedIOPullupsFor176Pin   
0     0000b769  _GPIO_EnableUnbondedIOPullupsFor100Pin   
0     0000b78e  _GPIO_EnableUnbondedIOPullups            
0     0000b79e  _round                                   
0     0000b79e  _roundf                                  
0     0000b7d7  C$$EXIT                                  
0     0000b7d7  _abort                                   
0     0000b7d9  _exit                                    
0     0001b000  _InitializeADCs__Fv                      
0     0001b1d7  _SetupGPIOs__Fv                          
0     0001b241  _InitializeEpwm1Registers__Fv            
0     0001b2cb  _InitializeEpwm2Registers__Fv            
0     0001b335  _InitializeEpwm3Registers__Fv            
0     0001b39f  _InitSpiDrv8305Gpio__Fv                  
0     0001b3ba  _InitSpiRegs_DRV830x__FPV8SPI_REGS       
0     0001b3d3  _InitDRV8305Regs__FP12DRV8305_Vars       
0     0001b3f4  _SPI_Driver__FPV8SPI_REGSUi              
0     0001b3fa  _DRV8305_SPI_Write__FP12DRV8305_VarsUi   
0     0001b415  _DRV8305_SPI_Read__FP12DRV8305_VarsUi    
0     0001b420  _InitDRV8305__FP12DRV8305_Vars           
0     0001b4f2  _SetupCmpssProtections__Fv               
0     0001b643  _EQEPSetup__Fv                           
0     0001b693  _InitializationRoutine__Fv               
0     0001b735  _CalculateOffsetValue__Fv                
0     0001b7d6  _main                                    
0     0001b8d8  _GetAdcReadings__FR16ModuleParameters    
0     0001b9c5  _GetEncoderReadings__FR16ModuleParameters
0     0003f800  _g_asIPCCPU2toCPU1Buffers                
0     0003f880  _g_usGetWriteIndexes                     
0     0003f884  _g_usPutReadIndexes                      
1     00000400  __stack                                  
1     00000600  __STACK_END                              
1     00000b00  _AdcaResultRegs                          
1     00000b20  _AdcbResultRegs                          
1     00000b40  _AdccResultRegs                          
1     00000b60  _AdcdResultRegs                          
1     00000c00  _CpuTimer0Regs                           
1     00000c08  _CpuTimer1Regs                           
1     00000c10  _CpuTimer2Regs                           
1     00000ce0  _PieCtrlRegs                             
1     00000d00  _EmuKey                                  
1     00000d00  _PieVectTable                            
1     00000d01  _EmuBMode                                
1     00001000  _DmaRegs                                 
1     00001400  _Cla1Regs                                
1     00004000  _EPwm1Regs                               
1     00004100  _EPwm2Regs                               
1     00004200  _EPwm3Regs                               
1     00004300  _EPwm4Regs                               
1     00004400  _EPwm5Regs                               
1     00004500  _EPwm6Regs                               
1     00004600  _EPwm7Regs                               
1     00004700  _EPwm8Regs                               
1     00004800  _EPwm9Regs                               
1     00004900  _EPwm10Regs                              
1     00004a00  _EPwm11Regs                              
1     00004b00  _EPwm12Regs                              
1     00005000  _ECap1Regs                               
1     00005020  _ECap2Regs                               
1     00005040  _ECap3Regs                               
1     00005060  _ECap4Regs                               
1     00005080  _ECap5Regs                               
1     000050a0  _ECap6Regs                               
1     00005100  _EQep1Regs                               
1     00005140  _EQep2Regs                               
1     00005180  _EQep3Regs                               
1     00005c00  _DacaRegs                                
1     00005c10  _DacbRegs                                
1     00005c20  _DaccRegs                                
1     00005c80  _Cmpss1Regs                              
1     00005ca0  _Cmpss2Regs                              
1     00005cc0  _Cmpss3Regs                              
1     00005ce0  _Cmpss4Regs                              
1     00005d00  _Cmpss5Regs                              
1     00005d20  _Cmpss6Regs                              
1     00005d40  _Cmpss7Regs                              
1     00005d60  _Cmpss8Regs                              
1     00005e00  _Sdfm1Regs                               
1     00005e80  _Sdfm2Regs                               
1     00006000  _McbspaRegs                              
1     00006040  _McbspbRegs                              
1     00006100  _SpiaRegs                                
1     00006110  _SpibRegs                                
1     00006120  _SpicRegs                                
1     00006200  _UppRegs                                 
1     00007000  _WdRegs                                  
1     00007060  _NmiIntruptRegs                          
1     00007070  _XintRegs                                
1     00007200  _SciaRegs                                
1     00007210  _ScibRegs                                
1     00007220  _ScicRegs                                
1     00007230  _ScidRegs                                
1     00007300  _I2caRegs                                
1     00007340  _I2cbRegs                                
1     00007400  _AdcaRegs                                
1     00007480  _AdcbRegs                                
1     00007500  _AdccRegs                                
1     00007580  _AdcdRegs                                
1     00007900  _InputXbarRegs                           
1     00007920  _XbarRegs                                
1     00007940  _SyncSocRegs                             
1     00007980  _DmaClaSrcSelRegs                        
1     00007a00  _EPwmXbarRegs                            
1     00007a80  _OutputXbarRegs                          
1     00007c00  _GpioCtrlRegs                            
1     00007f00  _GpioDataRegs                            
1     0000a800  _PieVectTableInit                        
1     0000c000  _StartOperation                          
1     0000c001  _OperationMode                           
1     0000c002  _OffsetCalculationIsDone                 
1     0000c004  _BlankCounter                            
1     0000c006  _OffsetCalCounter                        
1     0000c008  _K1                                      
1     0000c00a  _K2                                      
1     0000c00c  _ControlISRCounter                       
1     0000c00e  _TimeCounter                             
1     0000c010  _SendOneInFour                           
1     0000c012  _faultcounter                            
1     0000c014  _Xint1Count                              
1     0000c016  _RL_Load_Operation                       
1     0000c01a  _PI_iq                                   
1     0000c040  _Device1Configuration                    
1     0000c080  _Module1_Parameters                      
1     0000c414  _TRIP_SEL                                
1     0000c432  _ECAP                                    
1     0000c440  _cSciaLibDataBuffer                      
1     0000c540  _cSendMultipleFloatArray                 
1     0000c55c  _EPWM                                    
1     0000c576  _ADC                                     
1     0000c580  _CpuTimer0                               
1     0000c588  _CpuTimer1                               
1     0000c590  _CpuTimer2                               
1     0000c598  _DataToBeSent                            
1     0000c5a4  _EQEP                                    
1     0000c5ac  _SPI                                     
1     0000c5b4  _tempSensor_tempSlope                    
1     0000c5b6  _tempSensor_tempOffset                   
1     0000c5b8  _tempSensor_scaleFactor                  
1     0000c5ba  _SDFM                                    
1     0000c5c0  ___TI_enable_exit_profile_output         
1     0000c5c2  ___TI_cleanup_ptr                        
1     0000c5c4  ___TI_dtors_ptr                          
1     0000c5c6  _uiSciaRxBufferIndex                     
1     0000c5c7  _uiSciaLibReadFromBufferIndex            
1     0000c5c8  _uiSciaLibWriteToBufferIndex             
1     0000c5c9  _uiSciaLibBufferNumberOfMessages         
1     0000c5ca  _I2C                                     
1     0000c5ce  _MCBSP                                   
1     0000c5d2  _SCI                                     
1     0000c5d6  __lock                                   
1     0000c5d8  __unlock                                 
1     0000c5da  _deviceOpen                              
1     0003fc00  _g_asIPCCPU1toCPU2Buffers                
1     0003fc80  _g_usPutWriteIndexes                     
1     0003fc84  _g_usGetReadIndexes                      
1     00047000  _Emif1Regs                               
1     00047800  _Emif2Regs                               
1     00048000  _CanaRegs                                
1     0004a000  _CanbRegs                                
1     00050000  _IpcRegs                                 
1     00050024  _FlashPumpSemaphoreRegs                  
1     0005d000  _DevCfgRegs                              
1     0005d180  _AnalogSubsysRegs                        
1     0005d200  _ClkCfgRegs                              
1     0005d300  _CpuSysRegs                              
1     0005e608  _RomPrefetchRegs                         
1     0005f000  _DcsmZ1Regs                              
1     0005f040  _DcsmZ2Regs                              
1     0005f070  _DcsmCommonRegs                          
1     0005f400  _MemCfgRegs                              
1     0005f480  _Emif1ConfigRegs                         
1     0005f4a0  _Emif2ConfigRegs                         
1     0005f4c0  _AccessProtectionRegs                    
1     0005f500  _MemoryErrorRegs                         
1     0005f540  _RomWaitStateRegs                        
1     0005f800  _Flash0CtrlRegs                          
1     0005fb00  _Flash0EccRegs                           
1     00078000  _DcsmZ1Otp                               
1     00078200  _DcsmZ2Otp                               
abs   00000200  __STACK_SIZE                             
abs   ffffffff  .text                                    
abs   ffffffff  ___TI_pprof_out_hndl                     
abs   ffffffff  ___TI_prof_data_size                     
abs   ffffffff  ___TI_prof_data_start                    
abs   ffffffff  ___binit__                               
abs   ffffffff  ___c_args__                              
abs   ffffffff  ___etext__                               
abs   ffffffff  ___pinit__                               
abs   ffffffff  ___text__                                
abs   ffffffff  binit                                    
abs   ffffffff  etext                                    
abs   ffffffff  pinit                                    

[398 symbols]
