******************************************************************************
             TMS320C2000 Linker PC v20.2.1                     
******************************************************************************
>> Linked Sat Nov 14 13:32:33 2020

OUTPUT FILE NAME:   <MonoMtrServo_377s.out>
ENTRY POINT SYMBOL: "_c_int00"  address: 0000972d


MEMORY CONFIGURATION

         name            origin    length      used     unused   attr    fill
----------------------  --------  ---------  --------  --------  ----  --------
PAGE 0:
  BEGIN                 00000000   00000002  00000002  00000000  RWIX
  RAMM0                 00000122   000002de  00000004  000002da  RWIX
  RAMLS0LS1LS2LS3LS4LS5 00008000   00003000  0000184d  000017b3  RWIX
  RAMGS456789           00010000   00006000  000001b3  00005e4d  RWIX
  RESET                 003fffc0   00000002  00000000  00000002  RWIX

PAGE 1:
  BOOT_RSVD             00000002   00000120  00000000  00000120  RWIX
  RAMM1                 00000400   00000400  00000380  00000080  RWIX
  ADCA_RESULT           00000b00   00000020  00000018  00000008  RWIX
  ADCB_RESULT           00000b20   00000020  00000018  00000008  RWIX
  ADCC_RESULT           00000b40   00000020  00000018  00000008  RWIX
  ADCD_RESULT           00000b60   00000020  00000018  00000008  RWIX
  CPU_TIMER0            00000c00   00000008  00000008  00000000  RWIX
  CPU_TIMER1            00000c08   00000008  00000008  00000000  RWIX
  CPU_TIMER2            00000c10   00000008  00000008  00000000  RWIX
  PIE_CTRL              00000ce0   00000020  0000001a  00000006  RWIX
  PIE_VECT              00000d00   00000200  000001c0  00000040  RWIX
  DMA                   00001000   00000200  000000e0  00000120  RWIX
  CLA1                  00001400   00000040  0000003e  00000002  RWIX
  EPWM1                 00004000   00000100  00000100  00000000  RWIX
  EPWM2                 00004100   00000100  00000100  00000000  RWIX
  EPWM3                 00004200   00000100  00000100  00000000  RWIX
  EPWM4                 00004300   00000100  00000100  00000000  RWIX
  EPWM5                 00004400   00000100  00000100  00000000  RWIX
  EPWM6                 00004500   00000100  00000100  00000000  RWIX
  EPWM7                 00004600   00000100  00000100  00000000  RWIX
  EPWM8                 00004700   00000100  00000100  00000000  RWIX
  EPWM9                 00004800   00000100  00000100  00000000  RWIX
  EPWM10                00004900   00000100  00000100  00000000  RWIX
  EPWM11                00004a00   00000100  00000100  00000000  RWIX
  EPWM12                00004b00   00000100  00000100  00000000  RWIX
  ECAP1                 00005000   00000020  00000020  00000000  RWIX
  ECAP2                 00005020   00000020  00000020  00000000  RWIX
  ECAP3                 00005040   00000020  00000020  00000000  RWIX
  ECAP4                 00005060   00000020  00000020  00000000  RWIX
  ECAP5                 00005080   00000020  00000020  00000000  RWIX
  ECAP6                 000050a0   00000020  00000020  00000000  RWIX
  EQEP1                 00005100   00000040  00000022  0000001e  RWIX
  EQEP2                 00005140   00000040  00000022  0000001e  RWIX
  EQEP3                 00005180   00000040  00000022  0000001e  RWIX
  DACA                  00005c00   00000010  00000008  00000008  RWIX
  DACB                  00005c10   00000010  00000008  00000008  RWIX
  DACC                  00005c20   00000010  00000008  00000008  RWIX
  CMPSS1                00005c80   00000020  00000020  00000000  RWIX
  CMPSS2                00005ca0   00000020  00000020  00000000  RWIX
  CMPSS3                00005cc0   00000020  00000020  00000000  RWIX
  CMPSS4                00005ce0   00000020  00000020  00000000  RWIX
  CMPSS5                00005d00   00000020  00000020  00000000  RWIX
  CMPSS6                00005d20   00000020  00000020  00000000  RWIX
  CMPSS7                00005d40   00000020  00000020  00000000  RWIX
  CMPSS8                00005d60   00000020  00000020  00000000  RWIX
  SDFM1                 00005e00   00000080  00000080  00000000  RWIX
  SDFM2                 00005e80   00000080  00000080  00000000  RWIX
  MCBSPA                00006000   00000040  00000024  0000001c  RWIX
  MCBSPB                00006040   00000040  00000024  0000001c  RWIX
  SPIA                  00006100   00000010  00000010  00000000  RWIX
  SPIB                  00006110   00000010  00000010  00000000  RWIX
  SPIC                  00006120   00000010  00000010  00000000  RWIX
  SPID                  00006130   00000010  00000000  00000010  RWIX
  UPP                   00006200   00000100  00000048  000000b8  RWIX
  WD                    00007000   00000040  0000002b  00000015  RWIX
  NMIINTRUPT            00007060   00000010  00000007  00000009  RWIX
  XINT                  00007070   00000010  0000000b  00000005  RWIX
  SCIA                  00007200   00000010  00000010  00000000  RWIX
  SCIB                  00007210   00000010  00000010  00000000  RWIX
  SCIC                  00007220   00000010  00000010  00000000  RWIX
  SCID                  00007230   00000010  00000010  00000000  RWIX
  I2CA                  00007300   00000040  00000022  0000001e  RWIX
  I2CB                  00007340   00000040  00000022  0000001e  RWIX
  ADCA                  00007400   00000080  00000080  00000000  RWIX
  ADCB                  00007480   00000080  00000080  00000000  RWIX
  ADCC                  00007500   00000080  00000080  00000000  RWIX
  ADCD                  00007580   00000080  00000080  00000000  RWIX
  INPUT_XBAR            00007900   00000020  00000020  00000000  RWIX
  XBAR                  00007920   00000020  00000020  00000000  RWIX
  SYNC_SOC              00007940   00000010  00000006  0000000a  RWIX
  DMACLASRCSEL          00007980   00000040  0000001a  00000026  RWIX
  EPWM_XBAR             00007a00   00000040  00000040  00000000  RWIX
  CLB_XBAR              00007a40   00000040  00000000  00000040  RWIX
  OUTPUT_XBAR           00007a80   00000040  00000040  00000000  RWIX
  GPIOCTRL              00007c00   00000180  00000180  00000000  RWIX
  GPIODAT               00007f00   00000030  00000030  00000000  RWIX
  RAMD0D1               0000b000   00001000  00000a92  0000056e  RWIX
  RAMGS0GS1             0000c000   00002000  00000000  00002000  RWIX
  RAMGS2                0000e000   00001000  00000000  00001000  RWIX
  RAMGS3                0000f000   00001000  00000000  00001000  RWIX
  RAMGS10               00016000   00001000  00000000  00001000  RWIX
  RAMGS11               00017000   00001000  00000000  00001000  RWIX
  EMIF1                 00047000   00000800  00000070  00000790  RWIX
  EMIF2                 00047800   00000800  00000070  00000790  RWIX
  FLASHPUMPSEMAPHORE    00050024   00000002  00000002  00000000  RWIX
  DEV_CFG               0005d000   00000180  0000012e  00000052  RWIX
  ANALOG_SUBSYS         0005d180   00000080  00000048  00000038  RWIX
  CLK_CFG               0005d200   00000100  00000032  000000ce  RWIX
  CPU_SYS               0005d300   00000100  00000082  0000007e  RWIX
  ROMPREFETCH           0005e608   00000002  00000002  00000000  RWIX
  DCSM_Z1               0005f000   00000030  00000024  0000000c  RWIX
  DCSM_Z2               0005f040   00000030  00000024  0000000c  RWIX
  DCSM_COMMON           0005f070   00000010  00000008  00000008  RWIX
  MEMCFG                0005f400   00000080  00000080  00000000  RWIX
  EMIF1CONFIG           0005f480   00000020  00000020  00000000  RWIX
  EMIF2CONFIG           0005f4a0   00000020  00000020  00000000  RWIX
  ACCESSPROTECTION      0005f4c0   00000040  00000040  00000000  RWIX
  MEMORYERROR           0005f500   00000040  00000040  00000000  RWIX
  ROMWAITSTATE          0005f540   00000002  00000002  00000000  RWIX
  FLASH0_CTRL           0005f800   00000300  00000182  0000017e  RWIX
  FLASH0_ECC            0005fb00   00000040  00000028  00000018  RWIX
  FLASH1_CTRL           0005fc00   00000300  00000182  0000017e  RWIX
  FLASH1_ECC            0005ff00   00000040  00000028  00000018  RWIX
  DCSM_Z1_OTP           00078000   00000020  00000020  00000000  RWIX
  DCSM_Z2_OTP           00078200   00000020  00000020  00000000  RWIX


SECTION ALLOCATION MAP

 output                                  attributes/
section   page    origin      length       input sections
--------  ----  ----------  ----------   ----------------
codestart 
*          0    00000000    00000002     
                  00000000    00000002     F2837xS_CodeStartBranch.obj (codestart)

ramfuncs   0    00000122    00000004     
                  00000122    00000004     F2837xS_usDelay.obj (ramfuncs)

.cinit     0    00010000    000001b3     
                  00010000    0000018e     MonoMtrServo.obj (.cinit)
                  0001018e    0000000e     rts2800_fpu32.lib : exit.c.obj (.cinit)
                  0001019c    0000000b     MonoMtrServo.obj (.cinit:_posArray)
                  000101a7    00000005     rts2800_fpu32.lib : _lock.c.obj (.cinit:__lock)
                  000101ac    00000005                       : _lock.c.obj (.cinit:__unlock)
                  000101b1    00000002     --HOLE-- [fill = 0]

.pinit     0    00000122    00000000     UNINITIALIZED

.reset     0    003fffc0    00000002     DSECT
                  003fffc0    00000002     rts2800_fpu32.lib : boot28.asm.obj (.reset)

.stack     1    00000400    00000380     UNINITIALIZED
                  00000400    00000380     --HOLE--

AdcaResultFile 
*          1    00000b00    00000018     UNINITIALIZED
                  00000b00    00000018     F2837xS_GlobalVariableDefs.obj (AdcaResultFile)

AdcbResultFile 
*          1    00000b20    00000018     UNINITIALIZED
                  00000b20    00000018     F2837xS_GlobalVariableDefs.obj (AdcbResultFile)

AdccResultFile 
*          1    00000b40    00000018     UNINITIALIZED
                  00000b40    00000018     F2837xS_GlobalVariableDefs.obj (AdccResultFile)

AdcdResultFile 
*          1    00000b60    00000018     UNINITIALIZED
                  00000b60    00000018     F2837xS_GlobalVariableDefs.obj (AdcdResultFile)

CpuTimer0RegsFile 
*          1    00000c00    00000008     UNINITIALIZED
                  00000c00    00000008     F2837xS_GlobalVariableDefs.obj (CpuTimer0RegsFile)

CpuTimer1RegsFile 
*          1    00000c08    00000008     UNINITIALIZED
                  00000c08    00000008     F2837xS_GlobalVariableDefs.obj (CpuTimer1RegsFile)

CpuTimer2RegsFile 
*          1    00000c10    00000008     UNINITIALIZED
                  00000c10    00000008     F2837xS_GlobalVariableDefs.obj (CpuTimer2RegsFile)

PieCtrlRegsFile 
*          1    00000ce0    0000001a     UNINITIALIZED
                  00000ce0    0000001a     F2837xS_GlobalVariableDefs.obj (PieCtrlRegsFile)

DmaRegsFile 
*          1    00001000    000000e0     UNINITIALIZED
                  00001000    000000e0     F2837xS_GlobalVariableDefs.obj (DmaRegsFile)

Cla1RegsFile 
*          1    00001400    0000003e     UNINITIALIZED
                  00001400    0000003e     F2837xS_GlobalVariableDefs.obj (Cla1RegsFile)

EPwm1RegsFile 
*          1    00004000    00000100     UNINITIALIZED
                  00004000    00000100     F2837xS_GlobalVariableDefs.obj (EPwm1RegsFile)

EPwm2RegsFile 
*          1    00004100    00000100     UNINITIALIZED
                  00004100    00000100     F2837xS_GlobalVariableDefs.obj (EPwm2RegsFile)

EPwm3RegsFile 
*          1    00004200    00000100     UNINITIALIZED
                  00004200    00000100     F2837xS_GlobalVariableDefs.obj (EPwm3RegsFile)

EPwm4RegsFile 
*          1    00004300    00000100     UNINITIALIZED
                  00004300    00000100     F2837xS_GlobalVariableDefs.obj (EPwm4RegsFile)

EPwm5RegsFile 
*          1    00004400    00000100     UNINITIALIZED
                  00004400    00000100     F2837xS_GlobalVariableDefs.obj (EPwm5RegsFile)

EPwm6RegsFile 
*          1    00004500    00000100     UNINITIALIZED
                  00004500    00000100     F2837xS_GlobalVariableDefs.obj (EPwm6RegsFile)

EPwm7RegsFile 
*          1    00004600    00000100     UNINITIALIZED
                  00004600    00000100     F2837xS_GlobalVariableDefs.obj (EPwm7RegsFile)

EPwm8RegsFile 
*          1    00004700    00000100     UNINITIALIZED
                  00004700    00000100     F2837xS_GlobalVariableDefs.obj (EPwm8RegsFile)

EPwm9RegsFile 
*          1    00004800    00000100     UNINITIALIZED
                  00004800    00000100     F2837xS_GlobalVariableDefs.obj (EPwm9RegsFile)

EPwm10RegsFile 
*          1    00004900    00000100     UNINITIALIZED
                  00004900    00000100     F2837xS_GlobalVariableDefs.obj (EPwm10RegsFile)

EPwm11RegsFile 
*          1    00004a00    00000100     UNINITIALIZED
                  00004a00    00000100     F2837xS_GlobalVariableDefs.obj (EPwm11RegsFile)

EPwm12RegsFile 
*          1    00004b00    00000100     UNINITIALIZED
                  00004b00    00000100     F2837xS_GlobalVariableDefs.obj (EPwm12RegsFile)

ECap1RegsFile 
*          1    00005000    00000020     UNINITIALIZED
                  00005000    00000020     F2837xS_GlobalVariableDefs.obj (ECap1RegsFile)

ECap2RegsFile 
*          1    00005020    00000020     UNINITIALIZED
                  00005020    00000020     F2837xS_GlobalVariableDefs.obj (ECap2RegsFile)

ECap3RegsFile 
*          1    00005040    00000020     UNINITIALIZED
                  00005040    00000020     F2837xS_GlobalVariableDefs.obj (ECap3RegsFile)

ECap4RegsFile 
*          1    00005060    00000020     UNINITIALIZED
                  00005060    00000020     F2837xS_GlobalVariableDefs.obj (ECap4RegsFile)

ECap5RegsFile 
*          1    00005080    00000020     UNINITIALIZED
                  00005080    00000020     F2837xS_GlobalVariableDefs.obj (ECap5RegsFile)

ECap6RegsFile 
*          1    000050a0    00000020     UNINITIALIZED
                  000050a0    00000020     F2837xS_GlobalVariableDefs.obj (ECap6RegsFile)

EQep1RegsFile 
*          1    00005100    00000022     UNINITIALIZED
                  00005100    00000022     F2837xS_GlobalVariableDefs.obj (EQep1RegsFile)

EQep2RegsFile 
*          1    00005140    00000022     UNINITIALIZED
                  00005140    00000022     F2837xS_GlobalVariableDefs.obj (EQep2RegsFile)

EQep3RegsFile 
*          1    00005180    00000022     UNINITIALIZED
                  00005180    00000022     F2837xS_GlobalVariableDefs.obj (EQep3RegsFile)

DacaRegsFile 
*          1    00005c00    00000008     UNINITIALIZED
                  00005c00    00000008     F2837xS_GlobalVariableDefs.obj (DacaRegsFile)

DacbRegsFile 
*          1    00005c10    00000008     UNINITIALIZED
                  00005c10    00000008     F2837xS_GlobalVariableDefs.obj (DacbRegsFile)

DaccRegsFile 
*          1    00005c20    00000008     UNINITIALIZED
                  00005c20    00000008     F2837xS_GlobalVariableDefs.obj (DaccRegsFile)

Sdfm1RegsFile 
*          1    00005e00    00000080     UNINITIALIZED
                  00005e00    00000080     F2837xS_GlobalVariableDefs.obj (Sdfm1RegsFile)

Sdfm2RegsFile 
*          1    00005e80    00000080     UNINITIALIZED
                  00005e80    00000080     F2837xS_GlobalVariableDefs.obj (Sdfm2RegsFile)

McbspaRegsFile 
*          1    00006000    00000024     UNINITIALIZED
                  00006000    00000024     F2837xS_GlobalVariableDefs.obj (McbspaRegsFile)

McbspbRegsFile 
*          1    00006040    00000024     UNINITIALIZED
                  00006040    00000024     F2837xS_GlobalVariableDefs.obj (McbspbRegsFile)

SpiaRegsFile 
*          1    00006100    00000010     UNINITIALIZED
                  00006100    00000010     F2837xS_GlobalVariableDefs.obj (SpiaRegsFile)

SpibRegsFile 
*          1    00006110    00000010     UNINITIALIZED
                  00006110    00000010     F2837xS_GlobalVariableDefs.obj (SpibRegsFile)

SpicRegsFile 
*          1    00006120    00000010     UNINITIALIZED
                  00006120    00000010     F2837xS_GlobalVariableDefs.obj (SpicRegsFile)

UppRegsFile 
*          1    00006200    00000048     UNINITIALIZED
                  00006200    00000048     F2837xS_GlobalVariableDefs.obj (UppRegsFile)

WdRegsFile 
*          1    00007000    0000002b     UNINITIALIZED
                  00007000    0000002b     F2837xS_GlobalVariableDefs.obj (WdRegsFile)

NmiIntruptRegsFile 
*          1    00007060    00000007     UNINITIALIZED
                  00007060    00000007     F2837xS_GlobalVariableDefs.obj (NmiIntruptRegsFile)

XintRegsFile 
*          1    00007070    0000000b     UNINITIALIZED
                  00007070    0000000b     F2837xS_GlobalVariableDefs.obj (XintRegsFile)

SciaRegsFile 
*          1    00007200    00000010     UNINITIALIZED
                  00007200    00000010     F2837xS_GlobalVariableDefs.obj (SciaRegsFile)

ScibRegsFile 
*          1    00007210    00000010     UNINITIALIZED
                  00007210    00000010     F2837xS_GlobalVariableDefs.obj (ScibRegsFile)

ScicRegsFile 
*          1    00007220    00000010     UNINITIALIZED
                  00007220    00000010     F2837xS_GlobalVariableDefs.obj (ScicRegsFile)

ScidRegsFile 
*          1    00007230    00000010     UNINITIALIZED
                  00007230    00000010     F2837xS_GlobalVariableDefs.obj (ScidRegsFile)

I2caRegsFile 
*          1    00007300    00000022     UNINITIALIZED
                  00007300    00000022     F2837xS_GlobalVariableDefs.obj (I2caRegsFile)

I2cbRegsFile 
*          1    00007340    00000022     UNINITIALIZED
                  00007340    00000022     F2837xS_GlobalVariableDefs.obj (I2cbRegsFile)

InputXbarRegsFile 
*          1    00007900    00000020     UNINITIALIZED
                  00007900    00000020     F2837xS_GlobalVariableDefs.obj (InputXbarRegsFile)

XbarRegsFile 
*          1    00007920    00000020     UNINITIALIZED
                  00007920    00000020     F2837xS_GlobalVariableDefs.obj (XbarRegsFile)

SyncSocRegsFile 
*          1    00007940    00000006     UNINITIALIZED
                  00007940    00000006     F2837xS_GlobalVariableDefs.obj (SyncSocRegsFile)

DmaClaSrcSelRegsFile 
*          1    00007980    0000001a     UNINITIALIZED
                  00007980    0000001a     F2837xS_GlobalVariableDefs.obj (DmaClaSrcSelRegsFile)

EPwmXbarRegsFile 
*          1    00007a00    00000040     UNINITIALIZED
                  00007a00    00000040     F2837xS_GlobalVariableDefs.obj (EPwmXbarRegsFile)

OutputXbarRegsFile 
*          1    00007a80    00000040     UNINITIALIZED
                  00007a80    00000040     F2837xS_GlobalVariableDefs.obj (OutputXbarRegsFile)

GpioCtrlRegsFile 
*          1    00007c00    00000180     UNINITIALIZED
                  00007c00    00000180     F2837xS_GlobalVariableDefs.obj (GpioCtrlRegsFile)

GpioDataRegsFile 
*          1    00007f00    00000030     UNINITIALIZED
                  00007f00    00000030     F2837xS_GlobalVariableDefs.obj (GpioDataRegsFile)

.ebss      1    0000b000    000008d0     UNINITIALIZED
                  0000b000    000001d0     MonoMtrServo.obj (.ebss)
                  0000b1d0    00000010     MonoMtrServo.obj (.ebss:_posArray)
                  0000b1e0    00000006     rts2800_fpu32.lib : exit.c.obj (.ebss)
                  0000b1e6    00000004     MonoMtrServo.obj (.ebss:_VTimer0)
                  0000b1ea    00000004     MonoMtrServo.obj (.ebss:_VTimer1)
                  0000b1ee    00000004     MonoMtrServo.obj (.ebss:_VTimer2)
                  0000b1f2    00000002     rts2800_fpu32.lib : _lock.c.obj (.ebss:__lock)
                  0000b1f4    00000002                       : _lock.c.obj (.ebss:__unlock)
                  0000b1f6    0000000a     --HOLE--
                  0000b200    00000190     MonoMtrServo.obj (.ebss:_DBUFF_4CH1)
                  0000b390    00000030     --HOLE--
                  0000b3c0    00000190     MonoMtrServo.obj (.ebss:_DBUFF_4CH2)
                  0000b550    00000030     --HOLE--
                  0000b580    00000190     MonoMtrServo.obj (.ebss:_DBUFF_4CH3)
                  0000b710    00000030     --HOLE--
                  0000b740    00000190     MonoMtrServo.obj (.ebss:_DBUFF_4CH4)

.econst    1    0000b8d0    000001c2     
                  0000b8d0    000001c0     F2837xS_PieVect.obj (.econst:_PieVectTableInit)
                  0000ba90    00000002     rts2800_fpu32.lib : s_floorf.c.obj (.econst)

PieVectTableFile 
*          1    00000d00    000001c0     UNINITIALIZED
                  00000d00    000001c0     F2837xS_GlobalVariableDefs.obj (PieVectTableFile)

EmuKeyVar 
*          1    00000d00    00000001     UNINITIALIZED
                  00000d00    00000001     F2837xS_GlobalVariableDefs.obj (EmuKeyVar)

EmuBModeVar 
*          1    00000d01    00000001     UNINITIALIZED
                  00000d01    00000001     F2837xS_GlobalVariableDefs.obj (EmuBModeVar)

FlashCallbackVar 
*          1    00000d02    00000000     UNINITIALIZED

FlashScalingVar 
*          1    00000d02    00000000     UNINITIALIZED

AdcaRegsFile 
*          1    00007400    00000080     UNINITIALIZED
                  00007400    00000080     F2837xS_GlobalVariableDefs.obj (AdcaRegsFile)

AdcbRegsFile 
*          1    00007480    00000080     UNINITIALIZED
                  00007480    00000080     F2837xS_GlobalVariableDefs.obj (AdcbRegsFile)

AdccRegsFile 
*          1    00007500    00000080     UNINITIALIZED
                  00007500    00000080     F2837xS_GlobalVariableDefs.obj (AdccRegsFile)

AdcdRegsFile 
*          1    00007580    00000080     UNINITIALIZED
                  00007580    00000080     F2837xS_GlobalVariableDefs.obj (AdcdRegsFile)

AnalogSubsysRegsFile 
*          1    0005d180    00000048     UNINITIALIZED
                  0005d180    00000048     F2837xS_GlobalVariableDefs.obj (AnalogSubsysRegsFile)

Cla1SoftIntRegsFile 
*          1    00000ce0    00000004     DSECT
                  00000ce0    00000004     F2837xS_GlobalVariableDefs.obj (Cla1SoftIntRegsFile)

Cmpss1RegsFile 
*          1    00005c80    00000020     UNINITIALIZED
                  00005c80    00000020     F2837xS_GlobalVariableDefs.obj (Cmpss1RegsFile)

Cmpss2RegsFile 
*          1    00005ca0    00000020     UNINITIALIZED
                  00005ca0    00000020     F2837xS_GlobalVariableDefs.obj (Cmpss2RegsFile)

Cmpss3RegsFile 
*          1    00005cc0    00000020     UNINITIALIZED
                  00005cc0    00000020     F2837xS_GlobalVariableDefs.obj (Cmpss3RegsFile)

Cmpss4RegsFile 
*          1    00005ce0    00000020     UNINITIALIZED
                  00005ce0    00000020     F2837xS_GlobalVariableDefs.obj (Cmpss4RegsFile)

Cmpss5RegsFile 
*          1    00005d00    00000020     UNINITIALIZED
                  00005d00    00000020     F2837xS_GlobalVariableDefs.obj (Cmpss5RegsFile)

Cmpss6RegsFile 
*          1    00005d20    00000020     UNINITIALIZED
                  00005d20    00000020     F2837xS_GlobalVariableDefs.obj (Cmpss6RegsFile)

Cmpss7RegsFile 
*          1    00005d40    00000020     UNINITIALIZED
                  00005d40    00000020     F2837xS_GlobalVariableDefs.obj (Cmpss7RegsFile)

Cmpss8RegsFile 
*          1    00005d60    00000020     UNINITIALIZED
                  00005d60    00000020     F2837xS_GlobalVariableDefs.obj (Cmpss8RegsFile)

Emif1RegsFile 
*          1    00047000    00000070     UNINITIALIZED
                  00047000    00000070     F2837xS_GlobalVariableDefs.obj (Emif1RegsFile)

Emif2RegsFile 
*          1    00047800    00000070     UNINITIALIZED
                  00047800    00000070     F2837xS_GlobalVariableDefs.obj (Emif2RegsFile)

FlashPumpSemaphoreRegsFile 
*          1    00050024    00000002     UNINITIALIZED
                  00050024    00000002     F2837xS_GlobalVariableDefs.obj (FlashPumpSemaphoreRegsFile)

RomPrefetchRegsFile 
*          1    0005e608    00000002     UNINITIALIZED
                  0005e608    00000002     F2837xS_GlobalVariableDefs.obj (RomPrefetchRegsFile)

DcsmZ1RegsFile 
*          1    0005f000    00000024     UNINITIALIZED
                  0005f000    00000024     F2837xS_GlobalVariableDefs.obj (DcsmZ1RegsFile)

DcsmZ2RegsFile 
*          1    0005f040    00000024     UNINITIALIZED
                  0005f040    00000024     F2837xS_GlobalVariableDefs.obj (DcsmZ2RegsFile)

DcsmCommonRegsFile 
*          1    0005f070    00000008     UNINITIALIZED
                  0005f070    00000008     F2837xS_GlobalVariableDefs.obj (DcsmCommonRegsFile)

MemCfgRegsFile 
*          1    0005f400    00000080     UNINITIALIZED
                  0005f400    00000080     F2837xS_GlobalVariableDefs.obj (MemCfgRegsFile)

Emif1ConfigRegsFile 
*          1    0005f480    00000020     UNINITIALIZED
                  0005f480    00000020     F2837xS_GlobalVariableDefs.obj (Emif1ConfigRegsFile)

Emif2ConfigRegsFile 
*          1    0005f4a0    00000020     UNINITIALIZED
                  0005f4a0    00000020     F2837xS_GlobalVariableDefs.obj (Emif2ConfigRegsFile)

AccessProtectionRegsFile 
*          1    0005f4c0    00000040     UNINITIALIZED
                  0005f4c0    00000040     F2837xS_GlobalVariableDefs.obj (AccessProtectionRegsFile)

MemoryErrorRegsFile 
*          1    0005f500    00000040     UNINITIALIZED
                  0005f500    00000040     F2837xS_GlobalVariableDefs.obj (MemoryErrorRegsFile)

RomWaitStateRegsFile 
*          1    0005f540    00000002     UNINITIALIZED
                  0005f540    00000002     F2837xS_GlobalVariableDefs.obj (RomWaitStateRegsFile)

Flash0CtrlRegsFile 
*          1    0005f800    00000182     UNINITIALIZED
                  0005f800    00000182     F2837xS_GlobalVariableDefs.obj (Flash0CtrlRegsFile)

Flash0EccRegsFile 
*          1    0005fb00    00000028     UNINITIALIZED
                  0005fb00    00000028     F2837xS_GlobalVariableDefs.obj (Flash0EccRegsFile)

Flash1CtrlRegsFile 
*          1    0005fc00    00000182     UNINITIALIZED
                  0005fc00    00000182     F2837xS_GlobalVariableDefs.obj (Flash1CtrlRegsFile)

Flash1EccRegsFile 
*          1    0005ff00    00000028     UNINITIALIZED
                  0005ff00    00000028     F2837xS_GlobalVariableDefs.obj (Flash1EccRegsFile)

DcsmZ1OtpFile 
*          1    00078000    00000020     NOLOAD SECTION
                  00078000    00000020     F2837xS_GlobalVariableDefs.obj (DcsmZ1OtpFile)

DcsmZ2OtpFile 
*          1    00078200    00000020     NOLOAD SECTION
                  00078200    00000020     F2837xS_GlobalVariableDefs.obj (DcsmZ2OtpFile)

DevCfgRegsFile 
*          1    0005d000    0000012e     UNINITIALIZED
                  0005d000    0000012e     F2837xS_GlobalVariableDefs.obj (DevCfgRegsFile)

ClkCfgRegsFile 
*          1    0005d200    00000032     UNINITIALIZED
                  0005d200    00000032     F2837xS_GlobalVariableDefs.obj (ClkCfgRegsFile)

CpuSysRegsFile 
*          1    0005d300    00000082     UNINITIALIZED
                  0005d300    00000082     F2837xS_GlobalVariableDefs.obj (CpuSysRegsFile)

.text      0    00008000    0000184d     
                  00008000    00000585     F2837xS_DefaultISR.obj (.text:retain)
                  00008585    00000500     MonoMtrServo.obj (.text)
                  00008a85    00000317     MonoMtrServo.obj (.text:retain)
                  00008d9c    000002d4     F2837xS_SysCtrl.obj (.text)
                  00009070    000001cd     F2837xS_Gpio.obj (.text)
                  0000923d    00000186     config.obj (.text)
                  000093c3    00000124     drv8305.obj (.text)
                  000094e7    000000e8     F2837xS_Adc.obj (.text)
                  000095cf    00000087     DLOG_4CH_F.obj (.text)
                  00009656    0000007e     DRV830x_SPI.obj (.text)
                  000096d4    00000059     rts2800_fpu32.lib : s_floorf.c.obj (.text)
                  0000972d    00000056                       : boot28.asm.obj (.text)
                  00009783    00000029                       : exit.c.obj (.text)
                  000097ac    00000028     F2837xS_PieCtrl.obj (.text)
                  000097d4    00000024     rts2800_fpu32.lib : cpy_tbl.c.obj (.text)
                  000097f8    0000001d                       : memcpy.c.obj (.text)
                  00009815    00000012     F2837xS_PieVect.obj (.text)
                  00009827    00000012     rts2800_fpu32.lib : args_main.c.obj (.text)
                  00009839    00000009                       : _lock.c.obj (.text)
                  00009842    00000008     F2837xS_CodeStartBranch.obj (.text)
                  0000984a    00000002     rts2800_fpu32.lib : pre_init.c.obj (.text)
                  0000984c    00000001                       : startup.c.obj (.text)

MODULE SUMMARY

       Module                           code   initialized data   uninitialized data
       ------                           ----   ----------------   ------------------
    .\
       F2837xS_GlobalVariableDefs.obj   0      0                  8437              
       MonoMtrServo.obj                 2071   409                2092              
       F2837xS_DefaultISR.obj           1413   0                  0                 
       F2837xS_SysCtrl.obj              724    0                  0                 
       F2837xS_PieVect.obj              18     448                0                 
       F2837xS_Gpio.obj                 461    0                  0                 
       config.obj                       390    0                  0                 
       drv8305.obj                      292    0                  0                 
       F2837xS_Adc.obj                  232    0                  0                 
       DRV830x_SPI.obj                  126    0                  0                 
       F2837xS_PieCtrl.obj              40     0                  0                 
       F2837xS_CodeStartBranch.obj      10     0                  0                 
       F2837xS_usDelay.obj              4      0                  0                 
    +--+--------------------------------+------+------------------+--------------------+
       Total:                           5781   857                10529             
                                                                                    
    .\utility Src Files\
       DLOG_4CH_F.obj                   135    0                  0                 
    +--+--------------------------------+------+------------------+--------------------+
       Total:                           135    0                  0                 
                                                                                    
    C:\ti\ccs1011\ccs\tools\compiler\ti-cgt-c2000_20.2.1.LTS\lib\rts2800_fpu32.lib
       s_floorf.c.obj                   89     2                  0                 
       boot28.asm.obj                   86     0                  0                 
       exit.c.obj                       41     14                 6                 
       cpy_tbl.c.obj                    36     0                  0                 
       memcpy.c.obj                     29     0                  0                 
       _lock.c.obj                      9      10                 4                 
       args_main.c.obj                  18     0                  0                 
       pre_init.c.obj                   2      0                  0                 
       startup.c.obj                    1      0                  0                 
    +--+--------------------------------+------+------------------+--------------------+
       Total:                           311    26                 10                
                                                                                    
       Stack:                           0      0                  896               
    +--+--------------------------------+------+------------------+--------------------+
       Grand Total:                     6227   883                11435             


GLOBAL DATA SYMBOLS: SORTED BY DATA PAGE

address     data page           name
--------    ----------------    ----
00000400      10 (00000400)     __stack

00000b00      2c (00000b00)     _AdcaResultRegs
00000b20      2c (00000b00)     _AdcbResultRegs

00000b40      2d (00000b40)     _AdccResultRegs
00000b60      2d (00000b40)     _AdcdResultRegs

00000c00      30 (00000c00)     _CpuTimer0Regs
00000c08      30 (00000c00)     _CpuTimer1Regs
00000c10      30 (00000c00)     _CpuTimer2Regs

00000ce0      33 (00000cc0)     _Cla1SoftIntRegs
00000ce0      33 (00000cc0)     _PieCtrlRegs

00000d00      34 (00000d00)     _EmuKey
00000d00      34 (00000d00)     _PieVectTable
00000d01      34 (00000d00)     _EmuBMode

00001000      40 (00001000)     _DmaRegs

00001400      50 (00001400)     _Cla1Regs

00004000     100 (00004000)     _EPwm1Regs

00004100     104 (00004100)     _EPwm2Regs

00004200     108 (00004200)     _EPwm3Regs

00004300     10c (00004300)     _EPwm4Regs

00004400     110 (00004400)     _EPwm5Regs

00004500     114 (00004500)     _EPwm6Regs

00004600     118 (00004600)     _EPwm7Regs

00004700     11c (00004700)     _EPwm8Regs

00004800     120 (00004800)     _EPwm9Regs

00004900     124 (00004900)     _EPwm10Regs

00004a00     128 (00004a00)     _EPwm11Regs

00004b00     12c (00004b00)     _EPwm12Regs

00005000     140 (00005000)     _ECap1Regs
00005020     140 (00005000)     _ECap2Regs

00005040     141 (00005040)     _ECap3Regs
00005060     141 (00005040)     _ECap4Regs

00005080     142 (00005080)     _ECap5Regs
000050a0     142 (00005080)     _ECap6Regs

00005100     144 (00005100)     _EQep1Regs

00005140     145 (00005140)     _EQep2Regs

00005180     146 (00005180)     _EQep3Regs

00005c00     170 (00005c00)     _DacaRegs
00005c10     170 (00005c00)     _DacbRegs
00005c20     170 (00005c00)     _DaccRegs

00005c80     172 (00005c80)     _Cmpss1Regs
00005ca0     172 (00005c80)     _Cmpss2Regs

00005cc0     173 (00005cc0)     _Cmpss3Regs
00005ce0     173 (00005cc0)     _Cmpss4Regs

00005d00     174 (00005d00)     _Cmpss5Regs
00005d20     174 (00005d00)     _Cmpss6Regs

00005d40     175 (00005d40)     _Cmpss7Regs
00005d60     175 (00005d40)     _Cmpss8Regs

00005e00     178 (00005e00)     _Sdfm1Regs

00005e80     17a (00005e80)     _Sdfm2Regs

00006000     180 (00006000)     _McbspaRegs

00006040     181 (00006040)     _McbspbRegs

00006100     184 (00006100)     _SpiaRegs
00006110     184 (00006100)     _SpibRegs
00006120     184 (00006100)     _SpicRegs

00006200     188 (00006200)     _UppRegs

00007000     1c0 (00007000)     _WdRegs

00007060     1c1 (00007040)     _NmiIntruptRegs
00007070     1c1 (00007040)     _XintRegs

00007200     1c8 (00007200)     _SciaRegs
00007210     1c8 (00007200)     _ScibRegs
00007220     1c8 (00007200)     _ScicRegs
00007230     1c8 (00007200)     _ScidRegs

00007300     1cc (00007300)     _I2caRegs

00007340     1cd (00007340)     _I2cbRegs

00007400     1d0 (00007400)     _AdcaRegs

00007480     1d2 (00007480)     _AdcbRegs

00007500     1d4 (00007500)     _AdccRegs

00007580     1d6 (00007580)     _AdcdRegs

00007900     1e4 (00007900)     _InputXbarRegs
00007920     1e4 (00007900)     _XbarRegs

00007940     1e5 (00007940)     _SyncSocRegs

00007980     1e6 (00007980)     _DmaClaSrcSelRegs

00007a00     1e8 (00007a00)     _EPwmXbarRegs

00007a80     1ea (00007a80)     _OutputXbarRegs

00007c00     1f0 (00007c00)     _GpioCtrlRegs

00007f00     1fc (00007f00)     _GpioDataRegs

0000b000     2c0 (0000b000)     _SerialCommsTimer
0000b001     2c0 (0000b000)     _EnableFlag
0000b002     2c0 (0000b000)     _BackTicker
0000b003     2c0 (0000b000)     _LedCnt
0000b004     2c0 (0000b000)     _OffsetCalCounter
0000b005     2c0 (0000b000)     _ptrMax
0000b006     2c0 (0000b000)     _ptr1
0000b007     2c0 (0000b000)     _DRV_RESET
0000b00a     2c0 (0000b000)     _Alpha_State_Ptr
0000b00c     2c0 (0000b000)     _A_Task_Ptr
0000b00e     2c0 (0000b000)     _B_Task_Ptr
0000b010     2c0 (0000b000)     _C_Task_Ptr
0000b012     2c0 (0000b000)     _adc_cal
0000b014     2c0 (0000b000)     _IsrTicker
0000b016     2c0 (0000b000)     _K1
0000b018     2c0 (0000b000)     _K2
0000b01a     2c0 (0000b000)     _IdRef_start
0000b01c     2c0 (0000b000)     _IdRef_run
0000b01e     2c0 (0000b000)     _cntr1
0000b020     2c0 (0000b000)     _posSlewRate
0000b022     2c0 (0000b000)     _DlogCh1
0000b024     2c0 (0000b000)     _DlogCh2
0000b026     2c0 (0000b000)     _DlogCh3
0000b028     2c0 (0000b000)     _DlogCh4

0000b040     2c1 (0000b040)     _dlog_4ch1

0000b080     2c2 (0000b080)     _motor1

0000b1d0     2c7 (0000b1c0)     _posArray
0000b1e0     2c7 (0000b1c0)     ___TI_enable_exit_profile_output
0000b1e2     2c7 (0000b1c0)     ___TI_cleanup_ptr
0000b1e4     2c7 (0000b1c0)     ___TI_dtors_ptr
0000b1e6     2c7 (0000b1c0)     _VTimer0
0000b1ea     2c7 (0000b1c0)     _VTimer1
0000b1ee     2c7 (0000b1c0)     _VTimer2
0000b1f2     2c7 (0000b1c0)     __lock
0000b1f4     2c7 (0000b1c0)     __unlock

0000b200     2c8 (0000b200)     _DBUFF_4CH1

0000b3c0     2cf (0000b3c0)     _DBUFF_4CH2

0000b580     2d6 (0000b580)     _DBUFF_4CH3

0000b740     2dd (0000b740)     _DBUFF_4CH4

0000b8d0     2e3 (0000b8c0)     _PieVectTableInit

00047000    11c0 (00047000)     _Emif1Regs

00047800    11e0 (00047800)     _Emif2Regs

00050024    1400 (00050000)     _FlashPumpSemaphoreRegs

0005d000    1740 (0005d000)     _DevCfgRegs

0005d180    1746 (0005d180)     _AnalogSubsysRegs

0005d200    1748 (0005d200)     _ClkCfgRegs

0005d300    174c (0005d300)     _CpuSysRegs

0005e608    1798 (0005e600)     _RomPrefetchRegs

0005f000    17c0 (0005f000)     _DcsmZ1Regs

0005f040    17c1 (0005f040)     _DcsmZ2Regs
0005f070    17c1 (0005f040)     _DcsmCommonRegs

0005f400    17d0 (0005f400)     _MemCfgRegs

0005f480    17d2 (0005f480)     _Emif1ConfigRegs
0005f4a0    17d2 (0005f480)     _Emif2ConfigRegs

0005f4c0    17d3 (0005f4c0)     _AccessProtectionRegs

0005f500    17d4 (0005f500)     _MemoryErrorRegs

0005f540    17d5 (0005f540)     _RomWaitStateRegs

0005f800    17e0 (0005f800)     _Flash0CtrlRegs

0005fb00    17ec (0005fb00)     _Flash0EccRegs

0005fc00    17f0 (0005fc00)     _Flash1CtrlRegs

0005ff00    17fc (0005ff00)     _Flash1EccRegs

00078000    1e00 (00078000)     _DcsmZ1Otp

00078200    1e08 (00078200)     _DcsmZ2Otp


GLOBAL SYMBOLS: SORTED ALPHABETICALLY BY Name 

page  address   name                                  
----  -------   ----                                  
abs   ffffffff  .text                                 
0     00009783  C$$EXIT                               
0     00008704  _A0                                   
0     000086ce  _A1                                   
0     000086a4  _A2                                   
0     0000869e  _A3                                   
0     0000857b  _ADCA1_ISR                            
0     00008571  _ADCA2_ISR                            
0     00008567  _ADCA3_ISR                            
0     0000855d  _ADCA4_ISR                            
0     00008553  _ADCA_EVT_ISR                         
0     00008549  _ADCB1_ISR                            
0     0000853f  _ADCB2_ISR                            
0     00008535  _ADCB3_ISR                            
0     0000852b  _ADCB4_ISR                            
0     00008521  _ADCB_EVT_ISR                         
0     00008517  _ADCC1_ISR                            
0     0000850d  _ADCC2_ISR                            
0     00008503  _ADCC3_ISR                            
0     000084f9  _ADCC4_ISR                            
0     000084ef  _ADCC_EVT_ISR                         
0     000084e5  _ADCD1_ISR                            
0     000084db  _ADCD2_ISR                            
0     000084d1  _ADCD3_ISR                            
0     000084c7  _ADCD4_ISR                            
0     000084bd  _ADCD_EVT_ISR                         
0     000084b3  _AUX_PLL_SLIP_ISR                     
1     0000b00c  _A_Task_Ptr                           
1     0005f4c0  _AccessProtectionRegs                 
0     0000951f  _AdcSetMode                           
1     00007400  _AdcaRegs                             
1     00000b00  _AdcaResultRegs                       
1     00007480  _AdcbRegs                             
1     00000b20  _AdcbResultRegs                       
1     00007500  _AdccRegs                             
1     00000b40  _AdccResultRegs                       
1     00007580  _AdcdRegs                             
1     00000b60  _AdcdResultRegs                       
1     0000b00a  _Alpha_State_Ptr                      
1     0005d180  _AnalogSubsysRegs                     
0     00008f49  _AuxAuxClkSel                         
0     00008f64  _AuxIntOsc2Sel                        
0     00008f53  _AuxXtalOscSel                        
0     0000871c  _B0                                   
0     000086c8  _B1                                   
0     00008698  _B2                                   
0     00008692  _B3                                   
1     0000b00e  _B_Task_Ptr                           
1     0000b002  _BackTicker                           
0     00008731  _C0                                   
0     000086aa  _C1                                   
0     00008688  _C2                                   
0     0000867a  _C3                                   
0     000084a9  _CANA0_ISR                            
0     0000849f  _CANA1_ISR                            
0     00008495  _CANB0_ISR                            
0     0000848b  _CANB1_ISR                            
0     00008481  _CLA1_1_ISR                           
0     00008477  _CLA1_2_ISR                           
0     0000846d  _CLA1_3_ISR                           
0     00008463  _CLA1_4_ISR                           
0     00008459  _CLA1_5_ISR                           
0     0000844f  _CLA1_6_ISR                           
0     00008445  _CLA1_7_ISR                           
0     0000843b  _CLA1_8_ISR                           
0     00008431  _CLA_OVERFLOW_ISR                     
0     00008427  _CLA_UNDERFLOW_ISR                    
1     0000b010  _C_Task_Ptr                           
0     000094e7  _CalAdcINL                            
1     00001400  _Cla1Regs                             
0     00000ce0  _Cla1SoftIntRegs                      
1     0005d200  _ClkCfgRegs                           
1     00005c80  _Cmpss1Regs                           
1     00005ca0  _Cmpss2Regs                           
1     00005cc0  _Cmpss3Regs                           
1     00005ce0  _Cmpss4Regs                           
1     00005d00  _Cmpss5Regs                           
1     00005d20  _Cmpss6Regs                           
1     00005d40  _Cmpss7Regs                           
1     00005d60  _Cmpss8Regs                           
0     00009393  _ConfigureADC                         
1     0005d300  _CpuSysRegs                           
1     00000c00  _CpuTimer0Regs                        
1     00000c08  _CpuTimer1Regs                        
1     00000c10  _CpuTimer2Regs                        
0     0000904f  _CsmUnlock                            
0     0000841d  _DATALOG_ISR                          
1     0000b200  _DBUFF_4CH1                           
1     0000b3c0  _DBUFF_4CH2                           
1     0000b580  _DBUFF_4CH3                           
1     0000b740  _DBUFF_4CH4                           
0     000095f6  _DLOG_4CH_F_FUNC                      
0     000095cf  _DLOG_4CH_F_init                      
0     00008413  _DMA_CH1_ISR                          
0     00008409  _DMA_CH2_ISR                          
0     000083ff  _DMA_CH3_ISR                          
0     000083f5  _DMA_CH4_ISR                          
0     000083eb  _DMA_CH5_ISR                          
0     000083e1  _DMA_CH6_ISR                          
0     00008634  _DMC1_Protection                      
0     000096b6  _DRV8301_SPI_Read                     
0     0000969a  _DRV8301_SPI_Write                    
0     0000968a  _DRV8305_SPI_Read                     
0     0000966e  _DRV8305_SPI_Write                    
0     000094c0  _DRV8305_diagnostics                  
1     0000b007  _DRV_RESET                            
1     00005c00  _DacaRegs                             
1     00005c10  _DacbRegs                             
1     00005c20  _DaccRegs                             
1     0005f070  _DcsmCommonRegs                       
1     00078000  _DcsmZ1Otp                            
1     0005f000  _DcsmZ1Regs                           
1     00078200  _DcsmZ2Otp                            
1     0005f040  _DcsmZ2Regs                           
1     0005d000  _DevCfgRegs                           
0     00008e5c  _DisableDog                           
0     0000900c  _DisablePeripheralClocks              
1     0000b022  _DlogCh1                              
1     0000b024  _DlogCh2                              
1     0000b026  _DlogCh3                              
1     0000b028  _DlogCh4                              
1     00007980  _DmaClaSrcSelRegs                     
1     00001000  _DmaRegs                              
0     000083d7  _ECAP1_ISR                            
0     000083cd  _ECAP2_ISR                            
0     000083c3  _ECAP3_ISR                            
0     000083b9  _ECAP4_ISR                            
0     000083af  _ECAP5_ISR                            
0     000083a5  _ECAP6_ISR                            
1     00005000  _ECap1Regs                            
1     00005020  _ECap2Regs                            
1     00005040  _ECap3Regs                            
1     00005060  _ECap4Regs                            
1     00005080  _ECap5Regs                            
1     000050a0  _ECap6Regs                            
0     0000839b  _EMIF_ERROR_ISR                       
0     0000838e  _EMPTY_ISR                            
0     00008384  _EMU_ISR                              
0     0000837a  _EPWM10_ISR                           
0     00008370  _EPWM10_TZ_ISR                        
0     00008366  _EPWM11_ISR                           
0     0000835c  _EPWM11_TZ_ISR                        
0     00008352  _EPWM12_ISR                           
0     00008348  _EPWM12_TZ_ISR                        
0     0000833e  _EPWM1_ISR                            
0     00008334  _EPWM1_TZ_ISR                         
0     0000832a  _EPWM2_ISR                            
0     00008320  _EPWM2_TZ_ISR                         
0     00008316  _EPWM3_ISR                            
0     0000830c  _EPWM3_TZ_ISR                         
0     00008302  _EPWM4_ISR                            
0     000082f8  _EPWM4_TZ_ISR                         
0     000082ee  _EPWM5_ISR                            
0     000082e4  _EPWM5_TZ_ISR                         
0     000082da  _EPWM6_ISR                            
0     000082d0  _EPWM6_TZ_ISR                         
0     000082c6  _EPWM7_ISR                            
0     000082bc  _EPWM7_TZ_ISR                         
0     000082b2  _EPWM8_ISR                            
0     000082a8  _EPWM8_TZ_ISR                         
0     0000829e  _EPWM9_ISR                            
0     00008294  _EPWM9_TZ_ISR                         
1     00004900  _EPwm10Regs                           
1     00004a00  _EPwm11Regs                           
1     00004b00  _EPwm12Regs                           
1     00004000  _EPwm1Regs                            
1     00004100  _EPwm2Regs                            
1     00004200  _EPwm3Regs                            
1     00004300  _EPwm4Regs                            
1     00004400  _EPwm5Regs                            
1     00004500  _EPwm6Regs                            
1     00004600  _EPwm7Regs                            
1     00004700  _EPwm8Regs                            
1     00004800  _EPwm9Regs                            
1     00007a00  _EPwmXbarRegs                         
0     0000828a  _EQEP1_ISR                            
0     00008280  _EQEP2_ISR                            
0     00008276  _EQEP3_ISR                            
1     00005100  _EQep1Regs                            
1     00005140  _EQep2Regs                            
1     00005180  _EQep3Regs                            
1     0005f480  _Emif1ConfigRegs                      
1     00047000  _Emif1Regs                            
1     0005f4a0  _Emif2ConfigRegs                      
1     00047800  _Emif2Regs                            
1     00000d01  _EmuBMode                             
1     00000d00  _EmuKey                               
1     0000b001  _EnableFlag                           
0     000097cb  _EnableInterrupts                     
0     00000122  _F28x_usDelay                         
0     0000826c  _FLASH_CORRECTABLE_ERROR_ISR          
0     00008262  _FPU_OVERFLOW_ISR                     
0     00008258  _FPU_UNDERFLOW_ISR                    
1     0005f800  _Flash0CtrlRegs                       
1     0005fb00  _Flash0EccRegs                        
1     0005fc00  _Flash1CtrlRegs                       
1     0005ff00  _Flash1EccRegs                        
1     00050024  _FlashPumpSemaphoreRegs               
0     0000922d  _GPIO_EnableUnbondedIOPullups         
0     00009208  _GPIO_EnableUnbondedIOPullupsFor100Pin
0     000091ef  _GPIO_EnableUnbondedIOPullupsFor176Pin
0     000091db  _GPIO_ReadPin                         
0     000091ba  _GPIO_SetupLock                       
0     00009165  _GPIO_SetupPinMux                     
0     000090e8  _GPIO_SetupPinOptions                 
0     000090e1  _GPIO_SetupXINT1Gpio                  
0     000090da  _GPIO_SetupXINT2Gpio                  
0     000090d3  _GPIO_SetupXINT3Gpio                  
0     000090cc  _GPIO_SetupXINT4Gpio                  
0     000090c5  _GPIO_SetupXINT5Gpio                  
0     00008666  _GPIO_TogglePin                       
0     000090ab  _GPIO_WritePin                        
1     00007c00  _GpioCtrlRegs                         
1     00007f00  _GpioDataRegs                         
0     0000903e  _HALT                                 
0     0000902a  _HIB                                  
0     0000824e  _I2CA_FIFO_ISR                        
0     00008244  _I2CA_ISR                             
0     0000823a  _I2CB_FIFO_ISR                        
0     00008230  _I2CB_ISR                             
1     00007300  _I2caRegs                             
1     00007340  _I2cbRegs                             
0     00009003  _IDLE                                 
0     00008226  _ILLEGAL_ISR                          
0     0000821c  _IPC0_ISR                             
0     00008212  _IPC1_ISR                             
0     00008208  _IPC2_ISR                             
0     000081fe  _IPC3_ISR                             
1     0000b01c  _IdRef_run                            
1     0000b01a  _IdRef_start                          
0     00008f71  _InitAuxPll                           
0     00009410  _InitDRV8305                          
0     000093c3  _InitDRV8305Regs                      
0     00009070  _InitGpio                             
0     00009374  _InitMotor1EPwmGpio                   
0     00009355  _InitMotor1EQepGpio                   
0     0000932c  _InitMotor1SpiGpio                    
0     0000930f  _InitMotor1_DRV_Gpio                  
0     00008e69  _InitPeripheralClocks                 
0     000097ac  _InitPieCtrl                          
0     00009815  _InitPieVectTable                     
0     000092f6  _InitSpiRegs_DRV830x                  
0     00008f12  _InitSysCtrl                          
0     000092bf  _InitSysCtrl1                         
0     00008dd5  _InitSysPll                           
1     00007900  _InputXbarRegs                        
1     0000b014  _IsrTicker                            
1     0000b016  _K1                                   
1     0000b018  _K2                                   
1     0000b003  _LedCnt                               
0     000081f4  _MCBSPA_RX_ISR                        
0     000081ea  _MCBSPA_TX_ISR                        
0     000081e0  _MCBSPB_RX_ISR                        
0     000081d6  _MCBSPB_TX_ISR                        
1     00006000  _McbspaRegs                           
1     00006040  _McbspbRegs                           
1     0005f400  _MemCfgRegs                           
1     0005f500  _MemoryErrorRegs                      
0     00008a85  _MotorControlISR                      
0     000081cc  _NMI_ISR                              
0     000081c2  _NOTUSED_ISR                          
1     00007060  _NmiIntruptRegs                       
1     0000b004  _OffsetCalCounter                     
1     00007a80  _OutputXbarRegs                       
0     000081b8  _PIE_RESERVED_ISR                     
0     00009277  _PWM_1ch_UpDwnCnt_CNF                 
0     0000923d  _PWM_1ch_UpDwnCnt_CNF_noDB            
1     00000ce0  _PieCtrlRegs                          
1     00000d00  _PieVectTable                         
1     0000b8d0  _PieVectTableInit                     
0     000085f7  _PwmTripConfig                        
0     000081ae  _RAM_ACCESS_VIOLATION_ISR             
0     000081a4  _RAM_CORRECTABLE_ERROR_ISR            
0     0000819a  _RTOS_ISR                             
1     0005e608  _RomPrefetchRegs                      
1     0005f540  _RomWaitStateRegs                     
0     00008190  _SCIA_RX_ISR                          
0     00008186  _SCIA_TX_ISR                          
0     0000817c  _SCIB_RX_ISR                          
0     00008172  _SCIB_TX_ISR                          
0     00008168  _SCIC_RX_ISR                          
0     0000815e  _SCIC_TX_ISR                          
0     00008154  _SCID_RX_ISR                          
0     0000814a  _SCID_TX_ISR                          
0     00008140  _SD1_ISR                              
0     00008136  _SD2_ISR                              
0     0000812c  _SPIA_RX_ISR                          
0     00008122  _SPIA_TX_ISR                          
0     00008118  _SPIB_RX_ISR                          
0     0000810e  _SPIB_TX_ISR                          
0     00008104  _SPIC_RX_ISR                          
0     000080fa  _SPIC_TX_ISR                          
0     00009656  _SPI_Driver                           
0     00008dca  _STANDBY                              
0     000080f0  _SYS_PLL_SLIP_ISR                     
1     00007200  _SciaRegs                             
1     00007210  _ScibRegs                             
1     00007220  _ScicRegs                             
1     00007230  _ScidRegs                             
1     00005e00  _Sdfm1Regs                            
1     00005e80  _Sdfm2Regs                            
1     0000b000  _SerialCommsTimer                     
0     00008dbc  _ServiceDog                           
1     00006100  _SpiaRegs                             
1     00006110  _SpibRegs                             
1     00006120  _SpicRegs                             
1     00007940  _SyncSocRegs                          
0     00008db2  _SysIntOsc1Sel                        
0     00008da8  _SysIntOsc2Sel                        
0     00008d9c  _SysXtalOscSel                        
0     000080e6  _TIMER0_ISR                           
0     000080dc  _TIMER1_ISR                           
0     000080d2  _TIMER2_ISR                           
0     000080c8  _UPPA_ISR                             
0     000080be  _USBA_ISR                             
0     000080b4  _USER10_ISR                           
0     000080aa  _USER11_ISR                           
0     000080a0  _USER12_ISR                           
0     00008096  _USER1_ISR                            
0     0000808c  _USER2_ISR                            
0     00008082  _USER3_ISR                            
0     00008078  _USER4_ISR                            
0     0000806e  _USER5_ISR                            
0     00008064  _USER6_ISR                            
0     0000805a  _USER7_ISR                            
0     00008050  _USER8_ISR                            
0     00008046  _USER9_ISR                            
1     00006200  _UppRegs                              
0     0000803c  _VCU_ISR                              
1     0000b1e6  _VTimer0                              
1     0000b1ea  _VTimer1                              
1     0000b1ee  _VTimer2                              
0     00008032  _WAKE_ISR                             
1     00007000  _WdRegs                               
0     00008028  _XINT1_ISR                            
0     0000801e  _XINT2_ISR                            
0     00008014  _XINT3_ISR                            
0     0000800a  _XINT4_ISR                            
0     00008000  _XINT5_ISR                            
1     00007920  _XbarRegs                             
1     00007070  _XintRegs                             
1     00000780  __STACK_END                           
abs   00000380  __STACK_SIZE                          
1     0000b1e2  ___TI_cleanup_ptr                     
1     0000b1e4  ___TI_dtors_ptr                       
1     0000b1e0  ___TI_enable_exit_profile_output      
abs   ffffffff  ___TI_pprof_out_hndl                  
abs   ffffffff  ___TI_prof_data_size                  
abs   ffffffff  ___TI_prof_data_start                 
abs   ffffffff  ___binit__                            
abs   ffffffff  ___c_args__                           
0     00010000  ___cinit__                            
abs   ffffffff  ___etext__                            
abs   ffffffff  ___pinit__                            
abs   ffffffff  ___text__                             
0     00009827  __args_main                           
1     0000b1f2  __lock                                
0     00009841  __nop                                 
0     0000983d  __register_lock                       
0     00009839  __register_unlock                     
1     00000400  __stack                               
0     0000984c  __system_post_cinit                   
0     0000984a  __system_pre_init                     
1     0000b1f4  __unlock                              
0     00009783  _abort                                
1     0000b012  _adc_cal                              
0     0000972d  _c_int00                              
1     0000b01e  _cntr1                                
0     000097d4  _copy_in                              
1     0000b040  _dlog_4ch1                            
0     00009785  _exit                                 
0     000096d4  _floor                                
0     000096d4  _floorf                               
0     00008746  _main                                 
0     000097f8  _memcpy                               
1     0000b080  _motor1                               
1     0000b1d0  _posArray                             
1     0000b020  _posSlewRate                          
1     0000b006  _ptr1                                 
1     0000b005  _ptrMax                               
0     00008585  _ramper                               
0     000085d6  _ramper_speed                         
0     000085a1  _refPosGen                            
abs   ffffffff  binit                                 
0     00010000  cinit                                 
0     00000000  code_start                            
abs   ffffffff  etext                                 
abs   ffffffff  pinit                                 


GLOBAL SYMBOLS: SORTED BY Symbol Address 

page  address   name                                  
----  -------   ----                                  
0     00000000  code_start                            
0     00000122  _F28x_usDelay                         
0     00000ce0  _Cla1SoftIntRegs                      
0     00008000  _XINT5_ISR                            
0     0000800a  _XINT4_ISR                            
0     00008014  _XINT3_ISR                            
0     0000801e  _XINT2_ISR                            
0     00008028  _XINT1_ISR                            
0     00008032  _WAKE_ISR                             
0     0000803c  _VCU_ISR                              
0     00008046  _USER9_ISR                            
0     00008050  _USER8_ISR                            
0     0000805a  _USER7_ISR                            
0     00008064  _USER6_ISR                            
0     0000806e  _USER5_ISR                            
0     00008078  _USER4_ISR                            
0     00008082  _USER3_ISR                            
0     0000808c  _USER2_ISR                            
0     00008096  _USER1_ISR                            
0     000080a0  _USER12_ISR                           
0     000080aa  _USER11_ISR                           
0     000080b4  _USER10_ISR                           
0     000080be  _USBA_ISR                             
0     000080c8  _UPPA_ISR                             
0     000080d2  _TIMER2_ISR                           
0     000080dc  _TIMER1_ISR                           
0     000080e6  _TIMER0_ISR                           
0     000080f0  _SYS_PLL_SLIP_ISR                     
0     000080fa  _SPIC_TX_ISR                          
0     00008104  _SPIC_RX_ISR                          
0     0000810e  _SPIB_TX_ISR                          
0     00008118  _SPIB_RX_ISR                          
0     00008122  _SPIA_TX_ISR                          
0     0000812c  _SPIA_RX_ISR                          
0     00008136  _SD2_ISR                              
0     00008140  _SD1_ISR                              
0     0000814a  _SCID_TX_ISR                          
0     00008154  _SCID_RX_ISR                          
0     0000815e  _SCIC_TX_ISR                          
0     00008168  _SCIC_RX_ISR                          
0     00008172  _SCIB_TX_ISR                          
0     0000817c  _SCIB_RX_ISR                          
0     00008186  _SCIA_TX_ISR                          
0     00008190  _SCIA_RX_ISR                          
0     0000819a  _RTOS_ISR                             
0     000081a4  _RAM_CORRECTABLE_ERROR_ISR            
0     000081ae  _RAM_ACCESS_VIOLATION_ISR             
0     000081b8  _PIE_RESERVED_ISR                     
0     000081c2  _NOTUSED_ISR                          
0     000081cc  _NMI_ISR                              
0     000081d6  _MCBSPB_TX_ISR                        
0     000081e0  _MCBSPB_RX_ISR                        
0     000081ea  _MCBSPA_TX_ISR                        
0     000081f4  _MCBSPA_RX_ISR                        
0     000081fe  _IPC3_ISR                             
0     00008208  _IPC2_ISR                             
0     00008212  _IPC1_ISR                             
0     0000821c  _IPC0_ISR                             
0     00008226  _ILLEGAL_ISR                          
0     00008230  _I2CB_ISR                             
0     0000823a  _I2CB_FIFO_ISR                        
0     00008244  _I2CA_ISR                             
0     0000824e  _I2CA_FIFO_ISR                        
0     00008258  _FPU_UNDERFLOW_ISR                    
0     00008262  _FPU_OVERFLOW_ISR                     
0     0000826c  _FLASH_CORRECTABLE_ERROR_ISR          
0     00008276  _EQEP3_ISR                            
0     00008280  _EQEP2_ISR                            
0     0000828a  _EQEP1_ISR                            
0     00008294  _EPWM9_TZ_ISR                         
0     0000829e  _EPWM9_ISR                            
0     000082a8  _EPWM8_TZ_ISR                         
0     000082b2  _EPWM8_ISR                            
0     000082bc  _EPWM7_TZ_ISR                         
0     000082c6  _EPWM7_ISR                            
0     000082d0  _EPWM6_TZ_ISR                         
0     000082da  _EPWM6_ISR                            
0     000082e4  _EPWM5_TZ_ISR                         
0     000082ee  _EPWM5_ISR                            
0     000082f8  _EPWM4_TZ_ISR                         
0     00008302  _EPWM4_ISR                            
0     0000830c  _EPWM3_TZ_ISR                         
0     00008316  _EPWM3_ISR                            
0     00008320  _EPWM2_TZ_ISR                         
0     0000832a  _EPWM2_ISR                            
0     00008334  _EPWM1_TZ_ISR                         
0     0000833e  _EPWM1_ISR                            
0     00008348  _EPWM12_TZ_ISR                        
0     00008352  _EPWM12_ISR                           
0     0000835c  _EPWM11_TZ_ISR                        
0     00008366  _EPWM11_ISR                           
0     00008370  _EPWM10_TZ_ISR                        
0     0000837a  _EPWM10_ISR                           
0     00008384  _EMU_ISR                              
0     0000838e  _EMPTY_ISR                            
0     0000839b  _EMIF_ERROR_ISR                       
0     000083a5  _ECAP6_ISR                            
0     000083af  _ECAP5_ISR                            
0     000083b9  _ECAP4_ISR                            
0     000083c3  _ECAP3_ISR                            
0     000083cd  _ECAP2_ISR                            
0     000083d7  _ECAP1_ISR                            
0     000083e1  _DMA_CH6_ISR                          
0     000083eb  _DMA_CH5_ISR                          
0     000083f5  _DMA_CH4_ISR                          
0     000083ff  _DMA_CH3_ISR                          
0     00008409  _DMA_CH2_ISR                          
0     00008413  _DMA_CH1_ISR                          
0     0000841d  _DATALOG_ISR                          
0     00008427  _CLA_UNDERFLOW_ISR                    
0     00008431  _CLA_OVERFLOW_ISR                     
0     0000843b  _CLA1_8_ISR                           
0     00008445  _CLA1_7_ISR                           
0     0000844f  _CLA1_6_ISR                           
0     00008459  _CLA1_5_ISR                           
0     00008463  _CLA1_4_ISR                           
0     0000846d  _CLA1_3_ISR                           
0     00008477  _CLA1_2_ISR                           
0     00008481  _CLA1_1_ISR                           
0     0000848b  _CANB1_ISR                            
0     00008495  _CANB0_ISR                            
0     0000849f  _CANA1_ISR                            
0     000084a9  _CANA0_ISR                            
0     000084b3  _AUX_PLL_SLIP_ISR                     
0     000084bd  _ADCD_EVT_ISR                         
0     000084c7  _ADCD4_ISR                            
0     000084d1  _ADCD3_ISR                            
0     000084db  _ADCD2_ISR                            
0     000084e5  _ADCD1_ISR                            
0     000084ef  _ADCC_EVT_ISR                         
0     000084f9  _ADCC4_ISR                            
0     00008503  _ADCC3_ISR                            
0     0000850d  _ADCC2_ISR                            
0     00008517  _ADCC1_ISR                            
0     00008521  _ADCB_EVT_ISR                         
0     0000852b  _ADCB4_ISR                            
0     00008535  _ADCB3_ISR                            
0     0000853f  _ADCB2_ISR                            
0     00008549  _ADCB1_ISR                            
0     00008553  _ADCA_EVT_ISR                         
0     0000855d  _ADCA4_ISR                            
0     00008567  _ADCA3_ISR                            
0     00008571  _ADCA2_ISR                            
0     0000857b  _ADCA1_ISR                            
0     00008585  _ramper                               
0     000085a1  _refPosGen                            
0     000085d6  _ramper_speed                         
0     000085f7  _PwmTripConfig                        
0     00008634  _DMC1_Protection                      
0     00008666  _GPIO_TogglePin                       
0     0000867a  _C3                                   
0     00008688  _C2                                   
0     00008692  _B3                                   
0     00008698  _B2                                   
0     0000869e  _A3                                   
0     000086a4  _A2                                   
0     000086aa  _C1                                   
0     000086c8  _B1                                   
0     000086ce  _A1                                   
0     00008704  _A0                                   
0     0000871c  _B0                                   
0     00008731  _C0                                   
0     00008746  _main                                 
0     00008a85  _MotorControlISR                      
0     00008d9c  _SysXtalOscSel                        
0     00008da8  _SysIntOsc2Sel                        
0     00008db2  _SysIntOsc1Sel                        
0     00008dbc  _ServiceDog                           
0     00008dca  _STANDBY                              
0     00008dd5  _InitSysPll                           
0     00008e5c  _DisableDog                           
0     00008e69  _InitPeripheralClocks                 
0     00008f12  _InitSysCtrl                          
0     00008f49  _AuxAuxClkSel                         
0     00008f53  _AuxXtalOscSel                        
0     00008f64  _AuxIntOsc2Sel                        
0     00008f71  _InitAuxPll                           
0     00009003  _IDLE                                 
0     0000900c  _DisablePeripheralClocks              
0     0000902a  _HIB                                  
0     0000903e  _HALT                                 
0     0000904f  _CsmUnlock                            
0     00009070  _InitGpio                             
0     000090ab  _GPIO_WritePin                        
0     000090c5  _GPIO_SetupXINT5Gpio                  
0     000090cc  _GPIO_SetupXINT4Gpio                  
0     000090d3  _GPIO_SetupXINT3Gpio                  
0     000090da  _GPIO_SetupXINT2Gpio                  
0     000090e1  _GPIO_SetupXINT1Gpio                  
0     000090e8  _GPIO_SetupPinOptions                 
0     00009165  _GPIO_SetupPinMux                     
0     000091ba  _GPIO_SetupLock                       
0     000091db  _GPIO_ReadPin                         
0     000091ef  _GPIO_EnableUnbondedIOPullupsFor176Pin
0     00009208  _GPIO_EnableUnbondedIOPullupsFor100Pin
0     0000922d  _GPIO_EnableUnbondedIOPullups         
0     0000923d  _PWM_1ch_UpDwnCnt_CNF_noDB            
0     00009277  _PWM_1ch_UpDwnCnt_CNF                 
0     000092bf  _InitSysCtrl1                         
0     000092f6  _InitSpiRegs_DRV830x                  
0     0000930f  _InitMotor1_DRV_Gpio                  
0     0000932c  _InitMotor1SpiGpio                    
0     00009355  _InitMotor1EQepGpio                   
0     00009374  _InitMotor1EPwmGpio                   
0     00009393  _ConfigureADC                         
0     000093c3  _InitDRV8305Regs                      
0     00009410  _InitDRV8305                          
0     000094c0  _DRV8305_diagnostics                  
0     000094e7  _CalAdcINL                            
0     0000951f  _AdcSetMode                           
0     000095cf  _DLOG_4CH_F_init                      
0     000095f6  _DLOG_4CH_F_FUNC                      
0     00009656  _SPI_Driver                           
0     0000966e  _DRV8305_SPI_Write                    
0     0000968a  _DRV8305_SPI_Read                     
0     0000969a  _DRV8301_SPI_Write                    
0     000096b6  _DRV8301_SPI_Read                     
0     000096d4  _floor                                
0     000096d4  _floorf                               
0     0000972d  _c_int00                              
0     00009783  C$$EXIT                               
0     00009783  _abort                                
0     00009785  _exit                                 
0     000097ac  _InitPieCtrl                          
0     000097cb  _EnableInterrupts                     
0     000097d4  _copy_in                              
0     000097f8  _memcpy                               
0     00009815  _InitPieVectTable                     
0     00009827  __args_main                           
0     00009839  __register_unlock                     
0     0000983d  __register_lock                       
0     00009841  __nop                                 
0     0000984a  __system_pre_init                     
0     0000984c  __system_post_cinit                   
0     00010000  ___cinit__                            
0     00010000  cinit                                 
1     00000400  __stack                               
1     00000780  __STACK_END                           
1     00000b00  _AdcaResultRegs                       
1     00000b20  _AdcbResultRegs                       
1     00000b40  _AdccResultRegs                       
1     00000b60  _AdcdResultRegs                       
1     00000c00  _CpuTimer0Regs                        
1     00000c08  _CpuTimer1Regs                        
1     00000c10  _CpuTimer2Regs                        
1     00000ce0  _PieCtrlRegs                          
1     00000d00  _EmuKey                               
1     00000d00  _PieVectTable                         
1     00000d01  _EmuBMode                             
1     00001000  _DmaRegs                              
1     00001400  _Cla1Regs                             
1     00004000  _EPwm1Regs                            
1     00004100  _EPwm2Regs                            
1     00004200  _EPwm3Regs                            
1     00004300  _EPwm4Regs                            
1     00004400  _EPwm5Regs                            
1     00004500  _EPwm6Regs                            
1     00004600  _EPwm7Regs                            
1     00004700  _EPwm8Regs                            
1     00004800  _EPwm9Regs                            
1     00004900  _EPwm10Regs                           
1     00004a00  _EPwm11Regs                           
1     00004b00  _EPwm12Regs                           
1     00005000  _ECap1Regs                            
1     00005020  _ECap2Regs                            
1     00005040  _ECap3Regs                            
1     00005060  _ECap4Regs                            
1     00005080  _ECap5Regs                            
1     000050a0  _ECap6Regs                            
1     00005100  _EQep1Regs                            
1     00005140  _EQep2Regs                            
1     00005180  _EQep3Regs                            
1     00005c00  _DacaRegs                             
1     00005c10  _DacbRegs                             
1     00005c20  _DaccRegs                             
1     00005c80  _Cmpss1Regs                           
1     00005ca0  _Cmpss2Regs                           
1     00005cc0  _Cmpss3Regs                           
1     00005ce0  _Cmpss4Regs                           
1     00005d00  _Cmpss5Regs                           
1     00005d20  _Cmpss6Regs                           
1     00005d40  _Cmpss7Regs                           
1     00005d60  _Cmpss8Regs                           
1     00005e00  _Sdfm1Regs                            
1     00005e80  _Sdfm2Regs                            
1     00006000  _McbspaRegs                           
1     00006040  _McbspbRegs                           
1     00006100  _SpiaRegs                             
1     00006110  _SpibRegs                             
1     00006120  _SpicRegs                             
1     00006200  _UppRegs                              
1     00007000  _WdRegs                               
1     00007060  _NmiIntruptRegs                       
1     00007070  _XintRegs                             
1     00007200  _SciaRegs                             
1     00007210  _ScibRegs                             
1     00007220  _ScicRegs                             
1     00007230  _ScidRegs                             
1     00007300  _I2caRegs                             
1     00007340  _I2cbRegs                             
1     00007400  _AdcaRegs                             
1     00007480  _AdcbRegs                             
1     00007500  _AdccRegs                             
1     00007580  _AdcdRegs                             
1     00007900  _InputXbarRegs                        
1     00007920  _XbarRegs                             
1     00007940  _SyncSocRegs                          
1     00007980  _DmaClaSrcSelRegs                     
1     00007a00  _EPwmXbarRegs                         
1     00007a80  _OutputXbarRegs                       
1     00007c00  _GpioCtrlRegs                         
1     00007f00  _GpioDataRegs                         
1     0000b000  _SerialCommsTimer                     
1     0000b001  _EnableFlag                           
1     0000b002  _BackTicker                           
1     0000b003  _LedCnt                               
1     0000b004  _OffsetCalCounter                     
1     0000b005  _ptrMax                               
1     0000b006  _ptr1                                 
1     0000b007  _DRV_RESET                            
1     0000b00a  _Alpha_State_Ptr                      
1     0000b00c  _A_Task_Ptr                           
1     0000b00e  _B_Task_Ptr                           
1     0000b010  _C_Task_Ptr                           
1     0000b012  _adc_cal                              
1     0000b014  _IsrTicker                            
1     0000b016  _K1                                   
1     0000b018  _K2                                   
1     0000b01a  _IdRef_start                          
1     0000b01c  _IdRef_run                            
1     0000b01e  _cntr1                                
1     0000b020  _posSlewRate                          
1     0000b022  _DlogCh1                              
1     0000b024  _DlogCh2                              
1     0000b026  _DlogCh3                              
1     0000b028  _DlogCh4                              
1     0000b040  _dlog_4ch1                            
1     0000b080  _motor1                               
1     0000b1d0  _posArray                             
1     0000b1e0  ___TI_enable_exit_profile_output      
1     0000b1e2  ___TI_cleanup_ptr                     
1     0000b1e4  ___TI_dtors_ptr                       
1     0000b1e6  _VTimer0                              
1     0000b1ea  _VTimer1                              
1     0000b1ee  _VTimer2                              
1     0000b1f2  __lock                                
1     0000b1f4  __unlock                              
1     0000b200  _DBUFF_4CH1                           
1     0000b3c0  _DBUFF_4CH2                           
1     0000b580  _DBUFF_4CH3                           
1     0000b740  _DBUFF_4CH4                           
1     0000b8d0  _PieVectTableInit                     
1     00047000  _Emif1Regs                            
1     00047800  _Emif2Regs                            
1     00050024  _FlashPumpSemaphoreRegs               
1     0005d000  _DevCfgRegs                           
1     0005d180  _AnalogSubsysRegs                     
1     0005d200  _ClkCfgRegs                           
1     0005d300  _CpuSysRegs                           
1     0005e608  _RomPrefetchRegs                      
1     0005f000  _DcsmZ1Regs                           
1     0005f040  _DcsmZ2Regs                           
1     0005f070  _DcsmCommonRegs                       
1     0005f400  _MemCfgRegs                           
1     0005f480  _Emif1ConfigRegs                      
1     0005f4a0  _Emif2ConfigRegs                      
1     0005f4c0  _AccessProtectionRegs                 
1     0005f500  _MemoryErrorRegs                      
1     0005f540  _RomWaitStateRegs                     
1     0005f800  _Flash0CtrlRegs                       
1     0005fb00  _Flash0EccRegs                        
1     0005fc00  _Flash1CtrlRegs                       
1     0005ff00  _Flash1EccRegs                        
1     00078000  _DcsmZ1Otp                            
1     00078200  _DcsmZ2Otp                            
abs   00000380  __STACK_SIZE                          
abs   ffffffff  .text                                 
abs   ffffffff  ___TI_pprof_out_hndl                  
abs   ffffffff  ___TI_prof_data_size                  
abs   ffffffff  ___TI_prof_data_start                 
abs   ffffffff  ___binit__                            
abs   ffffffff  ___c_args__                           
abs   ffffffff  ___etext__                            
abs   ffffffff  ___pinit__                            
abs   ffffffff  ___text__                             
abs   ffffffff  binit                                 
abs   ffffffff  etext                                 
abs   ffffffff  pinit                                 

[388 symbols]
