******************************************************************************
             TMS320C2000 Linker PC v20.2.1                     
******************************************************************************
>> Linked Wed Nov 18 21:47:58 2020

OUTPUT FILE NAME:   <FCL_379XL.out>
ENTRY POINT SYMBOL: "_c_int00"  address: 00009f5b


MEMORY CONFIGURATION

         name            origin    length      used     unused   attr    fill
----------------------  --------  ---------  --------  --------  ----  --------
PAGE 0:
  BEGIN                 00000000   00000002  00000002  00000000  RWIX
  RAMM0                 00000122   000002de  00000004  000002da  RWIX
  RAMLS0LS1LS2LS3LS4LS5 00008000   00003000  000020a7  00000f59  RWIX
  RAMGS456789           00010000   00006000  0000043b  00005bc5  RWIX
  RESET                 003fffc0   00000002  00000000  00000002  RWIX

PAGE 1:
  BOOT_RSVD             00000002   00000120  00000000  00000120  RWIX
  RAMM1                 00000400   00000400  00000380  00000080  RWIX
  ADCA_RESULT           00000b00   00000020  00000018  00000008  RWIX
  ADCB_RESULT           00000b20   00000020  00000018  00000008  RWIX
  ADCC_RESULT           00000b40   00000020  00000018  00000008  RWIX
  ADCD_RESULT           00000b60   00000020  00000018  00000008  RWIX
  CPU_TIMER0            00000c00   00000008  00000008  00000000  RWIX
  CPU_TIMER1            00000c08   00000008  00000008  00000000  RWIX
  CPU_TIMER2            00000c10   00000008  00000008  00000000  RWIX
  PIE_CTRL              00000ce0   00000020  0000001a  00000006  RWIX
  PIE_VECT              00000d00   00000200  000001c0  00000040  RWIX
  DMA                   00001000   00000200  000000e0  00000120  RWIX
  CLA1                  00001400   00000040  0000003e  00000002  RWIX
  EPWM1                 00004000   00000100  00000100  00000000  RWIX
  EPWM2                 00004100   00000100  00000100  00000000  RWIX
  EPWM3                 00004200   00000100  00000100  00000000  RWIX
  EPWM4                 00004300   00000100  00000100  00000000  RWIX
  EPWM5                 00004400   00000100  00000100  00000000  RWIX
  EPWM6                 00004500   00000100  00000100  00000000  RWIX
  EPWM7                 00004600   00000100  00000100  00000000  RWIX
  EPWM8                 00004700   00000100  00000100  00000000  RWIX
  EPWM9                 00004800   00000100  00000100  00000000  RWIX
  EPWM10                00004900   00000100  00000100  00000000  RWIX
  EPWM11                00004a00   00000100  00000100  00000000  RWIX
  EPWM12                00004b00   00000100  00000100  00000000  RWIX
  ECAP1                 00005000   00000020  00000020  00000000  RWIX
  ECAP2                 00005020   00000020  00000020  00000000  RWIX
  ECAP3                 00005040   00000020  00000020  00000000  RWIX
  ECAP4                 00005060   00000020  00000020  00000000  RWIX
  ECAP5                 00005080   00000020  00000020  00000000  RWIX
  ECAP6                 000050a0   00000020  00000020  00000000  RWIX
  EQEP1                 00005100   00000040  00000022  0000001e  RWIX
  EQEP2                 00005140   00000040  00000022  0000001e  RWIX
  EQEP3                 00005180   00000040  00000022  0000001e  RWIX
  DACA                  00005c00   00000010  00000008  00000008  RWIX
  DACB                  00005c10   00000010  00000008  00000008  RWIX
  DACC                  00005c20   00000010  00000008  00000008  RWIX
  CMPSS1                00005c80   00000020  00000020  00000000  RWIX
  CMPSS2                00005ca0   00000020  00000020  00000000  RWIX
  CMPSS3                00005cc0   00000020  00000020  00000000  RWIX
  CMPSS4                00005ce0   00000020  00000020  00000000  RWIX
  CMPSS5                00005d00   00000020  00000020  00000000  RWIX
  CMPSS6                00005d20   00000020  00000020  00000000  RWIX
  CMPSS7                00005d40   00000020  00000020  00000000  RWIX
  CMPSS8                00005d60   00000020  00000020  00000000  RWIX
  SDFM1                 00005e00   00000080  00000080  00000000  RWIX
  SDFM2                 00005e80   00000080  00000080  00000000  RWIX
  MCBSPA                00006000   00000040  00000024  0000001c  RWIX
  MCBSPB                00006040   00000040  00000024  0000001c  RWIX
  SPIA                  00006100   00000010  00000010  00000000  RWIX
  SPIB                  00006110   00000010  00000010  00000000  RWIX
  SPIC                  00006120   00000010  00000010  00000000  RWIX
  SPID                  00006130   00000010  00000000  00000010  RWIX
  UPP                   00006200   00000100  00000048  000000b8  RWIX
  WD                    00007000   00000040  0000002b  00000015  RWIX
  NMIINTRUPT            00007060   00000010  00000007  00000009  RWIX
  XINT                  00007070   00000010  0000000b  00000005  RWIX
  SCIA                  00007200   00000010  00000010  00000000  RWIX
  SCIB                  00007210   00000010  00000010  00000000  RWIX
  SCIC                  00007220   00000010  00000010  00000000  RWIX
  SCID                  00007230   00000010  00000010  00000000  RWIX
  I2CA                  00007300   00000040  00000022  0000001e  RWIX
  I2CB                  00007340   00000040  00000022  0000001e  RWIX
  ADCA                  00007400   00000080  00000080  00000000  RWIX
  ADCB                  00007480   00000080  00000080  00000000  RWIX
  ADCC                  00007500   00000080  00000080  00000000  RWIX
  ADCD                  00007580   00000080  00000080  00000000  RWIX
  INPUT_XBAR            00007900   00000020  00000020  00000000  RWIX
  XBAR                  00007920   00000020  00000020  00000000  RWIX
  SYNC_SOC              00007940   00000010  00000006  0000000a  RWIX
  DMACLASRCSEL          00007980   00000040  0000001a  00000026  RWIX
  EPWM_XBAR             00007a00   00000040  00000040  00000000  RWIX
  CLB_XBAR              00007a40   00000040  00000000  00000040  RWIX
  OUTPUT_XBAR           00007a80   00000040  00000040  00000000  RWIX
  GPIOCTRL              00007c00   00000180  00000180  00000000  RWIX
  GPIODAT               00007f00   00000030  00000030  00000000  RWIX
  RAMD0D1               0000b000   00001000  00000d10  000002f0  RWIX
  RAMGS0GS1             0000c000   00002000  00000000  00002000  RWIX
  RAMGS2                0000e000   00001000  00000000  00001000  RWIX
  RAMGS3                0000f000   00001000  00000000  00001000  RWIX
  RAMGS10               00016000   00001000  00000000  00001000  RWIX
  RAMGS11               00017000   00001000  00000024  00000fdc  RWIX
  EMIF1                 00047000   00000800  00000070  00000790  RWIX
  EMIF2                 00047800   00000800  00000070  00000790  RWIX
  CANA                  00048000   00000800  00000164  0000069c  RWIX
  CANB                  0004a000   00000800  00000164  0000069c  RWIX
  IPC                   00050000   00000024  00000024  00000000  RWIX
  FLASHPUMPSEMAPHORE    00050024   00000002  00000002  00000000  RWIX
  DEV_CFG               0005d000   00000180  0000012e  00000052  RWIX
  ANALOG_SUBSYS         0005d180   00000080  00000048  00000038  RWIX
  CLK_CFG               0005d200   00000100  00000032  000000ce  RWIX
  CPU_SYS               0005d300   00000100  00000082  0000007e  RWIX
  ROMPREFETCH           0005e608   00000002  00000002  00000000  RWIX
  DCSM_Z1               0005f000   00000030  00000024  0000000c  RWIX
  DCSM_Z2               0005f040   00000030  00000024  0000000c  RWIX
  DCSM_COMMON           0005f070   00000010  00000008  00000008  RWIX
  MEMCFG                0005f400   00000080  00000080  00000000  RWIX
  EMIF1CONFIG           0005f480   00000020  00000020  00000000  RWIX
  EMIF2CONFIG           0005f4a0   00000020  00000020  00000000  RWIX
  ACCESSPROTECTION      0005f4c0   00000040  00000040  00000000  RWIX
  MEMORYERROR           0005f500   00000040  00000040  00000000  RWIX
  ROMWAITSTATE          0005f540   00000002  00000002  00000000  RWIX
  FLASH0_CTRL           0005f800   00000300  00000182  0000017e  RWIX
  FLASH0_ECC            0005fb00   00000040  00000028  00000018  RWIX
  DCSM_Z1_OTP           00078000   00000020  00000020  00000000  RWIX
  DCSM_Z2_OTP           00078200   00000020  00000020  00000000  RWIX


SECTION ALLOCATION MAP

 output                                  attributes/
section   page    origin      length       input sections
--------  ----  ----------  ----------   ----------------
AdcaResultFile 
*          1    00000b00    00000018     UNINITIALIZED
                  00000b00    00000018     F2837xD_GlobalVariableDefs.obj (AdcaResultFile)

AdcbResultFile 
*          1    00000b20    00000018     UNINITIALIZED
                  00000b20    00000018     F2837xD_GlobalVariableDefs.obj (AdcbResultFile)

AdccResultFile 
*          1    00000b40    00000018     UNINITIALIZED
                  00000b40    00000018     F2837xD_GlobalVariableDefs.obj (AdccResultFile)

AdcdResultFile 
*          1    00000b60    00000018     UNINITIALIZED
                  00000b60    00000018     F2837xD_GlobalVariableDefs.obj (AdcdResultFile)

CpuTimer0RegsFile 
*          1    00000c00    00000008     UNINITIALIZED
                  00000c00    00000008     F2837xD_GlobalVariableDefs.obj (CpuTimer0RegsFile)

CpuTimer1RegsFile 
*          1    00000c08    00000008     UNINITIALIZED
                  00000c08    00000008     F2837xD_GlobalVariableDefs.obj (CpuTimer1RegsFile)

CpuTimer2RegsFile 
*          1    00000c10    00000008     UNINITIALIZED
                  00000c10    00000008     F2837xD_GlobalVariableDefs.obj (CpuTimer2RegsFile)

PieCtrlRegsFile 
*          1    00000ce0    0000001a     UNINITIALIZED
                  00000ce0    0000001a     F2837xD_GlobalVariableDefs.obj (PieCtrlRegsFile)

PieVectTableFile 
*          1    00000d00    000001c0     UNINITIALIZED
                  00000d00    000001c0     F2837xD_GlobalVariableDefs.obj (PieVectTableFile)

EmuKeyVar 
*          1    00000d00    00000001     UNINITIALIZED
                  00000d00    00000001     F2837xD_GlobalVariableDefs.obj (EmuKeyVar)

EmuBModeVar 
*          1    00000d01    00000001     UNINITIALIZED
                  00000d01    00000001     F2837xD_GlobalVariableDefs.obj (EmuBModeVar)

FlashCallbackVar 
*          1    00000d02    00000000     UNINITIALIZED

FlashScalingVar 
*          1    00000d02    00000000     UNINITIALIZED

DmaRegsFile 
*          1    00001000    000000e0     UNINITIALIZED
                  00001000    000000e0     F2837xD_GlobalVariableDefs.obj (DmaRegsFile)

Cla1RegsFile 
*          1    00001400    0000003e     UNINITIALIZED
                  00001400    0000003e     F2837xD_GlobalVariableDefs.obj (Cla1RegsFile)

EPwm1RegsFile 
*          1    00004000    00000100     UNINITIALIZED
                  00004000    00000100     F2837xD_GlobalVariableDefs.obj (EPwm1RegsFile)

EPwm2RegsFile 
*          1    00004100    00000100     UNINITIALIZED
                  00004100    00000100     F2837xD_GlobalVariableDefs.obj (EPwm2RegsFile)

EPwm3RegsFile 
*          1    00004200    00000100     UNINITIALIZED
                  00004200    00000100     F2837xD_GlobalVariableDefs.obj (EPwm3RegsFile)

EPwm4RegsFile 
*          1    00004300    00000100     UNINITIALIZED
                  00004300    00000100     F2837xD_GlobalVariableDefs.obj (EPwm4RegsFile)

EPwm5RegsFile 
*          1    00004400    00000100     UNINITIALIZED
                  00004400    00000100     F2837xD_GlobalVariableDefs.obj (EPwm5RegsFile)

EPwm6RegsFile 
*          1    00004500    00000100     UNINITIALIZED
                  00004500    00000100     F2837xD_GlobalVariableDefs.obj (EPwm6RegsFile)

EPwm7RegsFile 
*          1    00004600    00000100     UNINITIALIZED
                  00004600    00000100     F2837xD_GlobalVariableDefs.obj (EPwm7RegsFile)

EPwm8RegsFile 
*          1    00004700    00000100     UNINITIALIZED
                  00004700    00000100     F2837xD_GlobalVariableDefs.obj (EPwm8RegsFile)

EPwm9RegsFile 
*          1    00004800    00000100     UNINITIALIZED
                  00004800    00000100     F2837xD_GlobalVariableDefs.obj (EPwm9RegsFile)

EPwm10RegsFile 
*          1    00004900    00000100     UNINITIALIZED
                  00004900    00000100     F2837xD_GlobalVariableDefs.obj (EPwm10RegsFile)

EPwm11RegsFile 
*          1    00004a00    00000100     UNINITIALIZED
                  00004a00    00000100     F2837xD_GlobalVariableDefs.obj (EPwm11RegsFile)

EPwm12RegsFile 
*          1    00004b00    00000100     UNINITIALIZED
                  00004b00    00000100     F2837xD_GlobalVariableDefs.obj (EPwm12RegsFile)

ECap1RegsFile 
*          1    00005000    00000020     UNINITIALIZED
                  00005000    00000020     F2837xD_GlobalVariableDefs.obj (ECap1RegsFile)

ECap2RegsFile 
*          1    00005020    00000020     UNINITIALIZED
                  00005020    00000020     F2837xD_GlobalVariableDefs.obj (ECap2RegsFile)

ECap3RegsFile 
*          1    00005040    00000020     UNINITIALIZED
                  00005040    00000020     F2837xD_GlobalVariableDefs.obj (ECap3RegsFile)

ECap4RegsFile 
*          1    00005060    00000020     UNINITIALIZED
                  00005060    00000020     F2837xD_GlobalVariableDefs.obj (ECap4RegsFile)

ECap5RegsFile 
*          1    00005080    00000020     UNINITIALIZED
                  00005080    00000020     F2837xD_GlobalVariableDefs.obj (ECap5RegsFile)

ECap6RegsFile 
*          1    000050a0    00000020     UNINITIALIZED
                  000050a0    00000020     F2837xD_GlobalVariableDefs.obj (ECap6RegsFile)

EQep1RegsFile 
*          1    00005100    00000022     UNINITIALIZED
                  00005100    00000022     F2837xD_GlobalVariableDefs.obj (EQep1RegsFile)

EQep2RegsFile 
*          1    00005140    00000022     UNINITIALIZED
                  00005140    00000022     F2837xD_GlobalVariableDefs.obj (EQep2RegsFile)

EQep3RegsFile 
*          1    00005180    00000022     UNINITIALIZED
                  00005180    00000022     F2837xD_GlobalVariableDefs.obj (EQep3RegsFile)

DacaRegsFile 
*          1    00005c00    00000008     UNINITIALIZED
                  00005c00    00000008     F2837xD_GlobalVariableDefs.obj (DacaRegsFile)

DacbRegsFile 
*          1    00005c10    00000008     UNINITIALIZED
                  00005c10    00000008     F2837xD_GlobalVariableDefs.obj (DacbRegsFile)

DaccRegsFile 
*          1    00005c20    00000008     UNINITIALIZED
                  00005c20    00000008     F2837xD_GlobalVariableDefs.obj (DaccRegsFile)

Sdfm1RegsFile 
*          1    00005e00    00000080     UNINITIALIZED
                  00005e00    00000080     F2837xD_GlobalVariableDefs.obj (Sdfm1RegsFile)

Sdfm2RegsFile 
*          1    00005e80    00000080     UNINITIALIZED
                  00005e80    00000080     F2837xD_GlobalVariableDefs.obj (Sdfm2RegsFile)

McbspaRegsFile 
*          1    00006000    00000024     UNINITIALIZED
                  00006000    00000024     F2837xD_GlobalVariableDefs.obj (McbspaRegsFile)

McbspbRegsFile 
*          1    00006040    00000024     UNINITIALIZED
                  00006040    00000024     F2837xD_GlobalVariableDefs.obj (McbspbRegsFile)

SpiaRegsFile 
*          1    00006100    00000010     UNINITIALIZED
                  00006100    00000010     F2837xD_GlobalVariableDefs.obj (SpiaRegsFile)

SpibRegsFile 
*          1    00006110    00000010     UNINITIALIZED
                  00006110    00000010     F2837xD_GlobalVariableDefs.obj (SpibRegsFile)

SpicRegsFile 
*          1    00006120    00000010     UNINITIALIZED
                  00006120    00000010     F2837xD_GlobalVariableDefs.obj (SpicRegsFile)

UppRegsFile 
*          1    00006200    00000048     UNINITIALIZED
                  00006200    00000048     F2837xD_GlobalVariableDefs.obj (UppRegsFile)

WdRegsFile 
*          1    00007000    0000002b     UNINITIALIZED
                  00007000    0000002b     F2837xD_GlobalVariableDefs.obj (WdRegsFile)

NmiIntruptRegsFile 
*          1    00007060    00000007     UNINITIALIZED
                  00007060    00000007     F2837xD_GlobalVariableDefs.obj (NmiIntruptRegsFile)

XintRegsFile 
*          1    00007070    0000000b     UNINITIALIZED
                  00007070    0000000b     F2837xD_GlobalVariableDefs.obj (XintRegsFile)

SciaRegsFile 
*          1    00007200    00000010     UNINITIALIZED
                  00007200    00000010     F2837xD_GlobalVariableDefs.obj (SciaRegsFile)

ScibRegsFile 
*          1    00007210    00000010     UNINITIALIZED
                  00007210    00000010     F2837xD_GlobalVariableDefs.obj (ScibRegsFile)

ScicRegsFile 
*          1    00007220    00000010     UNINITIALIZED
                  00007220    00000010     F2837xD_GlobalVariableDefs.obj (ScicRegsFile)

ScidRegsFile 
*          1    00007230    00000010     UNINITIALIZED
                  00007230    00000010     F2837xD_GlobalVariableDefs.obj (ScidRegsFile)

I2caRegsFile 
*          1    00007300    00000022     UNINITIALIZED
                  00007300    00000022     F2837xD_GlobalVariableDefs.obj (I2caRegsFile)

I2cbRegsFile 
*          1    00007340    00000022     UNINITIALIZED
                  00007340    00000022     F2837xD_GlobalVariableDefs.obj (I2cbRegsFile)

AdcaRegsFile 
*          1    00007400    00000080     UNINITIALIZED
                  00007400    00000080     F2837xD_GlobalVariableDefs.obj (AdcaRegsFile)

AdcbRegsFile 
*          1    00007480    00000080     UNINITIALIZED
                  00007480    00000080     F2837xD_GlobalVariableDefs.obj (AdcbRegsFile)

AdccRegsFile 
*          1    00007500    00000080     UNINITIALIZED
                  00007500    00000080     F2837xD_GlobalVariableDefs.obj (AdccRegsFile)

AdcdRegsFile 
*          1    00007580    00000080     UNINITIALIZED
                  00007580    00000080     F2837xD_GlobalVariableDefs.obj (AdcdRegsFile)

CanaRegsFile 
*          1    00048000    00000164     UNINITIALIZED
                  00048000    00000164     F2837xD_GlobalVariableDefs.obj (CanaRegsFile)

CanbRegsFile 
*          1    0004a000    00000164     UNINITIALIZED
                  0004a000    00000164     F2837xD_GlobalVariableDefs.obj (CanbRegsFile)

AnalogSubsysRegsFile 
*          1    0005d180    00000048     UNINITIALIZED
                  0005d180    00000048     F2837xD_GlobalVariableDefs.obj (AnalogSubsysRegsFile)

Cla1SoftIntRegsFile 
*          1    00000ce0    00000004     DSECT
                  00000ce0    00000004     F2837xD_GlobalVariableDefs.obj (Cla1SoftIntRegsFile)

Cmpss1RegsFile 
*          1    00005c80    00000020     UNINITIALIZED
                  00005c80    00000020     F2837xD_GlobalVariableDefs.obj (Cmpss1RegsFile)

Cmpss2RegsFile 
*          1    00005ca0    00000020     UNINITIALIZED
                  00005ca0    00000020     F2837xD_GlobalVariableDefs.obj (Cmpss2RegsFile)

Cmpss3RegsFile 
*          1    00005cc0    00000020     UNINITIALIZED
                  00005cc0    00000020     F2837xD_GlobalVariableDefs.obj (Cmpss3RegsFile)

Cmpss4RegsFile 
*          1    00005ce0    00000020     UNINITIALIZED
                  00005ce0    00000020     F2837xD_GlobalVariableDefs.obj (Cmpss4RegsFile)

Cmpss5RegsFile 
*          1    00005d00    00000020     UNINITIALIZED
                  00005d00    00000020     F2837xD_GlobalVariableDefs.obj (Cmpss5RegsFile)

Cmpss6RegsFile 
*          1    00005d20    00000020     UNINITIALIZED
                  00005d20    00000020     F2837xD_GlobalVariableDefs.obj (Cmpss6RegsFile)

Cmpss7RegsFile 
*          1    00005d40    00000020     UNINITIALIZED
                  00005d40    00000020     F2837xD_GlobalVariableDefs.obj (Cmpss7RegsFile)

Cmpss8RegsFile 
*          1    00005d60    00000020     UNINITIALIZED
                  00005d60    00000020     F2837xD_GlobalVariableDefs.obj (Cmpss8RegsFile)

InputXbarRegsFile 
*          1    00007900    00000020     UNINITIALIZED
                  00007900    00000020     F2837xD_GlobalVariableDefs.obj (InputXbarRegsFile)

XbarRegsFile 
*          1    00007920    00000020     UNINITIALIZED
                  00007920    00000020     F2837xD_GlobalVariableDefs.obj (XbarRegsFile)

SyncSocRegsFile 
*          1    00007940    00000006     UNINITIALIZED
                  00007940    00000006     F2837xD_GlobalVariableDefs.obj (SyncSocRegsFile)

DmaClaSrcSelRegsFile 
*          1    00007980    0000001a     UNINITIALIZED
                  00007980    0000001a     F2837xD_GlobalVariableDefs.obj (DmaClaSrcSelRegsFile)

EPwmXbarRegsFile 
*          1    00007a00    00000040     UNINITIALIZED
                  00007a00    00000040     F2837xD_GlobalVariableDefs.obj (EPwmXbarRegsFile)

OutputXbarRegsFile 
*          1    00007a80    00000040     UNINITIALIZED
                  00007a80    00000040     F2837xD_GlobalVariableDefs.obj (OutputXbarRegsFile)

GpioCtrlRegsFile 
*          1    00007c00    00000180     UNINITIALIZED
                  00007c00    00000180     F2837xD_GlobalVariableDefs.obj (GpioCtrlRegsFile)

GpioDataRegsFile 
*          1    00007f00    00000030     UNINITIALIZED
                  00007f00    00000030     F2837xD_GlobalVariableDefs.obj (GpioDataRegsFile)

Emif1RegsFile 
*          1    00047000    00000070     UNINITIALIZED
                  00047000    00000070     F2837xD_GlobalVariableDefs.obj (Emif1RegsFile)

Emif2RegsFile 
*          1    00047800    00000070     UNINITIALIZED
                  00047800    00000070     F2837xD_GlobalVariableDefs.obj (Emif2RegsFile)

IpcRegsFile 
*          1    00050000    00000024     UNINITIALIZED
                  00050000    00000024     F2837xD_GlobalVariableDefs.obj (IpcRegsFile)

FlashPumpSemaphoreRegsFile 
*          1    00050024    00000002     UNINITIALIZED
                  00050024    00000002     F2837xD_GlobalVariableDefs.obj (FlashPumpSemaphoreRegsFile)

RomPrefetchRegsFile 
*          1    0005e608    00000002     UNINITIALIZED
                  0005e608    00000002     F2837xD_GlobalVariableDefs.obj (RomPrefetchRegsFile)

DcsmZ1RegsFile 
*          1    0005f000    00000024     UNINITIALIZED
                  0005f000    00000024     F2837xD_GlobalVariableDefs.obj (DcsmZ1RegsFile)

DcsmZ2RegsFile 
*          1    0005f040    00000024     UNINITIALIZED
                  0005f040    00000024     F2837xD_GlobalVariableDefs.obj (DcsmZ2RegsFile)

DcsmCommonRegsFile 
*          1    0005f070    00000008     UNINITIALIZED
                  0005f070    00000008     F2837xD_GlobalVariableDefs.obj (DcsmCommonRegsFile)

MemCfgRegsFile 
*          1    0005f400    00000080     UNINITIALIZED
                  0005f400    00000080     F2837xD_GlobalVariableDefs.obj (MemCfgRegsFile)

Emif1ConfigRegsFile 
*          1    0005f480    00000020     UNINITIALIZED
                  0005f480    00000020     F2837xD_GlobalVariableDefs.obj (Emif1ConfigRegsFile)

Emif2ConfigRegsFile 
*          1    0005f4a0    00000020     UNINITIALIZED
                  0005f4a0    00000020     F2837xD_GlobalVariableDefs.obj (Emif2ConfigRegsFile)

AccessProtectionRegsFile 
*          1    0005f4c0    00000040     UNINITIALIZED
                  0005f4c0    00000040     F2837xD_GlobalVariableDefs.obj (AccessProtectionRegsFile)

MemoryErrorRegsFile 
*          1    0005f500    00000040     UNINITIALIZED
                  0005f500    00000040     F2837xD_GlobalVariableDefs.obj (MemoryErrorRegsFile)

RomWaitStateRegsFile 
*          1    0005f540    00000002     UNINITIALIZED
                  0005f540    00000002     F2837xD_GlobalVariableDefs.obj (RomWaitStateRegsFile)

Flash0CtrlRegsFile 
*          1    0005f800    00000182     UNINITIALIZED
                  0005f800    00000182     F2837xD_GlobalVariableDefs.obj (Flash0CtrlRegsFile)

Flash0EccRegsFile 
*          1    0005fb00    00000028     UNINITIALIZED
                  0005fb00    00000028     F2837xD_GlobalVariableDefs.obj (Flash0EccRegsFile)

DcsmZ1OtpFile 
*          1    00078000    00000020     NOLOAD SECTION
                  00078000    00000020     F2837xD_GlobalVariableDefs.obj (DcsmZ1OtpFile)

DcsmZ2OtpFile 
*          1    00078200    00000020     NOLOAD SECTION
                  00078200    00000020     F2837xD_GlobalVariableDefs.obj (DcsmZ2OtpFile)

DevCfgRegsFile 
*          1    0005d000    0000012e     UNINITIALIZED
                  0005d000    0000012e     F2837xD_GlobalVariableDefs.obj (DevCfgRegsFile)

ClkCfgRegsFile 
*          1    0005d200    00000032     UNINITIALIZED
                  0005d200    00000032     F2837xD_GlobalVariableDefs.obj (ClkCfgRegsFile)

CpuSysRegsFile 
*          1    0005d300    00000082     UNINITIALIZED
                  0005d300    00000082     F2837xD_GlobalVariableDefs.obj (CpuSysRegsFile)

codestart 
*          0    00000000    00000002     
                  00000000    00000002     F2837xD_CodeStartBranch.obj (codestart)

.TI.ramfunc 
*          0    00000122    00000004     
                  00000122    00000004     F2837xD_usDelay.obj (.TI.ramfunc)

.cinit     0    00010000    0000043b     
                  00010000    00000404     FCL_SFRA_XL_DualServo.obj (.cinit)
                  00010404    00000019     DmcProtection.obj (.cinit)
                  0001041d    0000000e     rts2800_fpu32.lib : exit.c.obj (.cinit)
                  0001042b    00000005     <whole-program> (.cinit:__lock)
                  00010430    00000005     <whole-program> (.cinit:__unlock)
                  00010435    00000004     <whole-program> (.cinit)
                  00010439    00000002     --HOLE-- [fill = 0]

.pinit     0    00000122    00000000     UNINITIALIZED

.reset     0    003fffc0    00000002     DSECT
                  003fffc0    00000002     rts2800_fpu32.lib : boot28.asm.obj (.reset)

.stack     1    00000400    00000380     UNINITIALIZED
                  00000400    00000380     --HOLE--

.ebss      1    0000b000    00000b50     UNINITIALIZED
                  0000b000    0000044e     FCL_SFRA_XL_DualServo.obj (.ebss)
                  0000b44e    0000002a     sfra_gui.obj (.ebss)
                  0000b478    00000008     DmcProtection.obj (.ebss)
                  0000b480    00000190     FCL_SFRA_XL_DualServo.obj (.ebss:_DBUFF_4CH1)
                  0000b610    0000001c     SciCommsGui_32bit.obj (.ebss)
                  0000b62c    00000006     rts2800_fpu32.lib : exit.c.obj (.ebss)
                  0000b632    00000004     FCL_SFRA_XL_DualServo.obj (.ebss:_VTimer0)
                  0000b636    00000004     FCL_SFRA_XL_DualServo.obj (.ebss:_VTimer1)
                  0000b63a    00000004     FCL_SFRA_XL_DualServo.obj (.ebss:_VTimer2)
                  0000b63e    00000002     rts2800_fpu32.lib : _lock.c.obj (.ebss:__lock)
                  0000b640    00000190     FCL_SFRA_XL_DualServo.obj (.ebss:_DBUFF_4CH2)
                  0000b7d0    00000004     pwmdac.obj (.ebss)
                  0000b7d4    00000002     rts2800_fpu32.lib : _lock.c.obj (.ebss:__unlock)
                  0000b7d6    00000001                       : errno.c.obj (.ebss)
                  0000b7d7    00000029     --HOLE--
                  0000b800    00000190     FCL_SFRA_XL_DualServo.obj (.ebss:_DBUFF_4CH3)
                  0000b990    00000030     --HOLE--
                  0000b9c0    00000190     FCL_SFRA_XL_DualServo.obj (.ebss:_DBUFF_4CH4)

.econst    1    0000bb50    000001c0     
                  0000bb50    000001c0     F2837xD_PieVect.obj (.econst:_PieVectTableInit)

SFRA_F_Data 
*          1    00017000    00000024     UNINITIALIZED
                  00017000    00000024     SFRA_FTMU_Lib.lib : SFRA_F_INIT.obj (SFRA_F_Data)

.text      0    00008000    000020a7     
                  00008000    000009a4     FCL_SFRA_XL_DualServo.obj (.text)
                  000089a4    00000585     F2837xD_DefaultISR.obj (.text:retain)
                  00008f29    00000382     F2837xD_SysCtrl.obj (.text)
                  000092ab    000002f4     DmcProtection.obj (.text)
                  0000959f    000002a2     FCL_SFRA_XL_DualServo.obj (.text:retain)
                  00009841    0000023e     config.obj (.text)
                  00009a7f    00000001     rts2800_fpu32.lib : _lock.c.obj (.text)
                  00009a80    00000218     F2837xD_Gpio.obj (.text)
                  00009c98    000000e2     F2837xD_Adc.obj (.text)
                  00009d7a    000000ca     pwmdac.obj (.text)
                  00009e44    0000008f     DLOG_4CH_F.obj (.text)
                  00009ed3    00000088     rts2800_fpu32.lib : fs_div28.asm.obj (.text)
                  00009f5b    00000056                       : boot28.asm.obj (.text)
                  00009fb1    0000002a                       : l_div28.asm.obj (.text)
                  00009fdb    00000029                       : exit.c.obj (.text)
                  0000a004    00000028     F2837xD_PieCtrl.obj (.text)
                  0000a02c    00000024     rts2800_fpu32.lib : cpy_tbl.c.obj (.text)
                  0000a050    0000001c                       : memcpy.c.obj (.text)
                  0000a06c    00000013     fast_current_loop_c28x.lib : fcl_lib.obj (.text:_FCL_initPWM)
                  0000a07f    00000012     rts2800_fpu32.lib : args_main.c.obj (.text)
                  0000a091    00000011     F2837xD_PieVect.obj (.text)
                  0000a0a2    00000002     fast_current_loop_c28x.lib : fcl_lib.obj (.text:_FCL_GetSwVersion)
                  0000a0a4    00000002     rts2800_fpu32.lib : pre_init.c.obj (.text)
                  0000a0a6    00000001                       : startup.c.obj (.text)

MODULE SUMMARY

       Module                                   code   initialized data   uninitialized data
       ------                                   ----   ----------------   ------------------
    .\
       F2837xD_GlobalVariableDefs.obj           0      0                  8759              
       F2837xD_DefaultISR.obj                   1413   0                  0                 
       F2837xD_SysCtrl.obj                      898    0                  0                 
       F2837xD_Gpio.obj                         536    0                  0                 
       F2837xD_PieVect.obj                      17     448                0                 
       F2837xD_Adc.obj                          226    0                  0                 
       F2837xD_PieCtrl.obj                      40     0                  0                 
       F2837xD_usDelay.obj                      4      0                  0                 
       F2837xD_CodeStartBranch.obj              2      0                  0                 
    +--+----------------------------------------+------+------------------+--------------------+
       Total:                                   3136   448                8759              
                                                                                            
    .\sources\
       FCL_SFRA_XL_DualServo.obj                3142   1028               2714              
       DmcProtection.obj                        756    25                 8                 
       config.obj                               574    0                  0                 
       pwmdac.obj                               202    0                  4                 
       DLOG_4CH_F.obj                           143    0                  0                 
       sfra_gui.obj                             0      0                  42                
       SciCommsGui_32bit.obj                    0      0                  28                
    +--+----------------------------------------+------+------------------+--------------------+
       Total:                                   4817   1053               2796              
                                                                                            
    C:\Users\admin\AppData\Local\Temp\
       {35CFE2BE-FF40-4DEF-BA8A-5BB3A335016F}   0      14                 0                 
    +--+----------------------------------------+------+------------------+--------------------+
       Total:                                   0      14                 0                 
                                                                                            
    ../SFRA_FTMU_Lib.lib
       SFRA_F_INIT.obj                          0      0                  36                
    +--+----------------------------------------+------+------------------+--------------------+
       Total:                                   0      0                  36                
                                                                                            
    C:/ti/controlSUITE/libs/app_libs/motor_control/libs/FCL_SFRA/v01_00_00_00/lib/fast_current_loop_c28x.lib
       fcl_lib.obj                              21     0                  0                 
    +--+----------------------------------------+------+------------------+--------------------+
       Total:                                   21     0                  0                 
                                                                                            
    C:\ti\ccs1011\ccs\tools\compiler\ti-cgt-c2000_20.2.1.LTS\lib\rts2800_fpu32.lib
       fs_div28.asm.obj                         136    0                  0                 
       boot28.asm.obj                           86     0                  0                 
       exit.c.obj                               41     14                 6                 
       l_div28.asm.obj                          42     0                  0                 
       cpy_tbl.c.obj                            36     0                  0                 
       memcpy.c.obj                             28     0                  0                 
       args_main.c.obj                          18     0                  0                 
       _lock.c.obj                              1      0                  4                 
       pre_init.c.obj                           2      0                  0                 
       errno.c.obj                              0      0                  1                 
       startup.c.obj                            1      0                  0                 
    +--+----------------------------------------+------+------------------+--------------------+
       Total:                                   391    14                 11                
                                                                                            
       Stack:                                   0      0                  896               
    +--+----------------------------------------+------+------------------+--------------------+
       Grand Total:                             8365   1529               12498             


GLOBAL DATA SYMBOLS: SORTED BY DATA PAGE

address     data page           name
--------    ----------------    ----
00000400      10 (00000400)     __stack

00000b00      2c (00000b00)     _AdcaResultRegs
00000b20      2c (00000b00)     _AdcbResultRegs

00000b40      2d (00000b40)     _AdccResultRegs
00000b60      2d (00000b40)     _AdcdResultRegs

00000c00      30 (00000c00)     _CpuTimer0Regs
00000c08      30 (00000c00)     _CpuTimer1Regs
00000c10      30 (00000c00)     _CpuTimer2Regs

00000ce0      33 (00000cc0)     _Cla1SoftIntRegs
00000ce0      33 (00000cc0)     _PieCtrlRegs

00000d00      34 (00000d00)     _EmuKey
00000d00      34 (00000d00)     _PieVectTable
00000d01      34 (00000d00)     _EmuBMode

00001000      40 (00001000)     _DmaRegs

00001400      50 (00001400)     _Cla1Regs

00004000     100 (00004000)     _EPwm1Regs

00004100     104 (00004100)     _EPwm2Regs

00004200     108 (00004200)     _EPwm3Regs

00004300     10c (00004300)     _EPwm4Regs

00004400     110 (00004400)     _EPwm5Regs

00004500     114 (00004500)     _EPwm6Regs

00004600     118 (00004600)     _EPwm7Regs

00004700     11c (00004700)     _EPwm8Regs

00004800     120 (00004800)     _EPwm9Regs

00004900     124 (00004900)     _EPwm10Regs

00004a00     128 (00004a00)     _EPwm11Regs

00004b00     12c (00004b00)     _EPwm12Regs

00005000     140 (00005000)     _ECap1Regs
00005020     140 (00005000)     _ECap2Regs

00005040     141 (00005040)     _ECap3Regs
00005060     141 (00005040)     _ECap4Regs

00005080     142 (00005080)     _ECap5Regs
000050a0     142 (00005080)     _ECap6Regs

00005100     144 (00005100)     _EQep1Regs

00005140     145 (00005140)     _EQep2Regs

00005180     146 (00005180)     _EQep3Regs

00005c00     170 (00005c00)     _DacaRegs
00005c10     170 (00005c00)     _DacbRegs
00005c20     170 (00005c00)     _DaccRegs

00005c80     172 (00005c80)     _Cmpss1Regs
00005ca0     172 (00005c80)     _Cmpss2Regs

00005cc0     173 (00005cc0)     _Cmpss3Regs
00005ce0     173 (00005cc0)     _Cmpss4Regs

00005d00     174 (00005d00)     _Cmpss5Regs
00005d20     174 (00005d00)     _Cmpss6Regs

00005d40     175 (00005d40)     _Cmpss7Regs
00005d60     175 (00005d40)     _Cmpss8Regs

00005e00     178 (00005e00)     _Sdfm1Regs

00005e80     17a (00005e80)     _Sdfm2Regs

00006000     180 (00006000)     _McbspaRegs

00006040     181 (00006040)     _McbspbRegs

00006100     184 (00006100)     _SpiaRegs
00006110     184 (00006100)     _SpibRegs
00006120     184 (00006100)     _SpicRegs

00006200     188 (00006200)     _UppRegs

00007000     1c0 (00007000)     _WdRegs

00007060     1c1 (00007040)     _NmiIntruptRegs
00007070     1c1 (00007040)     _XintRegs

00007200     1c8 (00007200)     _SciaRegs
00007210     1c8 (00007200)     _ScibRegs
00007220     1c8 (00007200)     _ScicRegs
00007230     1c8 (00007200)     _ScidRegs

00007300     1cc (00007300)     _I2caRegs

00007340     1cd (00007340)     _I2cbRegs

00007400     1d0 (00007400)     _AdcaRegs

00007480     1d2 (00007480)     _AdcbRegs

00007500     1d4 (00007500)     _AdccRegs

00007580     1d6 (00007580)     _AdcdRegs

00007900     1e4 (00007900)     _InputXbarRegs
00007920     1e4 (00007900)     _XbarRegs

00007940     1e5 (00007940)     _SyncSocRegs

00007980     1e6 (00007980)     _DmaClaSrcSelRegs

00007a00     1e8 (00007a00)     _EPwmXbarRegs

00007a80     1ea (00007a80)     _OutputXbarRegs

00007c00     1f0 (00007c00)     _GpioCtrlRegs

00007f00     1fc (00007f00)     _GpioDataRegs

0000b000     2c0 (0000b000)     _SerialCommsTimer
0000b001     2c0 (0000b000)     _CommsOKflg
0000b002     2c0 (0000b000)     _FCL_CNTLR
0000b003     2c0 (0000b000)     _sfraTestLoop
0000b004     2c0 (0000b000)     _loadMotor
0000b005     2c0 (0000b000)     _QepCalibSm
0000b006     2c0 (0000b000)     _QepCalFlag
0000b007     2c0 (0000b000)     _QepRecalFlag
0000b008     2c0 (0000b000)     _fcl_cycle_count
0000b009     2c0 (0000b000)     _fcl_ClrCntr
0000b00a     2c0 (0000b000)     _fcl_cycle_count_max
0000b00b     2c0 (0000b000)     _pwmTBPeriod
0000b00c     2c0 (0000b000)     _EnableFlag
0000b00d     2c0 (0000b000)     _BackTicker
0000b00e     2c0 (0000b000)     _LedCnt
0000b00f     2c0 (0000b000)     _OffsetCalCounter
0000b012     2c0 (0000b000)     _FF_COMP
0000b014     2c0 (0000b000)     _COMPLEX_PIC
0000b016     2c0 (0000b000)     _Alpha_State_Ptr
0000b018     2c0 (0000b000)     _A_Task_Ptr
0000b01a     2c0 (0000b000)     _B_Task_Ptr
0000b01c     2c0 (0000b000)     _C_Task_Ptr
0000b01e     2c0 (0000b000)     _adc_cal
0000b020     2c0 (0000b000)     _sfraCollectStart
0000b022     2c0 (0000b000)     _SFRA_noise
0000b024     2c0 (0000b000)     _maxModIndex
0000b026     2c0 (0000b000)     _fcl_LatencyInMicroSec
0000b028     2c0 (0000b000)     _IsrTicker
0000b02a     2c0 (0000b000)     _K1
0000b02c     2c0 (0000b000)     _K2
0000b02e     2c0 (0000b000)     _IdRef_start
0000b030     2c0 (0000b000)     _IdRef_run
0000b032     2c0 (0000b000)     _DlogCh1
0000b034     2c0 (0000b000)     _DlogCh2
0000b036     2c0 (0000b000)     _DlogCh3
0000b038     2c0 (0000b000)     _DlogCh4
0000b03a     2c0 (0000b000)     _dispVar1
0000b03c     2c0 (0000b000)     _dispVar2

0000b040     2c1 (0000b040)     _dlog_4ch1

0000b080     2c2 (0000b080)     _motor1

0000b280     2ca (0000b280)     _motor2

0000b44e     2d1 (0000b440)     _SFRA_InitFlag
0000b450     2d1 (0000b440)     _sfraControl
0000b460     2d1 (0000b440)     _SFRA1
0000b478     2d1 (0000b440)     _clkPrescale
0000b479     2d1 (0000b440)     _sampwin
0000b47a     2d1 (0000b440)     _thresh
0000b47b     2d1 (0000b440)     _OCP_curHi
0000b47c     2d1 (0000b440)     _OCP_curLo
0000b47e     2d1 (0000b440)     _curLimit

0000b480     2d2 (0000b480)     _DBUFF_4CH1

0000b610     2d8 (0000b600)     _LowByteFlag
0000b611     2d8 (0000b600)     _SendTaskPtr
0000b612     2d8 (0000b600)     _RxChar
0000b613     2d8 (0000b600)     _RxWord
0000b614     2d8 (0000b600)     _TaskDoneFlag
0000b615     2d8 (0000b600)     _NumWords
0000b616     2d8 (0000b600)     _wordsLeftToGet
0000b617     2d8 (0000b600)     _dataOut16
0000b618     2d8 (0000b600)     _RcvTskPtrShdw
0000b619     2d8 (0000b600)     _delayer
0000b61a     2d8 (0000b600)     _MemGetPtr
0000b61b     2d8 (0000b600)     _MemGetAmount
0000b61c     2d8 (0000b600)     _MemSetPtr
0000b61e     2d8 (0000b600)     _RcvTaskPointer
0000b620     2d8 (0000b600)     _dataOut32
0000b622     2d8 (0000b600)     _memDataPtr16
0000b624     2d8 (0000b600)     _memDataPtr32
0000b626     2d8 (0000b600)     _MemGetAddress
0000b628     2d8 (0000b600)     _MemSetValue
0000b62a     2d8 (0000b600)     _Temp
0000b62c     2d8 (0000b600)     ___TI_enable_exit_profile_output
0000b62e     2d8 (0000b600)     ___TI_cleanup_ptr
0000b630     2d8 (0000b600)     ___TI_dtors_ptr
0000b632     2d8 (0000b600)     _VTimer0
0000b636     2d8 (0000b600)     _VTimer1
0000b63a     2d8 (0000b600)     _VTimer2
0000b63e     2d8 (0000b600)     __lock

0000b640     2d9 (0000b640)     _DBUFF_4CH2

0000b7d0     2df (0000b7c0)     _Pwmdac12_PwmRegs
0000b7d2     2df (0000b7c0)     _Pwmdac34_PwmRegs
0000b7d4     2df (0000b7c0)     __unlock
0000b7d6     2df (0000b7c0)     _errno

0000b800     2e0 (0000b800)     _DBUFF_4CH3

0000b9c0     2e7 (0000b9c0)     _DBUFF_4CH4

0000bb50     2ed (0000bb40)     _PieVectTableInit

00017000     5c0 (00017000)     _SFRA_F_state
00017001     5c0 (00017000)     _SFRA_F_StateSlew
00017002     5c0 (00017000)     _SFRA_F_step
00017004     5c0 (00017000)     _SFRA_F_pointer
00017006     5c0 (00017000)     _SFRA_F_amplitude
00017008     5c0 (00017000)     _SFRA_F_Scalar
0001700a     5c0 (00017000)     _SFRA_F_windowSamples
0001700c     5c0 (00017000)     _SFRA_F_Angle
0001700e     5c0 (00017000)     _SFRA_F_preCount
00017010     5c0 (00017000)     _SFRA_F_uCosSum
00017012     5c0 (00017000)     _SFRA_F_ySinSum
00017014     5c0 (00017000)     _SFRA_F_rCosSum
00017016     5c0 (00017000)     _SFRA_F_uSinSum
00017018     5c0 (00017000)     _SFRA_F_rSinSum
0001701a     5c0 (00017000)     _SFRA_F_reference
0001701c     5c0 (00017000)     _SFRA_F_count
0001701e     5c0 (00017000)     _SFRA_F_tableptr
00017020     5c0 (00017000)     _SFRA_F_tableptrStart
00017022     5c0 (00017000)     _SFRA_F_yCosSum

00047000    11c0 (00047000)     _Emif1Regs

00047800    11e0 (00047800)     _Emif2Regs

00048000    1200 (00048000)     _CanaRegs

0004a000    1280 (0004a000)     _CanbRegs

00050000    1400 (00050000)     _IpcRegs
00050024    1400 (00050000)     _FlashPumpSemaphoreRegs

0005d000    1740 (0005d000)     _DevCfgRegs

0005d180    1746 (0005d180)     _AnalogSubsysRegs

0005d200    1748 (0005d200)     _ClkCfgRegs

0005d300    174c (0005d300)     _CpuSysRegs

0005e608    1798 (0005e600)     _RomPrefetchRegs

0005f000    17c0 (0005f000)     _DcsmZ1Regs

0005f040    17c1 (0005f040)     _DcsmZ2Regs
0005f070    17c1 (0005f040)     _DcsmCommonRegs

0005f400    17d0 (0005f400)     _MemCfgRegs

0005f480    17d2 (0005f480)     _Emif1ConfigRegs
0005f4a0    17d2 (0005f480)     _Emif2ConfigRegs

0005f4c0    17d3 (0005f4c0)     _AccessProtectionRegs

0005f500    17d4 (0005f500)     _MemoryErrorRegs

0005f540    17d5 (0005f540)     _RomWaitStateRegs

0005f800    17e0 (0005f800)     _Flash0CtrlRegs

0005fb00    17ec (0005fb00)     _Flash0EccRegs

00078000    1e00 (00078000)     _DcsmZ1Otp

00078200    1e08 (00078200)     _DcsmZ2Otp


GLOBAL SYMBOLS: SORTED ALPHABETICALLY BY Name 

page  address   name                                  
----  -------   ----                                  
abs   ffffffff  .text                                 
0     00009fdb  C$$EXIT                               
0     00009ed3  FS$$DIV                               
0     00009fb1  L$$DIV                                
0     00009fc0  L$$MOD                                
0     00009fce  UL$$DIV                               
0     00009fd5  UL$$MOD                               
0     00008203  _A0                                   
0     000081df  _A1                                   
0     000081cd  _A2                                   
0     000081c7  _A3                                   
0     00008f1f  _ADCA1_ISR                            
0     00008f15  _ADCA2_ISR                            
0     00008f0b  _ADCA3_ISR                            
0     00008f01  _ADCA4_ISR                            
0     00008ef7  _ADCA_EVT_ISR                         
0     00008eed  _ADCB1_ISR                            
0     00008ee3  _ADCB2_ISR                            
0     00008ed9  _ADCB3_ISR                            
0     00008ecf  _ADCB4_ISR                            
0     00008ec5  _ADCB_EVT_ISR                         
0     00008ebb  _ADCC1_ISR                            
0     00008eb1  _ADCC2_ISR                            
0     00008ea7  _ADCC3_ISR                            
0     00008e9d  _ADCC4_ISR                            
0     00008e93  _ADCC_EVT_ISR                         
0     00008e89  _ADCD1_ISR                            
0     00008e7f  _ADCD2_ISR                            
0     00008e75  _ADCD3_ISR                            
0     00008e6b  _ADCD4_ISR                            
0     00008e61  _ADCD_EVT_ISR                         
0     00008e57  _AUX_PLL_SLIP_ISR                     
1     0000b018  _A_Task_Ptr                           
1     0005f4c0  _AccessProtectionRegs                 
0     00009c98  _AdcSetMode                           
1     00007400  _AdcaRegs                             
1     00000b00  _AdcaResultRegs                       
1     00007480  _AdcbRegs                             
1     00000b20  _AdcbResultRegs                       
1     00007500  _AdccRegs                             
1     00000b40  _AdccResultRegs                       
1     00007580  _AdcdRegs                             
1     00000b60  _AdcdResultRegs                       
1     0000b016  _Alpha_State_Ptr                      
1     0005d180  _AnalogSubsysRegs                     
0     0000912b  _AuxAuxClkSel                         
0     00009146  _AuxIntOsc2Sel                        
0     00009135  _AuxXtalOscSel                        
0     00008218  _B0                                   
0     000081d9  _B1                                   
0     000081c1  _B2                                   
0     000081bb  _B3                                   
1     0000b01a  _B_Task_Ptr                           
1     0000b00d  _BackTicker                           
0     00008230  _C0                                   
0     000081d3  _C1                                   
0     000081b5  _C2                                   
0     000081a7  _C3                                   
0     00008e4d  _CANA0_ISR                            
0     00008e43  _CANA1_ISR                            
0     00008e39  _CANB0_ISR                            
0     00008e2f  _CANB1_ISR                            
0     00008e25  _CLA1_1_ISR                           
0     00008e1b  _CLA1_2_ISR                           
0     00008e11  _CLA1_3_ISR                           
0     00008e07  _CLA1_4_ISR                           
0     00008dfd  _CLA1_5_ISR                           
0     00008df3  _CLA1_6_ISR                           
0     00008de9  _CLA1_7_ISR                           
0     00008ddf  _CLA1_8_ISR                           
0     00008dd5  _CLA_OVERFLOW_ISR                     
0     00008dcb  _CLA_UNDERFLOW_ISR                    
0     00009372  _CMPSS_DIG_FILTER                     
1     0000b014  _COMPLEX_PIC                          
1     0000b01c  _C_Task_Ptr                           
1     00048000  _CanaRegs                             
1     0004a000  _CanbRegs                             
1     00001400  _Cla1Regs                             
0     00000ce0  _Cla1SoftIntRegs                      
1     0005d200  _ClkCfgRegs                           
1     00005c80  _Cmpss1Regs                           
1     00005ca0  _Cmpss2Regs                           
1     00005cc0  _Cmpss3Regs                           
1     00005ce0  _Cmpss4Regs                           
1     00005d00  _Cmpss5Regs                           
1     00005d20  _Cmpss6Regs                           
1     00005d40  _Cmpss7Regs                           
1     00005d60  _Cmpss8Regs                           
1     0000b001  _CommsOKflg                           
0     00009a3c  _ConfigureADC                         
1     0005d300  _CpuSysRegs                           
1     00000c00  _CpuTimer0Regs                        
1     00000c08  _CpuTimer1Regs                        
1     00000c10  _CpuTimer2Regs                        
0     0000928a  _CsmUnlock                            
0     00008dc1  _DATALOG_ISR                          
1     0000b480  _DBUFF_4CH1                           
1     0000b640  _DBUFF_4CH2                           
1     0000b800  _DBUFF_4CH3                           
1     0000b9c0  _DBUFF_4CH4                           
0     000093b6  _DISABLE_INVERTER                     
0     00009e70  _DLOG_4CH_F_FUNC                      
0     00009e44  _DLOG_4CH_F_init                      
0     00008db7  _DMA_CH1_ISR                          
0     00008dad  _DMA_CH2_ISR                          
0     00008da3  _DMA_CH3_ISR                          
0     00008d99  _DMA_CH4_ISR                          
0     00008d8f  _DMA_CH5_ISR                          
0     00008d85  _DMA_CH6_ISR                          
0     0000951a  _DMC1_Protection_Config               
0     00009497  _DMC2_Protection_Config               
0     000093c2  _DMC_Protection                       
1     00005c00  _DacaRegs                             
1     00005c10  _DacbRegs                             
1     00005c20  _DaccRegs                             
1     0005f070  _DcsmCommonRegs                       
1     00078000  _DcsmZ1Otp                            
1     0005f000  _DcsmZ1Regs                           
1     00078200  _DcsmZ2Otp                            
1     0005f040  _DcsmZ2Regs                           
1     0005d000  _DevCfgRegs                           
0     0000903d  _DisableDog                           
0     00009234  _DisablePeripheralClocks              
1     0000b032  _DlogCh1                              
1     0000b034  _DlogCh2                              
1     0000b036  _DlogCh3                              
1     0000b038  _DlogCh4                              
1     00007980  _DmaClaSrcSelRegs                     
1     00001000  _DmaRegs                              
0     00008d7b  _ECAP1_ISR                            
0     00008d71  _ECAP2_ISR                            
0     00008d67  _ECAP3_ISR                            
0     00008d5d  _ECAP4_ISR                            
0     00008d53  _ECAP5_ISR                            
0     00008d49  _ECAP6_ISR                            
1     00005000  _ECap1Regs                            
1     00005020  _ECap2Regs                            
1     00005040  _ECap3Regs                            
1     00005060  _ECap4Regs                            
1     00005080  _ECap5Regs                            
1     000050a0  _ECap6Regs                            
0     00008d3f  _EMIF_ERROR_ISR                       
0     00008d32  _EMPTY_ISR                            
0     00008d28  _EMU_ISR                              
0     00009366  _ENABLE_INVERTER                      
0     00008d1e  _EPWM10_ISR                           
0     00008d14  _EPWM10_TZ_ISR                        
0     00008d0a  _EPWM11_ISR                           
0     00008d00  _EPWM11_TZ_ISR                        
0     00008cf6  _EPWM12_ISR                           
0     00008cec  _EPWM12_TZ_ISR                        
0     00008ce2  _EPWM1_ISR                            
0     00008cd8  _EPWM1_TZ_ISR                         
0     00008cce  _EPWM2_ISR                            
0     00008cc4  _EPWM2_TZ_ISR                         
0     00008cba  _EPWM3_ISR                            
0     00008cb0  _EPWM3_TZ_ISR                         
0     00008ca6  _EPWM4_ISR                            
0     00008c9c  _EPWM4_TZ_ISR                         
0     00008c92  _EPWM5_ISR                            
0     00008c88  _EPWM5_TZ_ISR                         
0     00008c7e  _EPWM6_ISR                            
0     00008c74  _EPWM6_TZ_ISR                         
0     00008c6a  _EPWM7_ISR                            
0     00008c60  _EPWM7_TZ_ISR                         
0     00008c56  _EPWM8_ISR                            
0     00008c4c  _EPWM8_TZ_ISR                         
0     00008c42  _EPWM9_ISR                            
0     00008c38  _EPWM9_TZ_ISR                         
1     00004900  _EPwm10Regs                           
1     00004a00  _EPwm11Regs                           
1     00004b00  _EPwm12Regs                           
1     00004000  _EPwm1Regs                            
1     00004100  _EPwm2Regs                            
1     00004200  _EPwm3Regs                            
1     00004300  _EPwm4Regs                            
1     00004400  _EPwm5Regs                            
1     00004500  _EPwm6Regs                            
1     00004600  _EPwm7Regs                            
1     00004700  _EPwm8Regs                            
1     00004800  _EPwm9Regs                            
1     00007a00  _EPwmXbarRegs                         
0     00008c2e  _EQEP1_ISR                            
0     00008c24  _EQEP2_ISR                            
0     00008c1a  _EQEP3_ISR                            
1     00005100  _EQep1Regs                            
1     00005140  _EQep2Regs                            
1     00005180  _EQep3Regs                            
1     0005f480  _Emif1ConfigRegs                      
1     00047000  _Emif1Regs                            
1     0005f4a0  _Emif2ConfigRegs                      
1     00047800  _Emif2Regs                            
1     00000d01  _EmuBMode                             
1     00000d00  _EmuKey                               
1     0000b00c  _EnableFlag                           
0     0000a023  _EnableInterrupts                     
0     00000122  _F28x_usDelay                         
1     0000b002  _FCL_CNTLR                            
0     0000a0a2  _FCL_GetSwVersion                     
0     0000a06c  _FCL_initPWM                          
1     0000b012  _FF_COMP                              
0     00008c10  _FLASH_CORRECTABLE_ERROR_ISR          
0     00008c06  _FPU_OVERFLOW_ISR                     
0     00008bfc  _FPU_UNDERFLOW_ISR                    
1     0005f800  _Flash0CtrlRegs                       
1     0005fb00  _Flash0EccRegs                        
1     00050024  _FlashPumpSemaphoreRegs               
0     00009c88  _GPIO_EnableUnbondedIOPullups         
0     00009c63  _GPIO_EnableUnbondedIOPullupsFor100Pin
0     00009c4a  _GPIO_EnableUnbondedIOPullupsFor176Pin
0     00009c36  _GPIO_ReadPin                         
0     00009c14  _GPIO_SetupLock                       
0     00009bbf  _GPIO_SetupPinMux                     
0     00009b3a  _GPIO_SetupPinOptions                 
0     00009b33  _GPIO_SetupXINT1Gpio                  
0     00009b2c  _GPIO_SetupXINT2Gpio                  
0     00009b25  _GPIO_SetupXINT3Gpio                  
0     00009b1e  _GPIO_SetupXINT4Gpio                  
0     00009b17  _GPIO_SetupXINT5Gpio                  
0     00008193  _GPIO_TogglePin                       
0     00009afd  _GPIO_WritePin                        
1     00007c00  _GpioCtrlRegs                         
1     00007f00  _GpioDataRegs                         
0     00009271  _HALT                                 
0     00009252  _HIB                                  
0     00008bf2  _I2CA_FIFO_ISR                        
0     00008be8  _I2CA_ISR                             
0     00008bde  _I2CB_FIFO_ISR                        
0     00008bd4  _I2CB_ISR                             
1     00007300  _I2caRegs                             
1     00007340  _I2cbRegs                             
0     0000922b  _IDLE                                 
0     00008bca  _ILLEGAL_ISR                          
0     00008bc0  _IPC0_ISR                             
0     00008bb6  _IPC1_ISR                             
0     00008bac  _IPC2_ISR                             
0     00008ba2  _IPC3_ISR                             
1     0000b030  _IdRef_run                            
1     0000b02e  _IdRef_start                          
0     00009153  _InitAuxPll                           
0     00009a80  _InitGpio                             
0     000099ff  _InitMotor1EPwmGpio                   
0     000099e0  _InitMotor1EQepGpio                   
0     000099b7  _InitMotor1SpiGpio                    
0     000099a8  _InitMotor1_DRV_Gpio                  
0     0000996b  _InitMotor2EPwmGpio                   
0     0000994c  _InitMotor2EQepGpio                   
0     00009923  _InitMotor2SpiGpio                    
0     00009914  _InitMotor2_DRV_Gpio                  
0     0000904a  _InitPeripheralClocks                 
0     0000a004  _InitPieCtrl                          
0     0000a091  _InitPieVectTable                     
0     00009dce  _InitPwmDacGpio                       
0     000098fb  _InitSpiRegs_DRV830x                  
0     000090f3  _InitSysCtrl                          
0     000098c3  _InitSysCtrl1                         
0     00008f7e  _InitSysPll                           
1     00007900  _InputXbarRegs                        
1     00050000  _IpcRegs                              
1     0000b028  _IsrTicker                            
1     0000b02a  _K1                                   
1     0000b02c  _K2                                   
1     0000b00e  _LedCnt                               
1     0000b610  _LowByteFlag                          
0     00008b98  _MCBSPA_RX_ISR                        
0     00008b8e  _MCBSPA_TX_ISR                        
0     00008b84  _MCBSPB_RX_ISR                        
0     00008b7a  _MCBSPB_TX_ISR                        
1     00006000  _McbspaRegs                           
1     00006040  _McbspbRegs                           
1     0005f400  _MemCfgRegs                           
1     0000b626  _MemGetAddress                        
1     0000b61b  _MemGetAmount                         
1     0000b61a  _MemGetPtr                            
1     0000b61c  _MemSetPtr                            
1     0000b628  _MemSetValue                          
1     0005f500  _MemoryErrorRegs                      
0     0000959f  _MotorControlISR                      
0     00008b70  _NMI_ISR                              
0     00008b66  _NOTUSED_ISR                          
1     00007060  _NmiIntruptRegs                       
1     0000b615  _NumWords                             
1     0000b47b  _OCP_curHi                            
1     0000b47c  _OCP_curLo                            
1     0000b00f  _OffsetCalCounter                     
1     00007a80  _OutputXbarRegs                       
0     00008b5c  _PIE_RESERVED_ISR                     
0     0000987b  _PWM_1ch_UpDwnCnt_CNF                 
0     00009841  _PWM_1ch_UpDwnCnt_CNF_noDB            
1     00000ce0  _PieCtrlRegs                          
1     00000d00  _PieVectTable                         
1     0000bb50  _PieVectTableInit                     
0     00009e34  _PwmDac1                              
0     00009e24  _PwmDac2                              
0     00009e14  _PwmDac3                              
0     00009e04  _PwmDac4                              
0     00009de3  _PwmDac_Init                          
0     00009d7a  _PwmDac_config_AB                     
0     00009329  _PwmTripConfig                        
1     0000b7d0  _Pwmdac12_PwmRegs                     
1     0000b7d2  _Pwmdac34_PwmRegs                     
1     0000b006  _QepCalFlag                           
1     0000b005  _QepCalibSm                           
1     0000b007  _QepRecalFlag                         
0     00008b52  _RAM_ACCESS_VIOLATION_ISR             
0     00008b48  _RAM_CORRECTABLE_ERROR_ISR            
0     00008b3e  _RTOS_ISR                             
1     0000b61e  _RcvTaskPointer                       
1     0000b618  _RcvTskPtrShdw                        
0     00008f74  _ReleaseFlashPump                     
1     0005e608  _RomPrefetchRegs                      
1     0005f540  _RomWaitStateRegs                     
1     0000b612  _RxChar                               
1     0000b613  _RxWord                               
0     00008b34  _SCIA_RX_ISR                          
0     00008b2a  _SCIA_TX_ISR                          
0     00008b20  _SCIB_RX_ISR                          
0     00008b16  _SCIB_TX_ISR                          
0     00008b0c  _SCIC_RX_ISR                          
0     00008b02  _SCIC_TX_ISR                          
0     00008af8  _SCID_RX_ISR                          
0     00008aee  _SCID_TX_ISR                          
0     00008ae4  _SD1_ISR                              
0     00008ada  _SD2_ISR                              
1     0000b460  _SFRA1                                
1     0001700c  _SFRA_F_Angle                         
1     00017008  _SFRA_F_Scalar                        
1     00017001  _SFRA_F_StateSlew                     
1     00017006  _SFRA_F_amplitude                     
1     0001701c  _SFRA_F_count                         
1     00017004  _SFRA_F_pointer                       
1     0001700e  _SFRA_F_preCount                      
1     00017014  _SFRA_F_rCosSum                       
1     00017018  _SFRA_F_rSinSum                       
1     0001701a  _SFRA_F_reference                     
1     00017000  _SFRA_F_state                         
1     00017002  _SFRA_F_step                          
1     0001701e  _SFRA_F_tableptr                      
1     00017020  _SFRA_F_tableptrStart                 
1     00017010  _SFRA_F_uCosSum                       
1     00017016  _SFRA_F_uSinSum                       
1     0001700a  _SFRA_F_windowSamples                 
1     00017022  _SFRA_F_yCosSum                       
1     00017012  _SFRA_F_ySinSum                       
1     0000b44e  _SFRA_InitFlag                        
1     0000b022  _SFRA_noise                           
0     00008ad0  _SPIA_RX_ISR                          
0     00008ac6  _SPIA_TX_ISR                          
0     00008abc  _SPIB_RX_ISR                          
0     00008ab2  _SPIB_TX_ISR                          
0     00008aa8  _SPIC_RX_ISR                          
0     00008a9e  _SPIC_TX_ISR                          
0     00008f69  _STANDBY                              
0     00008a94  _SYS_PLL_SLIP_ISR                     
1     00007200  _SciaRegs                             
1     00007210  _ScibRegs                             
1     00007220  _ScicRegs                             
1     00007230  _ScidRegs                             
1     00005e00  _Sdfm1Regs                            
1     00005e80  _Sdfm2Regs                            
0     00008f57  _SeizeFlashPump                       
1     0000b611  _SendTaskPtr                          
1     0000b000  _SerialCommsTimer                     
0     00008f49  _ServiceDog                           
1     00006100  _SpiaRegs                             
1     00006110  _SpibRegs                             
1     00006120  _SpicRegs                             
1     00007940  _SyncSocRegs                          
0     00008f3f  _SysIntOsc1Sel                        
0     00008f35  _SysIntOsc2Sel                        
0     00008f29  _SysXtalOscSel                        
0     00008a8a  _TIMER0_ISR                           
0     00008a80  _TIMER1_ISR                           
0     00008a76  _TIMER2_ISR                           
1     0000b614  _TaskDoneFlag                         
1     0000b62a  _Temp                                 
0     00008a6c  _UPPA_ISR                             
0     00008a62  _USBA_ISR                             
0     00008a58  _USER10_ISR                           
0     00008a4e  _USER11_ISR                           
0     00008a44  _USER12_ISR                           
0     00008a3a  _USER1_ISR                            
0     00008a30  _USER2_ISR                            
0     00008a26  _USER3_ISR                            
0     00008a1c  _USER4_ISR                            
0     00008a12  _USER5_ISR                            
0     00008a08  _USER6_ISR                            
0     000089fe  _USER7_ISR                            
0     000089f4  _USER8_ISR                            
0     000089ea  _USER9_ISR                            
1     00006200  _UppRegs                              
0     000089e0  _VCU_ISR                              
1     0000b632  _VTimer0                              
1     0000b636  _VTimer1                              
1     0000b63a  _VTimer2                              
0     000089d6  _WAKE_ISR                             
1     00007000  _WdRegs                               
0     000089cc  _XINT1_ISR                            
0     000089c2  _XINT2_ISR                            
0     000089b8  _XINT3_ISR                            
0     000089ae  _XINT4_ISR                            
0     000089a4  _XINT5_ISR                            
1     00007920  _XbarRegs                             
1     00007070  _XintRegs                             
1     00000780  __STACK_END                           
abs   00000380  __STACK_SIZE                          
1     0000b62e  ___TI_cleanup_ptr                     
1     0000b630  ___TI_dtors_ptr                       
1     0000b62c  ___TI_enable_exit_profile_output      
abs   ffffffff  ___TI_pprof_out_hndl                  
abs   ffffffff  ___TI_prof_data_size                  
abs   ffffffff  ___TI_prof_data_start                 
abs   ffffffff  ___binit__                            
abs   ffffffff  ___c_args__                           
0     00010000  ___cinit__                            
abs   ffffffff  ___etext__                            
abs   ffffffff  ___pinit__                            
abs   ffffffff  ___text__                             
0     0000a07f  __args_main                           
1     0000b63e  __lock                                
0     00009a7f  __nop                                 
1     00000400  __stack                               
0     0000a0a6  __system_post_cinit                   
0     0000a0a4  __system_pre_init                     
1     0000b7d4  __unlock                              
0     00009fdb  _abort                                
1     0000b01e  _adc_cal                              
0     00009f5b  _c_int00                              
1     0000b478  _clkPrescale                          
0     000092ab  _cmpssConfig                          
0     0000a02c  _copy_in                              
1     0000b47e  _curLimit                             
1     0000b617  _dataOut16                            
1     0000b620  _dataOut32                            
1     0000b619  _delayer                              
1     0000b03a  _dispVar1                             
1     0000b03c  _dispVar2                             
1     0000b040  _dlog_4ch1                            
1     0000b7d6  _errno                                
0     00009fdd  _exit                                 
0     0000803d  _fast_current_loop_vars_init_MOTOR_1  
0     000080e8  _fast_current_loop_vars_init_MOTOR_2  
1     0000b009  _fcl_ClrCntr                          
1     0000b026  _fcl_LatencyInMicroSec                
1     0000b008  _fcl_cycle_count                      
1     0000b00a  _fcl_cycle_count_max                  
1     0000b004  _loadMotor                            
0     00008245  _main                                 
1     0000b024  _maxModIndex                          
1     0000b622  _memDataPtr16                         
1     0000b624  _memDataPtr32                         
0     0000a050  _memcpy                               
1     0000b080  _motor1                               
1     0000b280  _motor2                               
1     0000b00b  _pwmTBPeriod                          
0     00008021  _ramper                               
0     00008000  _ramper_speed                         
1     0000b479  _sampwin                              
1     0000b020  _sfraCollectStart                     
1     0000b450  _sfraControl                          
1     0000b003  _sfraTestLoop                         
1     0000b47a  _thresh                               
1     0000b616  _wordsLeftToGet                       
abs   ffffffff  binit                                 
0     00010000  cinit                                 
0     00000000  code_start                            
abs   ffffffff  etext                                 
abs   ffffffff  pinit                                 


GLOBAL SYMBOLS: SORTED BY Symbol Address 

page  address   name                                  
----  -------   ----                                  
0     00000000  code_start                            
0     00000122  _F28x_usDelay                         
0     00000ce0  _Cla1SoftIntRegs                      
0     00008000  _ramper_speed                         
0     00008021  _ramper                               
0     0000803d  _fast_current_loop_vars_init_MOTOR_1  
0     000080e8  _fast_current_loop_vars_init_MOTOR_2  
0     00008193  _GPIO_TogglePin                       
0     000081a7  _C3                                   
0     000081b5  _C2                                   
0     000081bb  _B3                                   
0     000081c1  _B2                                   
0     000081c7  _A3                                   
0     000081cd  _A2                                   
0     000081d3  _C1                                   
0     000081d9  _B1                                   
0     000081df  _A1                                   
0     00008203  _A0                                   
0     00008218  _B0                                   
0     00008230  _C0                                   
0     00008245  _main                                 
0     000089a4  _XINT5_ISR                            
0     000089ae  _XINT4_ISR                            
0     000089b8  _XINT3_ISR                            
0     000089c2  _XINT2_ISR                            
0     000089cc  _XINT1_ISR                            
0     000089d6  _WAKE_ISR                             
0     000089e0  _VCU_ISR                              
0     000089ea  _USER9_ISR                            
0     000089f4  _USER8_ISR                            
0     000089fe  _USER7_ISR                            
0     00008a08  _USER6_ISR                            
0     00008a12  _USER5_ISR                            
0     00008a1c  _USER4_ISR                            
0     00008a26  _USER3_ISR                            
0     00008a30  _USER2_ISR                            
0     00008a3a  _USER1_ISR                            
0     00008a44  _USER12_ISR                           
0     00008a4e  _USER11_ISR                           
0     00008a58  _USER10_ISR                           
0     00008a62  _USBA_ISR                             
0     00008a6c  _UPPA_ISR                             
0     00008a76  _TIMER2_ISR                           
0     00008a80  _TIMER1_ISR                           
0     00008a8a  _TIMER0_ISR                           
0     00008a94  _SYS_PLL_SLIP_ISR                     
0     00008a9e  _SPIC_TX_ISR                          
0     00008aa8  _SPIC_RX_ISR                          
0     00008ab2  _SPIB_TX_ISR                          
0     00008abc  _SPIB_RX_ISR                          
0     00008ac6  _SPIA_TX_ISR                          
0     00008ad0  _SPIA_RX_ISR                          
0     00008ada  _SD2_ISR                              
0     00008ae4  _SD1_ISR                              
0     00008aee  _SCID_TX_ISR                          
0     00008af8  _SCID_RX_ISR                          
0     00008b02  _SCIC_TX_ISR                          
0     00008b0c  _SCIC_RX_ISR                          
0     00008b16  _SCIB_TX_ISR                          
0     00008b20  _SCIB_RX_ISR                          
0     00008b2a  _SCIA_TX_ISR                          
0     00008b34  _SCIA_RX_ISR                          
0     00008b3e  _RTOS_ISR                             
0     00008b48  _RAM_CORRECTABLE_ERROR_ISR            
0     00008b52  _RAM_ACCESS_VIOLATION_ISR             
0     00008b5c  _PIE_RESERVED_ISR                     
0     00008b66  _NOTUSED_ISR                          
0     00008b70  _NMI_ISR                              
0     00008b7a  _MCBSPB_TX_ISR                        
0     00008b84  _MCBSPB_RX_ISR                        
0     00008b8e  _MCBSPA_TX_ISR                        
0     00008b98  _MCBSPA_RX_ISR                        
0     00008ba2  _IPC3_ISR                             
0     00008bac  _IPC2_ISR                             
0     00008bb6  _IPC1_ISR                             
0     00008bc0  _IPC0_ISR                             
0     00008bca  _ILLEGAL_ISR                          
0     00008bd4  _I2CB_ISR                             
0     00008bde  _I2CB_FIFO_ISR                        
0     00008be8  _I2CA_ISR                             
0     00008bf2  _I2CA_FIFO_ISR                        
0     00008bfc  _FPU_UNDERFLOW_ISR                    
0     00008c06  _FPU_OVERFLOW_ISR                     
0     00008c10  _FLASH_CORRECTABLE_ERROR_ISR          
0     00008c1a  _EQEP3_ISR                            
0     00008c24  _EQEP2_ISR                            
0     00008c2e  _EQEP1_ISR                            
0     00008c38  _EPWM9_TZ_ISR                         
0     00008c42  _EPWM9_ISR                            
0     00008c4c  _EPWM8_TZ_ISR                         
0     00008c56  _EPWM8_ISR                            
0     00008c60  _EPWM7_TZ_ISR                         
0     00008c6a  _EPWM7_ISR                            
0     00008c74  _EPWM6_TZ_ISR                         
0     00008c7e  _EPWM6_ISR                            
0     00008c88  _EPWM5_TZ_ISR                         
0     00008c92  _EPWM5_ISR                            
0     00008c9c  _EPWM4_TZ_ISR                         
0     00008ca6  _EPWM4_ISR                            
0     00008cb0  _EPWM3_TZ_ISR                         
0     00008cba  _EPWM3_ISR                            
0     00008cc4  _EPWM2_TZ_ISR                         
0     00008cce  _EPWM2_ISR                            
0     00008cd8  _EPWM1_TZ_ISR                         
0     00008ce2  _EPWM1_ISR                            
0     00008cec  _EPWM12_TZ_ISR                        
0     00008cf6  _EPWM12_ISR                           
0     00008d00  _EPWM11_TZ_ISR                        
0     00008d0a  _EPWM11_ISR                           
0     00008d14  _EPWM10_TZ_ISR                        
0     00008d1e  _EPWM10_ISR                           
0     00008d28  _EMU_ISR                              
0     00008d32  _EMPTY_ISR                            
0     00008d3f  _EMIF_ERROR_ISR                       
0     00008d49  _ECAP6_ISR                            
0     00008d53  _ECAP5_ISR                            
0     00008d5d  _ECAP4_ISR                            
0     00008d67  _ECAP3_ISR                            
0     00008d71  _ECAP2_ISR                            
0     00008d7b  _ECAP1_ISR                            
0     00008d85  _DMA_CH6_ISR                          
0     00008d8f  _DMA_CH5_ISR                          
0     00008d99  _DMA_CH4_ISR                          
0     00008da3  _DMA_CH3_ISR                          
0     00008dad  _DMA_CH2_ISR                          
0     00008db7  _DMA_CH1_ISR                          
0     00008dc1  _DATALOG_ISR                          
0     00008dcb  _CLA_UNDERFLOW_ISR                    
0     00008dd5  _CLA_OVERFLOW_ISR                     
0     00008ddf  _CLA1_8_ISR                           
0     00008de9  _CLA1_7_ISR                           
0     00008df3  _CLA1_6_ISR                           
0     00008dfd  _CLA1_5_ISR                           
0     00008e07  _CLA1_4_ISR                           
0     00008e11  _CLA1_3_ISR                           
0     00008e1b  _CLA1_2_ISR                           
0     00008e25  _CLA1_1_ISR                           
0     00008e2f  _CANB1_ISR                            
0     00008e39  _CANB0_ISR                            
0     00008e43  _CANA1_ISR                            
0     00008e4d  _CANA0_ISR                            
0     00008e57  _AUX_PLL_SLIP_ISR                     
0     00008e61  _ADCD_EVT_ISR                         
0     00008e6b  _ADCD4_ISR                            
0     00008e75  _ADCD3_ISR                            
0     00008e7f  _ADCD2_ISR                            
0     00008e89  _ADCD1_ISR                            
0     00008e93  _ADCC_EVT_ISR                         
0     00008e9d  _ADCC4_ISR                            
0     00008ea7  _ADCC3_ISR                            
0     00008eb1  _ADCC2_ISR                            
0     00008ebb  _ADCC1_ISR                            
0     00008ec5  _ADCB_EVT_ISR                         
0     00008ecf  _ADCB4_ISR                            
0     00008ed9  _ADCB3_ISR                            
0     00008ee3  _ADCB2_ISR                            
0     00008eed  _ADCB1_ISR                            
0     00008ef7  _ADCA_EVT_ISR                         
0     00008f01  _ADCA4_ISR                            
0     00008f0b  _ADCA3_ISR                            
0     00008f15  _ADCA2_ISR                            
0     00008f1f  _ADCA1_ISR                            
0     00008f29  _SysXtalOscSel                        
0     00008f35  _SysIntOsc2Sel                        
0     00008f3f  _SysIntOsc1Sel                        
0     00008f49  _ServiceDog                           
0     00008f57  _SeizeFlashPump                       
0     00008f69  _STANDBY                              
0     00008f74  _ReleaseFlashPump                     
0     00008f7e  _InitSysPll                           
0     0000903d  _DisableDog                           
0     0000904a  _InitPeripheralClocks                 
0     000090f3  _InitSysCtrl                          
0     0000912b  _AuxAuxClkSel                         
0     00009135  _AuxXtalOscSel                        
0     00009146  _AuxIntOsc2Sel                        
0     00009153  _InitAuxPll                           
0     0000922b  _IDLE                                 
0     00009234  _DisablePeripheralClocks              
0     00009252  _HIB                                  
0     00009271  _HALT                                 
0     0000928a  _CsmUnlock                            
0     000092ab  _cmpssConfig                          
0     00009329  _PwmTripConfig                        
0     00009366  _ENABLE_INVERTER                      
0     00009372  _CMPSS_DIG_FILTER                     
0     000093b6  _DISABLE_INVERTER                     
0     000093c2  _DMC_Protection                       
0     00009497  _DMC2_Protection_Config               
0     0000951a  _DMC1_Protection_Config               
0     0000959f  _MotorControlISR                      
0     00009841  _PWM_1ch_UpDwnCnt_CNF_noDB            
0     0000987b  _PWM_1ch_UpDwnCnt_CNF                 
0     000098c3  _InitSysCtrl1                         
0     000098fb  _InitSpiRegs_DRV830x                  
0     00009914  _InitMotor2_DRV_Gpio                  
0     00009923  _InitMotor2SpiGpio                    
0     0000994c  _InitMotor2EQepGpio                   
0     0000996b  _InitMotor2EPwmGpio                   
0     000099a8  _InitMotor1_DRV_Gpio                  
0     000099b7  _InitMotor1SpiGpio                    
0     000099e0  _InitMotor1EQepGpio                   
0     000099ff  _InitMotor1EPwmGpio                   
0     00009a3c  _ConfigureADC                         
0     00009a7f  __nop                                 
0     00009a80  _InitGpio                             
0     00009afd  _GPIO_WritePin                        
0     00009b17  _GPIO_SetupXINT5Gpio                  
0     00009b1e  _GPIO_SetupXINT4Gpio                  
0     00009b25  _GPIO_SetupXINT3Gpio                  
0     00009b2c  _GPIO_SetupXINT2Gpio                  
0     00009b33  _GPIO_SetupXINT1Gpio                  
0     00009b3a  _GPIO_SetupPinOptions                 
0     00009bbf  _GPIO_SetupPinMux                     
0     00009c14  _GPIO_SetupLock                       
0     00009c36  _GPIO_ReadPin                         
0     00009c4a  _GPIO_EnableUnbondedIOPullupsFor176Pin
0     00009c63  _GPIO_EnableUnbondedIOPullupsFor100Pin
0     00009c88  _GPIO_EnableUnbondedIOPullups         
0     00009c98  _AdcSetMode                           
0     00009d7a  _PwmDac_config_AB                     
0     00009dce  _InitPwmDacGpio                       
0     00009de3  _PwmDac_Init                          
0     00009e04  _PwmDac4                              
0     00009e14  _PwmDac3                              
0     00009e24  _PwmDac2                              
0     00009e34  _PwmDac1                              
0     00009e44  _DLOG_4CH_F_init                      
0     00009e70  _DLOG_4CH_F_FUNC                      
0     00009ed3  FS$$DIV                               
0     00009f5b  _c_int00                              
0     00009fb1  L$$DIV                                
0     00009fc0  L$$MOD                                
0     00009fce  UL$$DIV                               
0     00009fd5  UL$$MOD                               
0     00009fdb  C$$EXIT                               
0     00009fdb  _abort                                
0     00009fdd  _exit                                 
0     0000a004  _InitPieCtrl                          
0     0000a023  _EnableInterrupts                     
0     0000a02c  _copy_in                              
0     0000a050  _memcpy                               
0     0000a06c  _FCL_initPWM                          
0     0000a07f  __args_main                           
0     0000a091  _InitPieVectTable                     
0     0000a0a2  _FCL_GetSwVersion                     
0     0000a0a4  __system_pre_init                     
0     0000a0a6  __system_post_cinit                   
0     00010000  ___cinit__                            
0     00010000  cinit                                 
1     00000400  __stack                               
1     00000780  __STACK_END                           
1     00000b00  _AdcaResultRegs                       
1     00000b20  _AdcbResultRegs                       
1     00000b40  _AdccResultRegs                       
1     00000b60  _AdcdResultRegs                       
1     00000c00  _CpuTimer0Regs                        
1     00000c08  _CpuTimer1Regs                        
1     00000c10  _CpuTimer2Regs                        
1     00000ce0  _PieCtrlRegs                          
1     00000d00  _EmuKey                               
1     00000d00  _PieVectTable                         
1     00000d01  _EmuBMode                             
1     00001000  _DmaRegs                              
1     00001400  _Cla1Regs                             
1     00004000  _EPwm1Regs                            
1     00004100  _EPwm2Regs                            
1     00004200  _EPwm3Regs                            
1     00004300  _EPwm4Regs                            
1     00004400  _EPwm5Regs                            
1     00004500  _EPwm6Regs                            
1     00004600  _EPwm7Regs                            
1     00004700  _EPwm8Regs                            
1     00004800  _EPwm9Regs                            
1     00004900  _EPwm10Regs                           
1     00004a00  _EPwm11Regs                           
1     00004b00  _EPwm12Regs                           
1     00005000  _ECap1Regs                            
1     00005020  _ECap2Regs                            
1     00005040  _ECap3Regs                            
1     00005060  _ECap4Regs                            
1     00005080  _ECap5Regs                            
1     000050a0  _ECap6Regs                            
1     00005100  _EQep1Regs                            
1     00005140  _EQep2Regs                            
1     00005180  _EQep3Regs                            
1     00005c00  _DacaRegs                             
1     00005c10  _DacbRegs                             
1     00005c20  _DaccRegs                             
1     00005c80  _Cmpss1Regs                           
1     00005ca0  _Cmpss2Regs                           
1     00005cc0  _Cmpss3Regs                           
1     00005ce0  _Cmpss4Regs                           
1     00005d00  _Cmpss5Regs                           
1     00005d20  _Cmpss6Regs                           
1     00005d40  _Cmpss7Regs                           
1     00005d60  _Cmpss8Regs                           
1     00005e00  _Sdfm1Regs                            
1     00005e80  _Sdfm2Regs                            
1     00006000  _McbspaRegs                           
1     00006040  _McbspbRegs                           
1     00006100  _SpiaRegs                             
1     00006110  _SpibRegs                             
1     00006120  _SpicRegs                             
1     00006200  _UppRegs                              
1     00007000  _WdRegs                               
1     00007060  _NmiIntruptRegs                       
1     00007070  _XintRegs                             
1     00007200  _SciaRegs                             
1     00007210  _ScibRegs                             
1     00007220  _ScicRegs                             
1     00007230  _ScidRegs                             
1     00007300  _I2caRegs                             
1     00007340  _I2cbRegs                             
1     00007400  _AdcaRegs                             
1     00007480  _AdcbRegs                             
1     00007500  _AdccRegs                             
1     00007580  _AdcdRegs                             
1     00007900  _InputXbarRegs                        
1     00007920  _XbarRegs                             
1     00007940  _SyncSocRegs                          
1     00007980  _DmaClaSrcSelRegs                     
1     00007a00  _EPwmXbarRegs                         
1     00007a80  _OutputXbarRegs                       
1     00007c00  _GpioCtrlRegs                         
1     00007f00  _GpioDataRegs                         
1     0000b000  _SerialCommsTimer                     
1     0000b001  _CommsOKflg                           
1     0000b002  _FCL_CNTLR                            
1     0000b003  _sfraTestLoop                         
1     0000b004  _loadMotor                            
1     0000b005  _QepCalibSm                           
1     0000b006  _QepCalFlag                           
1     0000b007  _QepRecalFlag                         
1     0000b008  _fcl_cycle_count                      
1     0000b009  _fcl_ClrCntr                          
1     0000b00a  _fcl_cycle_count_max                  
1     0000b00b  _pwmTBPeriod                          
1     0000b00c  _EnableFlag                           
1     0000b00d  _BackTicker                           
1     0000b00e  _LedCnt                               
1     0000b00f  _OffsetCalCounter                     
1     0000b012  _FF_COMP                              
1     0000b014  _COMPLEX_PIC                          
1     0000b016  _Alpha_State_Ptr                      
1     0000b018  _A_Task_Ptr                           
1     0000b01a  _B_Task_Ptr                           
1     0000b01c  _C_Task_Ptr                           
1     0000b01e  _adc_cal                              
1     0000b020  _sfraCollectStart                     
1     0000b022  _SFRA_noise                           
1     0000b024  _maxModIndex                          
1     0000b026  _fcl_LatencyInMicroSec                
1     0000b028  _IsrTicker                            
1     0000b02a  _K1                                   
1     0000b02c  _K2                                   
1     0000b02e  _IdRef_start                          
1     0000b030  _IdRef_run                            
1     0000b032  _DlogCh1                              
1     0000b034  _DlogCh2                              
1     0000b036  _DlogCh3                              
1     0000b038  _DlogCh4                              
1     0000b03a  _dispVar1                             
1     0000b03c  _dispVar2                             
1     0000b040  _dlog_4ch1                            
1     0000b080  _motor1                               
1     0000b280  _motor2                               
1     0000b44e  _SFRA_InitFlag                        
1     0000b450  _sfraControl                          
1     0000b460  _SFRA1                                
1     0000b478  _clkPrescale                          
1     0000b479  _sampwin                              
1     0000b47a  _thresh                               
1     0000b47b  _OCP_curHi                            
1     0000b47c  _OCP_curLo                            
1     0000b47e  _curLimit                             
1     0000b480  _DBUFF_4CH1                           
1     0000b610  _LowByteFlag                          
1     0000b611  _SendTaskPtr                          
1     0000b612  _RxChar                               
1     0000b613  _RxWord                               
1     0000b614  _TaskDoneFlag                         
1     0000b615  _NumWords                             
1     0000b616  _wordsLeftToGet                       
1     0000b617  _dataOut16                            
1     0000b618  _RcvTskPtrShdw                        
1     0000b619  _delayer                              
1     0000b61a  _MemGetPtr                            
1     0000b61b  _MemGetAmount                         
1     0000b61c  _MemSetPtr                            
1     0000b61e  _RcvTaskPointer                       
1     0000b620  _dataOut32                            
1     0000b622  _memDataPtr16                         
1     0000b624  _memDataPtr32                         
1     0000b626  _MemGetAddress                        
1     0000b628  _MemSetValue                          
1     0000b62a  _Temp                                 
1     0000b62c  ___TI_enable_exit_profile_output      
1     0000b62e  ___TI_cleanup_ptr                     
1     0000b630  ___TI_dtors_ptr                       
1     0000b632  _VTimer0                              
1     0000b636  _VTimer1                              
1     0000b63a  _VTimer2                              
1     0000b63e  __lock                                
1     0000b640  _DBUFF_4CH2                           
1     0000b7d0  _Pwmdac12_PwmRegs                     
1     0000b7d2  _Pwmdac34_PwmRegs                     
1     0000b7d4  __unlock                              
1     0000b7d6  _errno                                
1     0000b800  _DBUFF_4CH3                           
1     0000b9c0  _DBUFF_4CH4                           
1     0000bb50  _PieVectTableInit                     
1     00017000  _SFRA_F_state                         
1     00017001  _SFRA_F_StateSlew                     
1     00017002  _SFRA_F_step                          
1     00017004  _SFRA_F_pointer                       
1     00017006  _SFRA_F_amplitude                     
1     00017008  _SFRA_F_Scalar                        
1     0001700a  _SFRA_F_windowSamples                 
1     0001700c  _SFRA_F_Angle                         
1     0001700e  _SFRA_F_preCount                      
1     00017010  _SFRA_F_uCosSum                       
1     00017012  _SFRA_F_ySinSum                       
1     00017014  _SFRA_F_rCosSum                       
1     00017016  _SFRA_F_uSinSum                       
1     00017018  _SFRA_F_rSinSum                       
1     0001701a  _SFRA_F_reference                     
1     0001701c  _SFRA_F_count                         
1     0001701e  _SFRA_F_tableptr                      
1     00017020  _SFRA_F_tableptrStart                 
1     00017022  _SFRA_F_yCosSum                       
1     00047000  _Emif1Regs                            
1     00047800  _Emif2Regs                            
1     00048000  _CanaRegs                             
1     0004a000  _CanbRegs                             
1     00050000  _IpcRegs                              
1     00050024  _FlashPumpSemaphoreRegs               
1     0005d000  _DevCfgRegs                           
1     0005d180  _AnalogSubsysRegs                     
1     0005d200  _ClkCfgRegs                           
1     0005d300  _CpuSysRegs                           
1     0005e608  _RomPrefetchRegs                      
1     0005f000  _DcsmZ1Regs                           
1     0005f040  _DcsmZ2Regs                           
1     0005f070  _DcsmCommonRegs                       
1     0005f400  _MemCfgRegs                           
1     0005f480  _Emif1ConfigRegs                      
1     0005f4a0  _Emif2ConfigRegs                      
1     0005f4c0  _AccessProtectionRegs                 
1     0005f500  _MemoryErrorRegs                      
1     0005f540  _RomWaitStateRegs                     
1     0005f800  _Flash0CtrlRegs                       
1     0005fb00  _Flash0EccRegs                        
1     00078000  _DcsmZ1Otp                            
1     00078200  _DcsmZ2Otp                            
abs   00000380  __STACK_SIZE                          
abs   ffffffff  .text                                 
abs   ffffffff  ___TI_pprof_out_hndl                  
abs   ffffffff  ___TI_prof_data_size                  
abs   ffffffff  ___TI_prof_data_start                 
abs   ffffffff  ___binit__                            
abs   ffffffff  ___c_args__                           
abs   ffffffff  ___etext__                            
abs   ffffffff  ___pinit__                            
abs   ffffffff  ___text__                             
abs   ffffffff  binit                                 
abs   ffffffff  etext                                 
abs   ffffffff  pinit                                 

[468 symbols]
